Component: Arm Compiler for Embedded 6.23 Tool: armlink [5f102400]

==============================================================================

Section Cross References

    startup_stm32h723xx.o(STACK) refers (Special) to heapauxi.o(.text) for __use_two_region_memory
    startup_stm32h723xx.o(HEAP) refers (Special) to heapauxi.o(.text) for __use_two_region_memory
    startup_stm32h723xx.o(RESET) refers (Special) to heapauxi.o(.text) for __use_two_region_memory
    startup_stm32h723xx.o(RESET) refers to startup_stm32h723xx.o(STACK) for __initial_sp
    startup_stm32h723xx.o(RESET) refers to startup_stm32h723xx.o(.text) for Reset_Handler
    startup_stm32h723xx.o(RESET) refers to stm32h7xx_it.o(.text.NMI_Handler) for NMI_Handler
    startup_stm32h723xx.o(RESET) refers to stm32h7xx_it.o(.text.HardFault_Handler) for HardFault_Handler
    startup_stm32h723xx.o(RESET) refers to stm32h7xx_it.o(.text.MemManage_Handler) for MemManage_Handler
    startup_stm32h723xx.o(RESET) refers to stm32h7xx_it.o(.text.BusFault_Handler) for BusFault_Handler
    startup_stm32h723xx.o(RESET) refers to stm32h7xx_it.o(.text.UsageFault_Handler) for UsageFault_Handler
    startup_stm32h723xx.o(RESET) refers to stm32h7xx_it.o(.text.SVC_Handler) for SVC_Handler
    startup_stm32h723xx.o(RESET) refers to stm32h7xx_it.o(.text.DebugMon_Handler) for DebugMon_Handler
    startup_stm32h723xx.o(RESET) refers to stm32h7xx_it.o(.text.PendSV_Handler) for PendSV_Handler
    startup_stm32h723xx.o(RESET) refers to stm32h7xx_it.o(.text.SysTick_Handler) for SysTick_Handler
    startup_stm32h723xx.o(RESET) refers to stm32h7xx_it.o(.text.TIM3_IRQHandler) for TIM3_IRQHandler
    startup_stm32h723xx.o(RESET) refers to stm32h7xx_it.o(.text.TIM6_DAC_IRQHandler) for TIM6_DAC_IRQHandler
    startup_stm32h723xx.o(RESET) refers to stm32h7xx_it.o(.text.UART9_IRQHandler) for UART9_IRQHandler
    startup_stm32h723xx.o(RESET) refers to stm32h7xx_it.o(.text.TIM24_IRQHandler) for TIM24_IRQHandler
    startup_stm32h723xx.o(.text) refers (Special) to heapauxi.o(.text) for __use_two_region_memory
    startup_stm32h723xx.o(.text) refers to system_stm32h7xx.o(.text.SystemInit) for SystemInit
    startup_stm32h723xx.o(.text) refers to __main.o(!!!main) for __main
    startup_stm32h723xx.o(.text) refers to startup_stm32h723xx.o(HEAP) for Heap_Mem
    startup_stm32h723xx.o(.text) refers to startup_stm32h723xx.o(STACK) for Stack_Mem
    main.o(.text) refers (Special) to use_no_semi_2.o(.text) for __use_no_semihosting
    main.o(.text._ttywrch) refers (Special) to use_no_semi_2.o(.text) for __use_no_semihosting
    main.o(.ARM.exidx.text._ttywrch) refers (Special) to use_no_semi_2.o(.text) for __use_no_semihosting
    main.o(.ARM.exidx.text._ttywrch) refers to main.o(.text._ttywrch) for [Anonymous Symbol]
    main.o(.text._sys_exit) refers (Special) to use_no_semi_2.o(.text) for __use_no_semihosting
    main.o(.ARM.exidx.text._sys_exit) refers (Special) to use_no_semi_2.o(.text) for __use_no_semihosting
    main.o(.ARM.exidx.text._sys_exit) refers to main.o(.text._sys_exit) for [Anonymous Symbol]
    main.o(.text._sys_command_string) refers (Special) to use_no_semi_2.o(.text) for __use_no_semihosting
    main.o(.ARM.exidx.text._sys_command_string) refers (Special) to use_no_semi_2.o(.text) for __use_no_semihosting
    main.o(.ARM.exidx.text._sys_command_string) refers to main.o(.text._sys_command_string) for [Anonymous Symbol]
    main.o(.text.fputc) refers (Special) to use_no_semi_2.o(.text) for __use_no_semihosting
    main.o(.text.fputc) refers to main.o(.bss.huart9) for huart9
    main.o(.text.fputc) refers to stm32h7xx_hal_uart.o(.text.HAL_UART_Transmit) for HAL_UART_Transmit
    main.o(.ARM.exidx.text.fputc) refers (Special) to use_no_semi_2.o(.text) for __use_no_semihosting
    main.o(.ARM.exidx.text.fputc) refers to main.o(.text.fputc) for [Anonymous Symbol]
    main.o(.text.main) refers (Special) to use_no_semi_2.o(.text) for __use_no_semihosting
    main.o(.text.main) refers to stm32h7xx_hal.o(.text.HAL_Init) for HAL_Init
    main.o(.text.main) refers to main.o(.text.SystemClock_Config) for SystemClock_Config
    main.o(.text.main) refers to stm32h7xx_hal_gpio.o(.text.HAL_GPIO_WritePin) for HAL_GPIO_WritePin
    main.o(.text.main) refers to stm32h7xx_hal_gpio.o(.text.HAL_GPIO_Init) for HAL_GPIO_Init
    main.o(.text.main) refers to main.o(.bss..L_MergedGlobals.12) for .L_MergedGlobals.12
    main.o(.text.main) refers to stm32h7xx_hal_tim.o(.text.HAL_TIM_Base_Init) for HAL_TIM_Base_Init
    main.o(.text.main) refers to stm32h7xx_hal_tim.o(.text.HAL_TIM_ConfigClockSource) for HAL_TIM_ConfigClockSource
    main.o(.text.main) refers to stm32h7xx_hal_tim.o(.text.HAL_TIM_PWM_Init) for HAL_TIM_PWM_Init
    main.o(.text.main) refers to stm32h7xx_hal_tim_ex.o(.text.HAL_TIMEx_MasterConfigSynchronization) for HAL_TIMEx_MasterConfigSynchronization
    main.o(.text.main) refers to stm32h7xx_hal_tim.o(.text.HAL_TIM_PWM_ConfigChannel) for HAL_TIM_PWM_ConfigChannel
[...]
    .L_MergedGlobals                         0x2400001c   Data           8  system_stm32h7xx.o(.data..L_MergedGlobals)
    [Anonymous Symbol]                       0x2400001c   Section        0  system_stm32h7xx.o(.data..L_MergedGlobals)
    .L_MergedGlobals                         0x24000024   Data         124  menu.o(.data..L_MergedGlobals)
    [Anonymous Symbol]                       0x24000024   Section        0  menu.o(.data..L_MergedGlobals)
    .bss                                     0x240000b0   Section       96  libspace.o(.bss)
    .L_MergedGlobals                         0x24000110   Data          72  my_interrupt.o(.bss..L_MergedGlobals)
    [Anonymous Symbol]                       0x24000110   Section        0  my_interrupt.o(.bss..L_MergedGlobals)
    .L_MergedGlobals                         0x24000158   Data          10  serial.o(.bss..L_MergedGlobals)
    s_rx_byte                                0x24000158   Data           1  serial.o(.bss..L_MergedGlobals)
    [Anonymous Symbol]                       0x24000158   Section        0  serial.o(.bss..L_MergedGlobals)
    s_queue_count                            0x24000159   Data           1  serial.o(.bss..L_MergedGlobals)
    HAL_UART_RxCpltCallback.receiving_packet 0x2400015a   Data           1  serial.o(.bss..L_MergedGlobals)
    s_queue_tail                             0x2400015c   Data           2  serial.o(.bss..L_MergedGlobals)
    s_rx_index                               0x2400015e   Data           2  serial.o(.bss..L_MergedGlobals)
    s_queue_head                             0x24000160   Data           2  serial.o(.bss..L_MergedGlobals)
    .L_MergedGlobals                         0x24000164   Data          20  servo.o(.bss..L_MergedGlobals)
    s_htim                                   0x24000164   Data           4  servo.o(.bss..L_MergedGlobals)
    [Anonymous Symbol]                       0x24000164   Section        0  servo.o(.bss..L_MergedGlobals)
    s_channel1                               0x24000168   Data           4  servo.o(.bss..L_MergedGlobals)
    s_channel2                               0x2400016c   Data           4  servo.o(.bss..L_MergedGlobals)
    .L_MergedGlobals                         0x24000178   Data          80  packet_parser.o(.bss..L_MergedGlobals)
    [Anonymous Symbol]                       0x24000178   Section        0  packet_parser.o(.bss..L_MergedGlobals)
    .L_MergedGlobals.12                      0x240001c8   Data          88  main.o(.bss..L_MergedGlobals.12)
    menu_mode3.style                         0x240001c8   Data           1  main.o(.bss..L_MergedGlobals.12)
    [Anonymous Symbol]                       0x240001c8   Section        0  main.o(.bss..L_MergedGlobals.12)
    menu_mode3.move_cri.0                    0x240001cc   Data           4  main.o(.bss..L_MergedGlobals.12)
    menu_mode3.move_cri.1                    0x240001d0   Data           4  main.o(.bss..L_MergedGlobals.12)
    menu_mode2.move_distance.1               0x240007b4   Data           4  main.o(.bss.menu_mode2.move_distance.1)
    [Anonymous Symbol]                       0x240007b4   Section        0  main.o(.bss.menu_mode2.move_distance.1)
    s_packet_queue                           0x2400083c   Data         650  serial.o(.bss.s_packet_queue)
    [Anonymous Symbol]                       0x2400083c   Section        0  serial.o(.bss.s_packet_queue)
    s_rx_buffer                              0x24000ac8   Data         128  serial.o(.bss.s_rx_buffer)
    [Anonymous Symbol]                       0x24000ac8   Section        0  serial.o(.bss.s_rx_buffer)
    Heap_Mem                                 0x24000b50   Data         512  startup_stm32h723xx.o(HEAP)
    HEAP                                     0x24000b50   Section      512  startup_stm32h723xx.o(HEAP)
    Stack_Mem                                0x24000d50   Data        1024  startup_stm32h723xx.o(STACK)
    STACK                                    0x24000d50   Section     1024  startup_stm32h723xx.o(STACK)
    __initial_sp                             0x24001150   Data           0  startup_stm32h723xx.o(STACK)

    Global Symbols

    Symbol Name                              Value     Ov Type        Size  Object(Section)

    BuildAttributes$$THM_ISAv4$E$P$D$K$B$S$7EM$VFPv5_D16$PE$PLD8$A:L22UL41UL21$X:L11$S22US41US21$IEEE1$IW$~IW$USESV6$~STKCKD$USESV7$~SHL$OTIME$ROPI$IEEEX$EBA8$UX$STANDARDLIB$REQ8$PRES8$EABIv2 0x00000000   Number         0  anon$$obj.o ABSOLUTE
    _printf_flags                            0x00000000   Number         0  printf_stubs.o ABSOLUTE
    _printf_return_value                     0x00000000   Number         0  printf_stubs.o ABSOLUTE
    _printf_sizespec                         0x00000000   Number         0  printf_stubs.o ABSOLUTE
    _printf_widthprec                        0x00000000   Number         0  printf_stubs.o ABSOLUTE
    __ARM_exceptions_init                     - Undefined Weak Reference
    __alloca_initialize                       - Undefined Weak Reference
    __arm_preinit_                            - Undefined Weak Reference
    __arm_relocate_pie_                       - Undefined Weak Reference
    __cpp_initialize__aeabi_                  - Undefined Weak Reference
    __cxa_finalize                            - Undefined Weak Reference
    __sigvec_lookup                           - Undefined Weak Reference
    _atexit_init                              - Undefined Weak Reference
    _call_atexit_fns                          - Undefined Weak Reference
    _clock_init                               - Undefined Weak Reference
    _fp_trap_init                             - Undefined Weak Reference
    _fp_trap_shutdown                         - Undefined Weak Reference
    _get_lc_collate                           - Undefined Weak Reference
    _get_lc_monetary                          - Undefined Weak Reference
    _get_lc_time                              - Undefined Weak Reference
    _getenv_init                              - Undefined Weak Reference
    _handle_redirection                       - Undefined Weak Reference
    _init_alloc                               - Undefined Weak Reference
    _init_user_alloc                          - Undefined Weak Reference
    _initio                                   - Undefined Weak Reference
    _printf_mbtowc                            - Undefined Weak Reference
    _printf_wc                                - Undefined Weak Reference
    _rand_init                                - Undefined Weak Reference
    _scanf_longlong                           - Undefined Weak Reference
    _scanf_mbtowc                             - Undefined Weak Reference
    _scanf_real                               - Undefined Weak Reference
    _scanf_string                             - Undefined Weak Reference
    _scanf_wctomb                             - Undefined Weak Reference
    _scanf_wstring                            - Undefined Weak Reference
    _signal_finish                            - Undefined Weak Reference
    _signal_init                              - Undefined Weak Reference
    _terminate_alloc                          - Undefined Weak Reference
    _terminate_user_alloc                     - Undefined Weak Reference
    _terminateio                              - Undefined Weak Reference
    __Vectors_Size                           0x000002cc   Number         0  startup_stm32h723xx.o ABSOLUTE
    __Vectors                                0x08000000   Data           4  startup_stm32h723xx.o(RESET)
    __Vectors_End                            0x080002cc   Data           0  startup_stm32h723xx.o(RESET)
    __main                                   0x080002cd   Thumb Code     8  __main.o(!!!main)
    __scatterload                            0x080002d5   Thumb Code     0  __scatter.o(!!!scatter)
    __scatterload_rt2                        0x080002d5   Thumb Code    84  __scatter.o(!!!scatter)
    __scatterload_rt2_thumb_only             0x080002d5   Thumb Code     0  __scatter.o(!!!scatter)
    __scatterload_loop                       0x080002df   Thumb Code     0  __scatter.o(!!!scatter)
    __scatterload_copy                       0x08000331   Thumb Code    26  __scatter_copy.o(!!handler_copy)
    __scatterload_null                       0x0800034d   Thumb Code     2  __scatter.o(!!handler_null)
    __scatterload_zeroinit                   0x08000351   Thumb Code    28  __scatter_zi.o(!!handler_zi)
    __rt_lib_init                            0x0800036d   Thumb Code     0  libinit.o(.ARM.Collect$$libinit$$00000000)
    __rt_lib_init_fp_1                       0x0800036f   Thumb Code     0  libinit2.o(.ARM.Collect$$libinit$$00000001)
    __rt_lib_init_heap_1                     0x08000373   Thumb Code     0  libinit2.o(.ARM.Collect$$libinit$$0000000C)
    __rt_lib_init_lc_common                  0x08000373   Thumb Code     0  libinit2.o(.ARM.Collect$$libinit$$00000011)
    __rt_lib_init_preinit_1                  0x08000373   Thumb Code     0  libinit2.o(.ARM.Collect$$libinit$$00000006)
    __rt_lib_init_rand_1                     0x08000373   Thumb Code     0  libinit2.o(.ARM.Collect$$libinit$$00000010)
    __rt_lib_init_relocate_pie_1             0x08000373   Thumb Code     0  libinit2.o(.ARM.Collect$$libinit$$00000004)
    __rt_lib_init_user_alloc_1               0x08000373   Thumb Code     0  libinit2.o(.ARM.Collect$$libinit$$0000000E)
    __rt_lib_init_lc_collate_1               0x08000379   Thumb Code     0  libinit2.o(.ARM.Collect$$libinit$$00000013)
    __rt_lib_init_lc_ctype_2                 0x08000379   Thumb Code     0  libinit2.o(.ARM.Collect$$libinit$$00000014)
    __rt_lib_init_alloca_1                   0x08000385   Thumb Code     0  libinit2.o(.ARM.Collect$$libinit$$00000030)
    __rt_lib_init_argv_1                     0x08000385   Thumb Code     0  libinit2.o(.ARM.Collect$$libinit$$0000002E)
    __rt_lib_init_atexit_1                   0x08000385   Thumb Code     0  libinit2.o(.ARM.Collect$$libinit$$0000001D)
    __rt_lib_init_clock_1                    0x08000385   Thumb Code     0  libinit2.o(.ARM.Collect$$libinit$$00000023)
    __rt_lib_init_cpp_1                      0x08000385   Thumb Code     0  libinit2.o(.ARM.Collect$$libinit$$00000034)
    __rt_lib_init_exceptions_1               0x08000385   Thumb Code     0  libinit2.o(.ARM.Collect$$libinit$$00000032)
    __rt_lib_init_fp_trap_1                  0x08000385   Thumb Code     0  libinit2.o(.ARM.Collect$$libinit$$00000021)
    __rt_lib_init_getenv_1                   0x08000385   Thumb Code     0  libinit2.o(.ARM.Collect$$libinit$$00000025)
    __rt_lib_init_lc_ctype_1                 0x08000385   Thumb Code     0  libinit2.o(.ARM.Collect$$libinit$$00000015)
    __rt_lib_init_lc_monetary_1              0x08000385   Thumb Code     0  libinit2.o(.ARM.Collect$$libinit$$00000017)
    __rt_lib_init_lc_numeric_1               0x08000385   Thumb Code     0  libinit2.o(.ARM.Collect$$libinit$$00000019)
    __rt_lib_init_lc_time_1                  0x08000385   Thumb Code     0  libinit2.o(.ARM.Collect$$libinit$$0000001B)
    __rt_lib_init_return                     0x08000385   Thumb Code     0  libinit2.o(.ARM.Collect$$libinit$$00000035)
    __rt_lib_init_signal_1                   0x08000385   Thumb Code     0  libinit2.o(.ARM.Collect$$libinit$$0000001F)
    __rt_lib_init_stdio_1                    0x08000385   Thumb Code     0  libinit2.o(.ARM.Collect$$libinit$$00000027)
    __rt_lib_shutdown                        0x08000387   Thumb Code     0  libshutdown.o(.ARM.Collect$$libshutdown$$00000000)
    __rt_lib_shutdown_cpp_1                  0x08000389   Thumb Code     0  libshutdown2.o(.ARM.Collect$$libshutdown$$00000002)
    __rt_lib_shutdown_fp_trap_1              0x08000389   Thumb Code     0  libshutdown2.o(.ARM.Collect$$libshutdown$$00000007)
    __rt_lib_shutdown_heap_1                 0x08000389   Thumb Code     0  libshutdown2.o(.ARM.Collect$$libshutdown$$0000000F)
    __rt_lib_shutdown_return                 0x08000389   Thumb Code     0  libshutdown2.o(.ARM.Collect$$libshutdown$$00000010)
    __rt_lib_shutdown_signal_1               0x08000389   Thumb Code     0  libshutdown2.o(.ARM.Collect$$libshutdown$$0000000A)
    __rt_lib_shutdown_stdio_1                0x08000389   Thumb Code     0  libshutdown2.o(.ARM.Collect$$libshutdown$$00000004)
    __rt_lib_shutdown_user_alloc_1           0x08000389   Thumb Code     0  libshutdown2.o(.ARM.Collect$$libshutdown$$0000000C)
    __rt_entry                               0x0800038b   Thumb Code     0  __rtentry.o(.ARM.Collect$$rtentry$$00000000)
    __rt_entry_presh_1                       0x0800038b   Thumb Code     0  __rtentry2.o(.ARM.Collect$$rtentry$$00000002)
    __rt_entry_sh                            0x0800038b   Thumb Code     0  __rtentry4.o(.ARM.Collect$$rtentry$$00000004)
    __rt_entry_li                            0x08000391   Thumb Code     0  __rtentry2.o(.ARM.Collect$$rtentry$$0000000A)
    __rt_entry_postsh_1                      0x08000391   Thumb Code     0  __rtentry2.o(.ARM.Collect$$rtentry$$00000009)
    __rt_entry_main                          0x08000395   Thumb Code     0  __rtentry2.o(.ARM.Collect$$rtentry$$0000000D)
    __rt_entry_postli_1                      0x08000395   Thumb Code     0  __rtentry2.o(.ARM.Collect$$rtentry$$0000000C)
    __rt_exit                                0x0800039d   Thumb Code     0  rtexit.o(.ARM.Collect$$rtexit$$00000000)
    __rt_exit_ls                             0x0800039f   Thumb Code     0  rtexit2.o(.ARM.Collect$$rtexit$$00000003)
    __rt_exit_prels_1                        0x0800039f   Thumb Code     0  rtexit2.o(.ARM.Collect$$rtexit$$00000002)
    __rt_exit_exit                           0x080003a3   Thumb Code     0  rtexit2.o(.ARM.Collect$$rtexit$$00000004)
    Reset_Handler                            0x080003a9   Thumb Code     8  startup_stm32h723xx.o(.text)
    ADC3_IRQHandler                          0x080003c3   Thumb Code     0  startup_stm32h723xx.o(.text)
    ADC_IRQHandler                           0x080003c3   Thumb Code     0  startup_stm32h723xx.o(.text)
    BDMA_Channel0_IRQHandler                 0x080003c3   Thumb Code     0  startup_stm32h723xx.o(.text)
    BDMA_Channel1_IRQHandler                 0x080003c3   Thumb Code     0  startup_stm32h723xx.o(.text)
    BDMA_Channel2_IRQHandler                 0x080003c3   Thumb Code     0  startup_stm32h723xx.o(.text)
    BDMA_Channel3_IRQHandler                 0x080003c3   Thumb Code     0  startup_stm32h723xx.o(.text)
    BDMA_Channel4_IRQHandler                 0x080003c3   Thumb Code     0  startup_stm32h723xx.o(.text)
    BDMA_Channel5_IRQHandler                 0x080003c3   Thumb Code     0  startup_stm32h723xx.o(.text)
    BDMA_Channel6_IRQHandler                 0x080003c3   Thumb Code     0  startup_stm32h723xx.o(.text)
    BDMA_Channel7_IRQHandler                 0x080003c3   Thumb Code     0  startup_stm32h723xx.o(.text)
    CEC_IRQHandler                           0x080003c3   Thumb Code     0  startup_stm32h723xx.o(.text)
    COMP1_IRQHandler                         0x080003c3   Thumb Code     0  startup_stm32h723xx.o(.text)
    CORDIC_IRQHandler                        0x080003c3   Thumb Code     0  startup_stm32h723xx.o(.text)
    CRS_IRQHandler                           0x080003c3   Thumb Code     0  startup_stm32h723xx.o(.text)
    DCMI_PSSI_IRQHandler                     0x080003c3   Thumb Code     0  startup_stm32h723xx.o(.text)
    DFSDM1_FLT0_IRQHandler                   0x080003c3   Thumb Code     0  startup_stm32h723xx.o(.text)
    DFSDM1_FLT1_IRQHandler                   0x080003c3   Thumb Code     0  startup_stm32h723xx.o(.text)
    DFSDM1_FLT2_IRQHandler                   0x080003c3   Thumb Code     0  startup_stm32h723xx.o(.text)
    DFSDM1_FLT3_IRQHandler                   0x080003c3   Thumb Code     0  startup_stm32h723xx.o(.text)
    DMA1_Stream0_IRQHandler                  0x080003c3   Thumb Code     0  startup_stm32h723xx.o(.text)
    DMA1_Stream1_IRQHandler                  0x080003c3   Thumb Code     0  startup_stm32h723xx.o(.text)
    DMA1_Stream2_IRQHandler                  0x080003c3   Thumb Code     0  startup_stm32h723xx.o(.text)
    DMA1_Stream3_IRQHandler                  0x080003c3   Thumb Code     0  startup_stm32h723xx.o(.text)
    DMA1_Stream4_IRQHandler                  0x080003c3   Thumb Code     0  startup_stm32h723xx.o(.text)
    DMA1_Stream5_IRQHandler                  0x080003c3   Thumb Code     0  startup_stm32h723xx.o(.text)
    DMA1_Stream6_IRQHandler                  0x080003c3   Thumb Code     0  startup_stm32h723xx.o(.text)
    DMA1_Stream7_IRQHandler                  0x080003c3   Thumb Code     0  startup_stm32h723xx.o(.text)
    DMA2D_IRQHandler                         0x080003c3   Thumb Code     0  startup_stm32h723xx.o(.text)
    DMA2_Stream0_IRQHandler                  0x080003c3   Thumb Code     0  startup_stm32h723xx.o(.text)
    DMA2_Stream1_IRQHandler                  0x080003c3   Thumb Code     0  startup_stm32h723xx.o(.text)
    DMA2_Stream2_IRQHandler                  0x080003c3   Thumb Code     0  startup_stm32h723xx.o(.text)
    DMA2_Stream3_IRQHandler                  0x080003c3   Thumb Code     0  startup_stm32h723xx.o(.text)
    DMA2_Stream4_IRQHandler                  0x080003c3   Thumb Code     0  startup_stm32h723xx.o(.text)
    DMA2_Stream5_IRQHandler                  0x080003c3   Thumb Code     0  startup_stm32h723xx.o(.text)
    DMA2_Stream6_IRQHandler                  0x080003c3   Thumb Code     0  startup_stm32h723xx.o(.text)
    DMA2_Stream7_IRQHandler                  0x080003c3   Thumb Code     0  startup_stm32h723xx.o(.text)
    DMAMUX1_OVR_IRQHandler                   0x080003c3   Thumb Code     0  startup_stm32h723xx.o(.text)
    DMAMUX2_OVR_IRQHandler                   0x080003c3   Thumb Code     0  startup_stm32h723xx.o(.text)
    DTS_IRQHandler                           0x080003c3   Thumb Code     0  startup_stm32h723xx.o(.text)
    ECC_IRQHandler                           0x080003c3   Thumb Code     0  startup_stm32h723xx.o(.text)
    ETH_IRQHandler                           0x080003c3   Thumb Code     0  startup_stm32h723xx.o(.text)
    ETH_WKUP_IRQHandler                      0x080003c3   Thumb Code     0  startup_stm32h723xx.o(.text)
    EXTI0_IRQHandler                         0x080003c3   Thumb Code     0  startup_stm32h723xx.o(.text)
    EXTI15_10_IRQHandler                     0x080003c3   Thumb Code     0  startup_stm32h723xx.o(.text)
    EXTI1_IRQHandler                         0x080003c3   Thumb Code     0  startup_stm32h723xx.o(.text)
    EXTI2_IRQHandler                         0x080003c3   Thumb Code     0  startup_stm32h723xx.o(.text)
    EXTI3_IRQHandler                         0x080003c3   Thumb Code     0  startup_stm32h723xx.o(.text)
    EXTI4_IRQHandler                         0x080003c3   Thumb Code     0  startup_stm32h723xx.o(.text)
    EXTI9_5_IRQHandler                       0x080003c3   Thumb Code     0  startup_stm32h723xx.o(.text)
    FDCAN1_IT0_IRQHandler                    0x080003c3   Thumb Code     0  startup_stm32h723xx.o(.text)
    FDCAN1_IT1_IRQHandler                    0x080003c3   Thumb Code     0  startup_stm32h723xx.o(.text)
    FDCAN2_IT0_IRQHandler                    0x080003c3   Thumb Code     0  startup_stm32h723xx.o(.text)
    FDCAN2_IT1_IRQHandler                    0x080003c3   Thumb Code     0  startup_stm32h723xx.o(.text)
    FDCAN3_IT0_IRQHandler                    0x080003c3   Thumb Code     0  startup_stm32h723xx.o(.text)
    FDCAN3_IT1_IRQHandler                    0x080003c3   Thumb Code     0  startup_stm32h723xx.o(.text)
    FDCAN_CAL_IRQHandler                     0x080003c3   Thumb Code     0  startup_stm32h723xx.o(.text)
    FLASH_IRQHandler                         0x080003c3   Thumb Code     0  startup_stm32h723xx.o(.text)
    FMAC_IRQHandler                          0x080003c3   Thumb Code     0  startup_stm32h723xx.o(.text)
    FMC_IRQHandler                           0x080003c3   Thumb Code     0  startup_stm32h723xx.o(.text)
    FPU_IRQHandler                           0x080003c3   Thumb Code     0  startup_stm32h723xx.o(.text)
    HSEM1_IRQHandler                         0x080003c3   Thumb Code     0  startup_stm32h723xx.o(.text)
    I2C1_ER_IRQHandler                       0x080003c3   Thumb Code     0  startup_stm32h723xx.o(.text)
    I2C1_EV_IRQHandler                       0x080003c3   Thumb Code     0  startup_stm32h723xx.o(.text)
    I2C2_ER_IRQHandler                       0x080003c3   Thumb Code     0  startup_stm32h723xx.o(.text)
    I2C2_EV_IRQHandler                       0x080003c3   Thumb Code     0  startup_stm32h723xx.o(.text)
    I2C3_ER_IRQHandler                       0x080003c3   Thumb Code     0  startup_stm32h723xx.o(.text)
    I2C3_EV_IRQHandler                       0x080003c3   Thumb Code     0  startup_stm32h723xx.o(.text)
    I2C4_ER_IRQHandler                       0x080003c3   Thumb Code     0  startup_stm32h723xx.o(.text)
    I2C4_EV_IRQHandler                       0x080003c3   Thumb Code     0  startup_stm32h723xx.o(.text)
    I2C5_ER_IRQHandler                       0x080003c3   Thumb Code     0  startup_stm32h723xx.o(.text)
    I2C5_EV_IRQHandler                       0x080003c3   Thumb Code     0  startup_stm32h723xx.o(.text)
    LPTIM1_IRQHandler                        0x080003c3   Thumb Code     0  startup_stm32h723xx.o(.text)
    LPTIM2_IRQHandler                        0x080003c3   Thumb Code     0  startup_stm32h723xx.o(.text)
    LPTIM3_IRQHandler                        0x080003c3   Thumb Code     0  startup_stm32h723xx.o(.text)
    LPTIM4_IRQHandler                        0x080003c3   Thumb Code     0  startup_stm32h723xx.o(.text)
    LPTIM5_IRQHandler                        0x080003c3   Thumb Code     0  startup_stm32h723xx.o(.text)
    LPUART1_IRQHandler                       0x080003c3   Thumb Code     0  startup_stm32h723xx.o(.text)
    LTDC_ER_IRQHandler                       0x080003c3   Thumb Code     0  startup_stm32h723xx.o(.text)
    LTDC_IRQHandler                          0x080003c3   Thumb Code     0  startup_stm32h723xx.o(.text)
    MDIOS_IRQHandler                         0x080003c3   Thumb Code     0  startup_stm32h723xx.o(.text)
    MDIOS_WKUP_IRQHandler                    0x080003c3   Thumb Code     0  startup_stm32h723xx.o(.text)
    MDMA_IRQHandler                          0x080003c3   Thumb Code     0  startup_stm32h723xx.o(.text)
    OCTOSPI1_IRQHandler                      0x080003c3   Thumb Code     0  startup_stm32h723xx.o(.text)
    OCTOSPI2_IRQHandler                      0x080003c3   Thumb Code     0  startup_stm32h723xx.o(.text)
    OTG_HS_EP1_IN_IRQHandler                 0x080003c3   Thumb Code     0  startup_stm32h723xx.o(.text)
    OTG_HS_EP1_OUT_IRQHandler                0x080003c3   Thumb Code     0  startup_stm32h723xx.o(.text)
    OTG_HS_IRQHandler                        0x080003c3   Thumb Code     0  startup_stm32h723xx.o(.text)
    OTG_HS_WKUP_IRQHandler                   0x080003c3   Thumb Code     0  startup_stm32h723xx.o(.text)
    PVD_AVD_IRQHandler                       0x080003c3   Thumb Code     0  startup_stm32h723xx.o(.text)
    RCC_IRQHandler                           0x080003c3   Thumb Code     0  startup_stm32h723xx.o(.text)
    RNG_IRQHandler                           0x080003c3   Thumb Code     0  startup_stm32h723xx.o(.text)
    RTC_Alarm_IRQHandler                     0x080003c3   Thumb Code     0  startup_stm32h723xx.o(.text)
    RTC_WKUP_IRQHandler                      0x080003c3   Thumb Code     0  startup_stm32h723xx.o(.text)
    SAI1_IRQHandler                          0x080003c3   Thumb Code     0  startup_stm32h723xx.o(.text)
    SAI4_IRQHandler                          0x080003c3   Thumb Code     0  startup_stm32h723xx.o(.text)
    SDMMC1_IRQHandler                        0x080003c3   Thumb Code     0  startup_stm32h723xx.o(.text)
    SDMMC2_IRQHandler                        0x080003c3   Thumb Code     0  startup_stm32h723xx.o(.text)
    SPDIF_RX_IRQHandler                      0x080003c3   Thumb Code     0  startup_stm32h723xx.o(.text)
    SPI1_IRQHandler                          0x080003c3   Thumb Code     0  startup_stm32h723xx.o(.text)
    SPI2_IRQHandler                          0x080003c3   Thumb Code     0  startup_stm32h723xx.o(.text)
    SPI3_IRQHandler                          0x080003c3   Thumb Code     0  startup_stm32h723xx.o(.text)
    SPI4_IRQHandler                          0x080003c3   Thumb Code     0  startup_stm32h723xx.o(.text)
    SPI5_IRQHandler                          0x080003c3   Thumb Code     0  startup_stm32h723xx.o(.text)
    SPI6_IRQHandler                          0x080003c3   Thumb Code     0  startup_stm32h723xx.o(.text)
    SWPMI1_IRQHandler                        0x080003c3   Thumb Code     0  startup_stm32h723xx.o(.text)
    TAMP_STAMP_IRQHandler                    0x080003c3   Thumb Code     0  startup_stm32h723xx.o(.text)
    TIM15_IRQHandler                         0x080003c3   Thumb Code     0  startup_stm32h723xx.o(.text)
    TIM16_IRQHandler                         0x080003c3   Thumb Code     0  startup_stm32h723xx.o(.text)
    TIM17_IRQHandler                         0x080003c3   Thumb Code     0  startup_stm32h723xx.o(.text)
    TIM1_BRK_IRQHandler                      0x080003c3   Thumb Code     0  startup_stm32h723xx.o(.text)
    TIM1_CC_IRQHandler                       0x080003c3   Thumb Code     0  startup_stm32h723xx.o(.text)
    TIM1_TRG_COM_IRQHandler                  0x080003c3   Thumb Code     0  startup_stm32h723xx.o(.text)
    TIM1_UP_IRQHandler                       0x080003c3   Thumb Code     0  startup_stm32h723xx.o(.text)
    TIM23_IRQHandler                         0x080003c3   Thumb Code     0  startup_stm32h723xx.o(.text)
    TIM2_IRQHandler                          0x080003c3   Thumb Code     0  startup_stm32h723xx.o(.text)
    TIM4_IRQHandler                          0x080003c3   Thumb Code     0  startup_stm32h723xx.o(.text)
    TIM5_IRQHandler                          0x080003c3   Thumb Code     0  startup_stm32h723xx.o(.text)
    TIM7_IRQHandler                          0x080003c3   Thumb Code     0  startup_stm32h723xx.o(.text)
    TIM8_BRK_TIM12_IRQHandler                0x080003c3   Thumb Code     0  startup_stm32h723xx.o(.text)
    TIM8_CC_IRQHandler                       0x080003c3   Thumb Code     0  startup_stm32h723xx.o(.text)
    TIM8_TRG_COM_TIM14_IRQHandler            0x080003c3   Thumb Code     0  startup_stm32h723xx.o(.text)
    TIM8_UP_TIM13_IRQHandler                 0x080003c3   Thumb Code     0  startup_stm32h723xx.o(.text)
    UART4_IRQHandler                         0x080003c3   Thumb Code     0  startup_stm32h723xx.o(.text)
    UART5_IRQHandler                         0x080003c3   Thumb Code     0  startup_stm32h723xx.o(.text)
    UART7_IRQHandler                         0x080003c3   Thumb Code     0  startup_stm32h723xx.o(.text)
    UART8_IRQHandler                         0x080003c3   Thumb Code     0  startup_stm32h723xx.o(.text)
    USART10_IRQHandler                       0x080003c3   Thumb Code     0  startup_stm32h723xx.o(.text)
    USART1_IRQHandler                        0x080003c3   Thumb Code     0  startup_stm32h723xx.o(.text)
    USART2_IRQHandler                        0x080003c3   Thumb Code     0  startup_stm32h723xx.o(.text)
    USART3_IRQHandler                        0x080003c3   Thumb Code     0  startup_stm32h723xx.o(.text)
    USART6_IRQHandler                        0x080003c3   Thumb Code     0  startup_stm32h723xx.o(.text)
    WAKEUP_PIN_IRQHandler                    0x080003c3   Thumb Code     0  startup_stm32h723xx.o(.text)
    WWDG_IRQHandler                          0x080003c3   Thumb Code     0  startup_stm32h723xx.o(.text)
    __user_initial_stackheap                 0x080003c5   Thumb Code     0  startup_stm32h723xx.o(.text)
    __use_no_semihosting                     0x080003e9   Thumb Code     2  use_no_semi_2.o(.text)
    __aeabi_uldivmod                         0x080003eb   Thumb Code     0  lludivv7m.o(.text)
    _ll_udiv                                 0x080003eb   Thumb Code   240  lludivv7m.o(.text)
    __0sscanf                                0x080004dd   Thumb Code    52  __0sscanf.o(.text)
    _scanf_int                               0x08000519   Thumb Code   332  _scanf_int.o(.text)
    strchr                                   0x08000665   Thumb Code    20  strchr.o(.text)
    strncmp                                  0x08000679   Thumb Code   150  strncmp.o(.text)
    __aeabi_memcpy                           0x0800070f   Thumb Code     0  rt_memcpy_v6.o(.text)
    __rt_memcpy                              0x0800070f   Thumb Code   138  rt_memcpy_v6.o(.text)
    _memcpy_lastbytes                        0x08000775   Thumb Code     0  rt_memcpy_v6.o(.text)
    __aeabi_memclr4                          0x08000799   Thumb Code     0  rt_memclr_w.o(.text)
    __aeabi_memclr8                          0x08000799   Thumb Code     0  rt_memclr_w.o(.text)
    __rt_memclr_w                            0x08000799   Thumb Code     0  rt_memclr_w.o(.text)
    _memset_w                                0x0800079d   Thumb Code    74  rt_memclr_w.o(.text)
    strcmp                                   0x080007e9   Thumb Code   124  strcmpv7m_pel.o(.text)
    __use_two_region_memory                  0x08000865   Thumb Code     2  heapauxi.o(.text)
    __rt_heap_escrow$2region                 0x08000867   Thumb Code     2  heapauxi.o(.text)
    __rt_heap_expand$2region                 0x08000869   Thumb Code     2  heapauxi.o(.text)
    __semihosting$guard                      0x0800086b   Thumb Code     0  use_no_semi.o(.text)
    __use_no_semihosting_swi                 0x0800086b   Thumb Code     2  use_no_semi.o(.text)
    __read_errno                             0x0800086d   Thumb Code    10  _rserrno.o(.text)
    __set_errno                              0x08000877   Thumb Code    12  _rserrno.o(.text)
    _chval                                   0x08000883   Thumb Code    28  _chval.o(.text)
    __vfscanf_char                           0x080008ad   Thumb Code    24  scanf_char.o(.text)
    _sgetc                                   0x080008cd   Thumb Code    30  _sgetc.o(.text)
    _sbackspace                              0x080008eb   Thumb Code    34  _sgetc.o(.text)
    __aeabi_memcpy4                          0x0800090d   Thumb Code     0  rt_memcpy_w.o(.text)
    __aeabi_memcpy8                          0x0800090d   Thumb Code     0  rt_memcpy_w.o(.text)
    __rt_memcpy_w                            0x0800090d   Thumb Code   100  rt_memcpy_w.o(.text)
    _memcpy_lastbytes_aligned                0x08000955   Thumb Code     0  rt_memcpy_w.o(.text)
    __aeabi_errno_addr                       0x08000971   Thumb Code     8  rt_errno_addr_intlibspace.o(.text)
    __errno$intlibspace                      0x08000971   Thumb Code     0  rt_errno_addr_intlibspace.o(.text)
    __rt_errno_addr$intlibspace              0x08000971   Thumb Code     0  rt_errno_addr_intlibspace.o(.text)
    isspace                                  0x08000979   Thumb Code    18  isspace.o(.text)
    __vfscanf                                0x0800098d   Thumb Code   878  _scanf.o(.text)
    __user_libspace                          0x08000d01   Thumb Code     8  libspace.o(.text)
    __user_perproc_libspace                  0x08000d01   Thumb Code     0  libspace.o(.text)
    __user_perthread_libspace                0x08000d01   Thumb Code     0  libspace.o(.text)
    __user_setup_stackheap                   0x08000d09   Thumb Code    74  sys_stackheap_outer.o(.text)
    __rt_ctype_table                         0x08000d55   Thumb Code    16  rt_ctype_table.o(.text)
    __rt_locale                              0x08000d65   Thumb Code     8  rt_locale_intlibspace.o(.text)
    exit                                     0x08000d6d   Thumb Code    18  exit.o(.text)
    BusFault_Handler                         0x08000d81   Thumb Code     2  stm32h7xx_it.o(.text.BusFault_Handler)
    CalculateStepperSpeed                    0x08000d89   Thumb Code   192  my_interrupt.o(.text.CalculateStepperSpeed)
    DWT_Init                                 0x08000e51   Thumb Code    46  delay.o(.text.DWT_Init)
    DebugMon_Handler                         0x08000e81   Thumb Code     2  stm32h7xx_it.o(.text.DebugMon_Handler)
    Delay_ms                                 0x08000e89   Thumb Code    54  delay.o(.text.Delay_ms)
    Delay_us                                 0x08000ec1   Thumb Code    50  delay.o(.text.Delay_us)
    Error_Handler                            0x08000ef9   Thumb Code    10  main.o(.text.Error_Handler)
    HAL_DMA_Abort                            0x08000f09   Thumb Code  1318  stm32h7xx_hal_dma.o(.text.HAL_DMA_Abort)
    HAL_DMA_Abort_IT                         0x08001431   Thumb Code   694  stm32h7xx_hal_dma.o(.text.HAL_DMA_Abort_IT)
    HAL_GPIO_Init                            0x080016e9   Thumb Code   422  stm32h7xx_hal_gpio.o(.text.HAL_GPIO_Init)
    HAL_GPIO_ReadPin                         0x08001891   Thumb Code    10  stm32h7xx_hal_gpio.o(.text.HAL_GPIO_ReadPin)
    HAL_GPIO_WritePin                        0x080018a1   Thumb Code    10  stm32h7xx_hal_gpio.o(.text.HAL_GPIO_WritePin)
    HAL_GetTick                              0x080018b1   Thumb Code    12  stm32h7xx_hal.o(.text.HAL_GetTick)
    HAL_IncTick                              0x080018c1   Thumb Code    26  stm32h7xx_hal.o(.text.HAL_IncTick)
    HAL_Init                                 0x080018e1   Thumb Code   100  stm32h7xx_hal.o(.text.HAL_Init)
    HAL_InitTick                             0x08001949   Thumb Code    80  stm32h7xx_hal.o(.text.HAL_InitTick)
    HAL_MspInit                              0x08001999   Thumb Code    32  stm32h7xx_hal_msp.o(.text.HAL_MspInit)
    HAL_NVIC_EnableIRQ                       0x080019b9   Thumb Code    34  stm32h7xx_hal_cortex.o(.text.HAL_NVIC_EnableIRQ)
    HAL_NVIC_SetPriority                     0x080019e1   Thumb Code    90  stm32h7xx_hal_cortex.o(.text.HAL_NVIC_SetPriority)
    HAL_NVIC_SetPriorityGrouping             0x08001a41   Thumb Code    32  stm32h7xx_hal_cortex.o(.text.HAL_NVIC_SetPriorityGrouping)
    HAL_PWREx_ConfigSupply                   0x08001a61   Thumb Code    76  stm32h7xx_hal_pwr_ex.o(.text.HAL_PWREx_ConfigSupply)
    HAL_RCCEx_GetD3PCLK1Freq                 0x08001ab1   Thumb Code    38  stm32h7xx_hal_rcc_ex.o(.text.HAL_RCCEx_GetD3PCLK1Freq)
    HAL_RCCEx_GetPLL2ClockFreq               0x08001ad9   Thumb Code   280  stm32h7xx_hal_rcc_ex.o(.text.HAL_RCCEx_GetPLL2ClockFreq)
    HAL_RCCEx_GetPLL3ClockFreq               0x08001c01   Thumb Code   280  stm32h7xx_hal_rcc_ex.o(.text.HAL_RCCEx_GetPLL3ClockFreq)
    HAL_RCCEx_PeriphCLKConfig                0x08001d29   Thumb Code  2688  stm32h7xx_hal_rcc_ex.o(.text.HAL_RCCEx_PeriphCLKConfig)
    HAL_RCC_ClockConfig                      0x080027a9   Thumb Code   596  stm32h7xx_hal_rcc.o(.text.HAL_RCC_ClockConfig)
    HAL_RCC_GetHCLKFreq                      0x08002a01   Thumb Code    76  stm32h7xx_hal_rcc.o(.text.HAL_RCC_GetHCLKFreq)
    HAL_RCC_GetPCLK1Freq                     0x08002a51   Thumb Code    96  stm32h7xx_hal_rcc.o(.text.HAL_RCC_GetPCLK1Freq)
    HAL_RCC_GetPCLK2Freq                     0x08002ab1   Thumb Code    96  stm32h7xx_hal_rcc.o(.text.HAL_RCC_GetPCLK2Freq)
    HAL_RCC_GetSysClockFreq                  0x08002b11   Thumb Code   264  stm32h7xx_hal_rcc.o(.text.HAL_RCC_GetSysClockFreq)
    HAL_RCC_OscConfig                        0x08002c31   Thumb Code  1324  stm32h7xx_hal_rcc.o(.text.HAL_RCC_OscConfig)
    HAL_SYSTICK_Config                       0x08003161   Thumb Code    46  stm32h7xx_hal_cortex.o(.text.HAL_SYSTICK_Config)
    HAL_TIMEx_Break2Callback                 0x08003191   Thumb Code     2  stm32h7xx_hal_tim_ex.o(.text.HAL_TIMEx_Break2Callback)
    HAL_TIMEx_BreakCallback                  0x08003199   Thumb Code     2  stm32h7xx_hal_tim_ex.o(.text.HAL_TIMEx_BreakCallback)
    HAL_TIMEx_CommutCallback                 0x080031a1   Thumb Code     2  stm32h7xx_hal_tim_ex.o(.text.HAL_TIMEx_CommutCallback)
    HAL_TIMEx_MasterConfigSynchronization    0x080031a9   Thumb Code   222  stm32h7xx_hal_tim_ex.o(.text.HAL_TIMEx_MasterConfigSynchronization)
    HAL_TIM_Base_Init                        0x08003289   Thumb Code    96  stm32h7xx_hal_tim.o(.text.HAL_TIM_Base_Init)
    HAL_TIM_Base_MspInit                     0x080032e9   Thumb Code   236  stm32h7xx_hal_msp.o(.text.HAL_TIM_Base_MspInit)
    HAL_TIM_Base_Start_IT                    0x080033d9   Thumb Code   220  stm32h7xx_hal_tim.o(.text.HAL_TIM_Base_Start_IT)
    HAL_TIM_ConfigClockSource                0x080034b9   Thumb Code   512  stm32h7xx_hal_tim.o(.text.HAL_TIM_ConfigClockSource)
    HAL_TIM_IC_CaptureCallback               0x080036b9   Thumb Code     2  stm32h7xx_hal_tim.o(.text.HAL_TIM_IC_CaptureCallback)
    HAL_TIM_IRQHandler                       0x080036c1   Thumb Code   364  stm32h7xx_hal_tim.o(.text.HAL_TIM_IRQHandler)
    HAL_TIM_MspPostInit                      0x08003831   Thumb Code   184  stm32h7xx_hal_msp.o(.text.HAL_TIM_MspPostInit)
    HAL_TIM_OC_DelayElapsedCallback          0x080038e9   Thumb Code     2  stm32h7xx_hal_tim.o(.text.HAL_TIM_OC_DelayElapsedCallback)
    HAL_TIM_PWM_ConfigChannel                0x080038f1   Thumb Code  1202  stm32h7xx_hal_tim.o(.text.HAL_TIM_PWM_ConfigChannel)
    HAL_TIM_PWM_Init                         0x08003da9   Thumb Code    96  stm32h7xx_hal_tim.o(.text.HAL_TIM_PWM_Init)
    HAL_TIM_PWM_MspInit                      0x08003e09   Thumb Code     2  stm32h7xx_hal_tim.o(.text.HAL_TIM_PWM_MspInit)
    HAL_TIM_PWM_PulseFinishedCallback        0x08003e11   Thumb Code     2  stm32h7xx_hal_tim.o(.text.HAL_TIM_PWM_PulseFinishedCallback)
    HAL_TIM_PWM_Start                        0x08003e19   Thumb Code   368  stm32h7xx_hal_tim.o(.text.HAL_TIM_PWM_Start)
    HAL_TIM_PeriodElapsedCallback            0x08003f89   Thumb Code    86  my_interrupt.o(.text.HAL_TIM_PeriodElapsedCallback)
    HAL_TIM_TriggerCallback                  0x08003fe1   Thumb Code     2  stm32h7xx_hal_tim.o(.text.HAL_TIM_TriggerCallback)
    HAL_UARTEx_DisableFifoMode               0x08003fe9   Thumb Code    54  stm32h7xx_hal_uart_ex.o(.text.HAL_UARTEx_DisableFifoMode)
    HAL_UARTEx_RxEventCallback               0x08004021   Thumb Code     2  stm32h7xx_hal_uart.o(.text.HAL_UARTEx_RxEventCallback)
    HAL_UARTEx_RxFifoFullCallback            0x08004029   Thumb Code     2  stm32h7xx_hal_uart_ex.o(.text.HAL_UARTEx_RxFifoFullCallback)
    HAL_UARTEx_SetRxFifoThreshold            0x08004031   Thumb Code   140  stm32h7xx_hal_uart_ex.o(.text.HAL_UARTEx_SetRxFifoThreshold)
    HAL_UARTEx_SetTxFifoThreshold            0x080040c1   Thumb Code   140  stm32h7xx_hal_uart_ex.o(.text.HAL_UARTEx_SetTxFifoThreshold)
    HAL_UARTEx_TxFifoEmptyCallback           0x08004151   Thumb Code     2  stm32h7xx_hal_uart_ex.o(.text.HAL_UARTEx_TxFifoEmptyCallback)
    HAL_UARTEx_WakeupCallback                0x08004159   Thumb Code     2  stm32h7xx_hal_uart_ex.o(.text.HAL_UARTEx_WakeupCallback)
    HAL_UART_ErrorCallback                   0x08004161   Thumb Code     2  stm32h7xx_hal_uart.o(.text.HAL_UART_ErrorCallback)
    HAL_UART_IRQHandler                      0x08004169   Thumb Code  1650  stm32h7xx_hal_uart.o(.text.HAL_UART_IRQHandler)
    HAL_UART_Init                            0x080047e1   Thumb Code   100  stm32h7xx_hal_uart.o(.text.HAL_UART_Init)
    HAL_UART_MspInit                         0x08004849   Thumb Code   164  stm32h7xx_hal_msp.o(.text.HAL_UART_MspInit)
    HAL_UART_Receive_IT                      0x080048f1   Thumb Code   172  stm32h7xx_hal_uart.o(.text.HAL_UART_Receive_IT)
    HAL_UART_RxCpltCallback                  0x080049a1   Thumb Code   234  serial.o(.text.HAL_UART_RxCpltCallback)
    HAL_UART_TxCpltCallback                  0x08004a91   Thumb Code     2  stm32h7xx_hal_uart.o(.text.HAL_UART_TxCpltCallback)
    HardFault_Handler                        0x08004a99   Thumb Code     2  stm32h7xx_it.o(.text.HardFault_Handler)
    MemManage_Handler                        0x08004aa1   Thumb Code     2  stm32h7xx_it.o(.text.MemManage_Handler)
    NMI_Handler                              0x08004aa9   Thumb Code     2  stm32h7xx_it.o(.text.NMI_Handler)
    OLED_Clear                               0x08004ab1   Thumb Code    20  oled.o(.text.OLED_Clear)
    OLED_DrawMenu                            0x08004ac9   Thumb Code   368  menu.o(.text.OLED_DrawMenu)
    OLED_DrawRectangle                       0x08004c39   Thumb Code   510  oled.o(.text.OLED_DrawRectangle)
    OLED_I2C_SendByte                        0x08004e39   Thumb Code   446  oled.o(.text.OLED_I2C_SendByte)
    OLED_Init                                0x08004ff9   Thumb Code   204  oled.o(.text.OLED_Init)
    OLED_ShowFloatNum                        0x080050c9   Thumb Code   370  oled.o(.text.OLED_ShowFloatNum)
    OLED_ShowImage                           0x08005241   Thumb Code  1510  oled.o(.text.OLED_ShowImage)
    OLED_ShowNum                             0x08005829   Thumb Code   404  oled.o(.text.OLED_ShowNum)
    OLED_ShowSignedNum                       0x080059c1   Thumb Code   510  oled.o(.text.OLED_ShowSignedNum)
    OLED_ShowString                          0x08005bc1   Thumb Code   166  oled.o(.text.OLED_ShowString)
    OLED_Update                              0x08005c69   Thumb Code   236  oled.o(.text.OLED_Update)
    OLED_WriteCommand                        0x08005d59   Thumb Code   146  oled.o(.text.OLED_WriteCommand)
    OLED_WriteData                           0x08005df1   Thumb Code   160  oled.o(.text.OLED_WriteData)
    ParsePacket                              0x08005e91   Thumb Code   384  packet_parser.o(.text.ParsePacket)
    PendSV_Handler                           0x08006041   Thumb Code     2  stm32h7xx_it.o(.text.PendSV_Handler)
    SVC_Handler                              0x08006299   Thumb Code     2  stm32h7xx_it.o(.text.SVC_Handler)
    Servo_Init                               0x080062a1   Thumb Code    28  servo.o(.text.Servo_Init)
    Stepper_Control                          0x080062c1   Thumb Code   158  my_interrupt.o(.text.Stepper_Control)
    Stepper_Init                             0x08006361   Thumb Code    62  my_interrupt.o(.text.Stepper_Init)
    SysTick_Handler                          0x080063a1   Thumb Code     4  stm32h7xx_it.o(.text.SysTick_Handler)
    SystemClock_Config                       0x080063a9   Thumb Code   200  main.o(.text.SystemClock_Config)
    SystemInit                               0x08006471   Thumb Code   176  system_stm32h7xx.o(.text.SystemInit)
    TIM24_IRQHandler                         0x08006521   Thumb Code    12  stm32h7xx_it.o(.text.TIM24_IRQHandler)
    TIM3_IRQHandler                          0x08006531   Thumb Code    12  stm32h7xx_it.o(.text.TIM3_IRQHandler)
    TIM6_DAC_IRQHandler                      0x08006541   Thumb Code    12  stm32h7xx_it.o(.text.TIM6_DAC_IRQHandler)
    TIM_Base_SetConfig                       0x08006551   Thumb Code   388  stm32h7xx_hal_tim.o(.text.TIM_Base_SetConfig)
    UART9_IRQHandler                         0x080066d9   Thumb Code    12  stm32h7xx_it.o(.text.UART9_IRQHandler)
    UART_AdvFeatureConfig                    0x080066e9   Thumb Code   224  stm32h7xx_hal_uart.o(.text.UART_AdvFeatureConfig)
    UART_CheckIdleState                      0x080067c9   Thumb Code   366  stm32h7xx_hal_uart.o(.text.UART_CheckIdleState)
    UART_GetPacket                           0x08006949   Thumb Code    92  serial.o(.text.UART_GetPacket)
    UART_SetConfig                           0x080073a1   Thumb Code  1176  stm32h7xx_hal_uart.o(.text.UART_SetConfig)
    UART_StartReceiveIT                      0x08007841   Thumb Code    22  serial.o(.text.UART_StartReceiveIT)
    UART_Start_Receive_IT                    0x08007859   Thumb Code   628  stm32h7xx_hal_uart.o(.text.UART_Start_Receive_IT)
    UART_WaitOnFlagUntilTimeout              0x08007ad1   Thumb Code   856  stm32h7xx_hal_uart.o(.text.UART_WaitOnFlagUntilTimeout)
    UsageFault_Handler                       0x08007e29   Thumb Code     2  stm32h7xx_it.o(.text.UsageFault_Handler)
    _sys_exit                                0x08007e31   Thumb Code     2  main.o(.text._sys_exit)
    get_menu_action                          0x08007e39   Thumb Code    96  menu.o(.text.get_menu_action)
    init_all_pid_new                         0x08007ea1   Thumb Code   162  fuzzypid.o(.text.init_all_pid_new)
    init_menu                                0x08007f49   Thumb Code    36  menu.o(.text.init_menu)
    main                                     0x08007f71   Thumb Code  1456  main.o(.text.main)
    menu_mode1                               0x08008529   Thumb Code   616  main.o(.text.menu_mode1)
    menu_mode2                               0x080087e9   Thumb Code   304  main.o(.text.menu_mode2)
    menu_mode3                               0x08008929   Thumb Code   476  main.o(.text.menu_mode3)
    menu_navigate                            0x08008b19   Thumb Code   118  menu.o(.text.menu_navigate)
    option_func                              0x08008b91   Thumb Code    22  menu.o(.text.option_func)
    scan_keys                                0x08008ba9   Thumb Code   288  menu.o(.text.scan_keys)
    set_pid_index                            0x08008cc9   Thumb Code    14  fuzzypid.o(.text.set_pid_index)
    __ARM_fpclassify                         0x08008cd7   Thumb Code    48  fpclassify.o(i.__ARM_fpclassify)
    __hardfp_cos                             0x08008d09   Thumb Code   158  cos.o(i.__hardfp_cos)
    __hardfp_sin                             0x08008db9   Thumb Code   158  sin.o(i.__hardfp_sin)
    __ieee754_rem_pio2                       0x08008e69   Thumb Code   646  rred.o(i.__ieee754_rem_pio2)
    __kernel_cos                             0x08009171   Thumb Code   182  cos_i.o(i.__kernel_cos)
    __kernel_poly                            0x08009235   Thumb Code   112  poly.o(i.__kernel_poly)
    __kernel_sin                             0x080092a9   Thumb Code   144  sin_i.o(i.__kernel_sin)
    __mathlib_dbl_invalid                    0x08009349   Thumb Code    10  dunder.o(i.__mathlib_dbl_invalid)
    __mathlib_dbl_underflow                  0x08009361   Thumb Code    10  dunder.o(i.__mathlib_dbl_underflow)
    fabs                                     0x08009379   Thumb Code    24  fabs.o(i.fabs)
    _get_lc_ctype                            0x08009391   Thumb Code    44  lc_ctype_c.o(locale$$code)
    _fp_init                                 0x080093bd   Thumb Code    26  fpinit.o(x$fpl$fpinit)
    __fplib_config_fpu_vfp                   0x080093d5   Thumb Code     0  fpinit.o(x$fpl$fpinit)
    __fplib_config_pureend_doubles           0x080093d5   Thumb Code     0  fpinit.o(x$fpl$fpinit)
    __I$use$fp                               0x080093d6   Number         0  usenofp.o(x$fpl$usenofp)
    D1CorePrescTable                         0x08009520   Data          16  system_stm32h7xx.o(.rodata.D1CorePrescTable)
    OLED_F6x8                                0x08009530   Data         570  oled_data.o(.rodata.OLED_F6x8)
    OLED_F8x16                               0x0800976a   Data        1520  oled_data.o(.rodata.OLED_F8x16)
    UARTPrescTable                           0x08009d5a   Data          24  stm32h7xx_hal_uart.o(.rodata.UARTPrescTable)
    Region$$Table$$Base                      0x08009db4   Number         0  anon$$obj.o(Region$$Table)
    Region$$Table$$Limit                     0x08009dd4   Number         0  anon$$obj.o(Region$$Table)
    __ctype                                  0x08009de1   Data           0  lc_ctype_c.o(locale$$data)
    my_ki                                    0x24000000   Data           4  main.o(.data..L_MergedGlobals)
    my_kd                                    0x24000004   Data           4  main.o(.data..L_MergedGlobals)
    my_kp_x                                  0x24000008   Data           4  main.o(.data..L_MergedGlobals)
    my_ki_x                                  0x2400000c   Data           4  main.o(.data..L_MergedGlobals)
    my_kd_x                                  0x24000010   Data           4  main.o(.data..L_MergedGlobals)
    uwTickFreq                               0x24000014   Data           1  stm32h7xx_hal.o(.data..L_MergedGlobals)
    uwTickPrio                               0x24000018   Data           4  stm32h7xx_hal.o(.data..L_MergedGlobals)
    SystemCoreClock                          0x2400001c   Data           4  system_stm32h7xx.o(.data..L_MergedGlobals)
    SystemD2Clock                            0x24000020   Data           4  system_stm32h7xx.o(.data..L_MergedGlobals)
    current_menu                             0x24000024   Data           4  menu.o(.data..L_MergedGlobals)
    mode4                                    0x24000028   Data          24  menu.o(.data..L_MergedGlobals)
    mode3                                    0x24000040   Data          24  menu.o(.data..L_MergedGlobals)
    mode2                                    0x24000058   Data          24  menu.o(.data..L_MergedGlobals)
    mode1                                    0x24000070   Data          24  menu.o(.data..L_MergedGlobals)
    main_menu                                0x24000088   Data          24  menu.o(.data..L_MergedGlobals)
    KEY_PORT                                 0x240000a0   Data          16  menu.o(.data.KEY_PORT)
    __libspace_start                         0x240000b0   Data          96  libspace.o(.bss)
    StepperMotor_x                           0x24000110   Data          36  my_interrupt.o(.bss..L_MergedGlobals)
    __temporary_stack_top$libspace           0x24000110   Data           0  libspace.o(.bss)
    StepperMotor_y                           0x24000134   Data          36  my_interrupt.o(.bss..L_MergedGlobals)
    Onto                                     0x24000170   Data           8  servo.o(.bss..L_MergedGlobals)
    red_point                                0x24000178   Data           8  packet_parser.o(.bss..L_MergedGlobals)
    green_point                              0x24000180   Data           8  packet_parser.o(.bss..L_MergedGlobals)
    blue_brick                               0x24000188   Data           8  packet_parser.o(.bss..L_MergedGlobals)
    target_point                             0x24000190   Data           8  packet_parser.o(.bss..L_MergedGlobals)
    rect_coords_pair                         0x24000198   Data          16  packet_parser.o(.bss..L_MergedGlobals)
    rect_coords                              0x240001a8   Data          32  packet_parser.o(.bss..L_MergedGlobals)
    htim2                                    0x240001d4   Data          76  main.o(.bss..L_MergedGlobals.12)
    OLED_DisplayBuf                          0x24000220   Data        1024  oled.o(.bss.OLED_DisplayBuf)
    change_flag                              0x24000620   Data           2  main.o(.bss.change_flag)
    cl_action                                0x24000622   Data           1  menu.o(.bss.cl_action)
    htim24                                   0x24000624   Data          76  main.o(.bss.htim24)
    htim3                                    0x24000670   Data          76  main.o(.bss.htim3)
    htim6                                    0x240006bc   Data          76  main.o(.bss.htim6)
    huart9                                   0x24000708   Data         148  main.o(.bss.huart9)
    keys                                     0x2400079c   Data          24  menu.o(.bss.keys)
    mode_inter_flag                          0x240007b8   Data           1  menu.o(.bss.mode_inter_flag)
    pid_x                                    0x240007bc   Data          64  fuzzypid.o(.bss.pid_x)
    pid_y                                    0x240007fc   Data          64  fuzzypid.o(.bss.pid_y)
    uwTick                                   0x24000b48   Data           4  stm32h7xx_hal.o(.bss.uwTick)



==============================================================================

Memory Map of the image

  Image Entry point : 0x080002cd

  Load Region LR_IROM1 (Base: 0x08000000, Size: 0x00009f98, Max: 0x00100000, ABSOLUTE)

    Execution Region ER_IROM1 (Exec base: 0x08000000, Load base: 0x08000000, Size: 0x00009ee4, Max: 0x00100000, ABSOLUTE)

    Exec Addr    Load Addr    Size         Type   Attr      Idx    E Section Name        Object

    0x08000000   0x08000000   0x000002cc   Data   RO            3    RESET               startup_stm32h723xx.o
    0x080002cc   0x080002cc   0x00000008   Code   RO         1738  * !!!main             c_w.l(__main.o)
    0x080002d4   0x080002d4   0x0000005c   Code   RO         2148    !!!scatter          c_w.l(__scatter.o)
    0x08000330   0x08000330   0x0000001a   Code   RO         2152    !!handler_copy      c_w.l(__scatter_copy.o)
    0x0800034a   0x0800034a   0x00000002   PAD
    0x0800034c   0x0800034c   0x00000002   Code   RO         2149    !!handler_null      c_w.l(__scatter.o)
    0x0800034e   0x0800034e   0x00000002   PAD
    0x08000350   0x08000350   0x0000001c   Code   RO         2154    !!handler_zi        c_w.l(__scatter_zi.o)
    0x0800036c   0x0800036c   0x00000002   Code   RO         2019    .ARM.Collect$$libinit$$00000000  c_w.l(libinit.o)
    0x0800036e   0x0800036e   0x00000004   Code   RO         2035    .ARM.Collect$$libinit$$00000001  c_w.l(libinit2.o)
    0x08000372   0x08000372   0x00000000   Code   RO         2038    .ARM.Collect$$libinit$$00000004  c_w.l(libinit2.o)
    0x08000372   0x08000372   0x00000000   Code   RO         2040    .ARM.Collect$$libinit$$00000006  c_w.l(libinit2.o)
    0x08000372   0x08000372   0x00000000   Code   RO         2043    .ARM.Collect$$libinit$$0000000C  c_w.l(libinit2.o)
    0x08000372   0x08000372   0x00000000   Code   RO         2045    .ARM.Collect$$libinit$$0000000E  c_w.l(libinit2.o)
    0x08000372   0x08000372   0x00000000   Code   RO         2047    .ARM.Collect$$libinit$$00000010  c_w.l(libinit2.o)
    0x08000372   0x08000372   0x00000006   Code   RO         2048    .ARM.Collect$$libinit$$00000011  c_w.l(libinit2.o)
    0x08000378   0x08000378   0x00000000   Code   RO         2050    .ARM.Collect$$libinit$$00000013  c_w.l(libinit2.o)
    0x08000378   0x08000378   0x0000000c   Code   RO         2051    .ARM.Collect$$libinit$$00000014  c_w.l(libinit2.o)
    0x08000384   0x08000384   0x00000000   Code   RO         2052    .ARM.Collect$$libinit$$00000015  c_w.l(libinit2.o)
    0x08000384   0x08000384   0x00000000   Code   RO         2054    .ARM.Collect$$libinit$$00000017  c_w.l(libinit2.o)
    0x08000384   0x08000384   0x00000000   Code   RO         2056    .ARM.Collect$$libinit$$00000019  c_w.l(libinit2.o)
    0x08000384   0x08000384   0x00000000   Code   RO         2058    .ARM.Collect$$libinit$$0000001B  c_w.l(libinit2.o)
    0x08000384   0x08000384   0x00000000   Code   RO         2060    .ARM.Collect$$libinit$$0000001D  c_w.l(libinit2.o)
    0x08000384   0x08000384   0x00000000   Code   RO         2062    .ARM.Collect$$libinit$$0000001F  c_w.l(libinit2.o)
    0x08000384   0x08000384   0x00000000   Code   RO         2064    .ARM.Collect$$libinit$$00000021  c_w.l(libinit2.o)
    0x08000384   0x08000384   0x00000000   Code   RO         2066    .ARM.Collect$$libinit$$00000023  c_w.l(libinit2.o)
    0x08000384   0x08000384   0x00000000   Code   RO         2068    .ARM.Collect$$libinit$$00000025  c_w.l(libinit2.o)
    0x08000384   0x08000384   0x00000000   Code   RO         2070    .ARM.Collect$$libinit$$00000027  c_w.l(libinit2.o)
    0x08000384   0x08000384   0x00000000   Code   RO         2074    .ARM.Collect$$libinit$$0000002E  c_w.l(libinit2.o)
    0x08000384   0x08000384   0x00000000   Code   RO         2076    .ARM.Collect$$libinit$$00000030  c_w.l(libinit2.o)
    0x08000384   0x08000384   0x00000000   Code   RO         2078    .ARM.Collect$$libinit$$00000032  c_w.l(libinit2.o)
    0x08000384   0x08000384   0x00000000   Code   RO         2080    .ARM.Collect$$libinit$$00000034  c_w.l(libinit2.o)
    0x08000384   0x08000384   0x00000002   Code   RO         2081    .ARM.Collect$$libinit$$00000035  c_w.l(libinit2.o)
    0x08000386   0x08000386   0x00000002   Code   RO         2107    .ARM.Collect$$libshutdown$$00000000  c_w.l(libshutdown.o)
    0x08000388   0x08000388   0x00000000   Code   RO         2131    .ARM.Collect$$libshutdown$$00000002  c_w.l(libshutdown2.o)
    0x08000388   0x08000388   0x00000000   Code   RO         2133    .ARM.Collect$$libshutdown$$00000004  c_w.l(libshutdown2.o)
    0x08000388   0x08000388   0x00000000   Code   RO         2136    .ARM.Collect$$libshutdown$$00000007  c_w.l(libshutdown2.o)
    0x08000388   0x08000388   0x00000000   Code   RO         2139    .ARM.Collect$$libshutdown$$0000000A  c_w.l(libshutdown2.o)
    0x08000388   0x08000388   0x00000000   Code   RO         2141    .ARM.Collect$$libshutdown$$0000000C  c_w.l(libshutdown2.o)
    0x08000388   0x08000388   0x00000000   Code   RO         2144    .ARM.Collect$$libshutdown$$0000000F  c_w.l(libshutdown2.o)
    0x08000388   0x08000388   0x00000002   Code   RO         2145    .ARM.Collect$$libshutdown$$00000010  c_w.l(libshutdown2.o)
    0x0800038a   0x0800038a   0x00000000   Code   RO         1760    .ARM.Collect$$rtentry$$00000000  c_w.l(__rtentry.o)
    0x0800038a   0x0800038a   0x00000000   Code   RO         1915    .ARM.Collect$$rtentry$$00000002  c_w.l(__rtentry2.o)
    0x0800038a   0x0800038a   0x00000006   Code   RO         1927    .ARM.Collect$$rtentry$$00000004  c_w.l(__rtentry4.o)
    0x08000390   0x08000390   0x00000000   Code   RO         1917    .ARM.Collect$$rtentry$$00000009  c_w.l(__rtentry2.o)
    0x08000390   0x08000390   0x00000004   Code   RO         1918    .ARM.Collect$$rtentry$$0000000A  c_w.l(__rtentry2.o)
    0x08000394   0x08000394   0x00000000   Code   RO         1920    .ARM.Collect$$rtentry$$0000000C  c_w.l(__rtentry2.o)
    0x08000394   0x08000394   0x00000008   Code   RO         1921    .ARM.Collect$$rtentry$$0000000D  c_w.l(__rtentry2.o)
    0x0800039c   0x0800039c   0x00000002   Code   RO         2022    .ARM.Collect$$rtexit$$00000000  c_w.l(rtexit.o)
    0x0800039e   0x0800039e   0x00000000   Code   RO         2083    .ARM.Collect$$rtexit$$00000002  c_w.l(rtexit2.o)
    0x0800039e   0x0800039e   0x00000004   Code   RO         2084    .ARM.Collect$$rtexit$$00000003  c_w.l(rtexit2.o)
    0x080003a2   0x080003a2   0x00000006   Code   RO         2085    .ARM.Collect$$rtexit$$00000004  c_w.l(rtexit2.o)
    0x080003a8   0x080003a8   0x00000040   Code   RO            4    .text               startup_stm32h723xx.o
    0x080003e8   0x080003e8   0x00000002   Code   RO         1716    .text               c_w.l(use_no_semi_2.o)
    0x080003ea   0x080003ea   0x000000f0   Code   RO         1718    .text               c_w.l(lludivv7m.o)
    0x080004da   0x080004da   0x00000002   PAD
    0x080004dc   0x080004dc   0x0000003c   Code   RO         1722    .text               c_w.l(__0sscanf.o)
    0x08000518   0x08000518   0x0000014c   Code   RO         1724    .text               c_w.l(_scanf_int.o)
    0x08000664   0x08000664   0x00000014   Code   RO         1726    .text               c_w.l(strchr.o)
    0x08000678   0x08000678   0x00000096   Code   RO         1728    .text               c_w.l(strncmp.o)
    0x0800070e   0x0800070e   0x0000008a   Code   RO         1730    .text               c_w.l(rt_memcpy_v6.o)
    0x08000798   0x08000798   0x0000004e   Code   RO         1732    .text               c_w.l(rt_memclr_w.o)
    0x080007e6   0x080007e6   0x00000002   PAD
    0x080007e8   0x080007e8   0x0000007c   Code   RO         1734    .text               c_w.l(strcmpv7m_pel.o)
    0x08000864   0x08000864   0x00000006   Code   RO         1736    .text               c_w.l(heapauxi.o)
    0x0800086a   0x0800086a   0x00000002   Code   RO         1758    .text               c_w.l(use_no_semi.o)
    0x0800086c   0x0800086c   0x00000016   Code   RO         1765    .text               c_w.l(_rserrno.o)
    0x08000882   0x08000882   0x0000001c   Code   RO         1858    .text               c_w.l(_chval.o)
    0x0800089e   0x0800089e   0x00000002   PAD
    0x080008a0   0x080008a0   0x0000002c   Code   RO         1860    .text               c_w.l(scanf_char.o)
    0x080008cc   0x080008cc   0x00000040   Code   RO         1862    .text               c_w.l(_sgetc.o)
    0x0800090c   0x0800090c   0x00000064   Code   RO         1864    .text               c_w.l(rt_memcpy_w.o)
    0x08000970   0x08000970   0x00000008   Code   RO         1934    .text               c_w.l(rt_errno_addr_intlibspace.o)
    0x08000978   0x08000978   0x00000012   Code   RO         1938    .text               c_w.l(isspace.o)
    0x0800098a   0x0800098a   0x00000002   PAD
    0x0800098c   0x0800098c   0x00000374   Code   RO         1956    .text               c_w.l(_scanf.o)
    0x08000d00   0x08000d00   0x00000008   Code   RO         1964    .text               c_w.l(libspace.o)
    0x08000d08   0x08000d08   0x0000004a   Code   RO         1967    .text               c_w.l(sys_stackheap_outer.o)
    0x08000d52   0x08000d52   0x00000002   PAD
    0x08000d54   0x08000d54   0x00000010   Code   RO         1969    .text               c_w.l(rt_ctype_table.o)
    0x08000d64   0x08000d64   0x00000008   Code   RO         1974    .text               c_w.l(rt_locale_intlibspace.o)
    0x08000d6c   0x08000d6c   0x00000012   Code   RO         2008    .text               c_w.l(exit.o)
    0x08000d7e   0x08000d7e   0x00000002   PAD
    0x08000d80   0x08000d80   0x00000002   Code   RO           59    .text.BusFault_Handler  stm32h7xx_it.o
    0x08000d82   0x08000d82   0x00000006   PAD
    0x08000d88   0x08000d88   0x000000c4   Code   RO         1476    .text.CalculateStepperSpeed  my_interrupt.o
    0x08000e4c   0x08000e4c   0x00000004   PAD
    0x08000e50   0x08000e50   0x0000002e   Code   RO         1456    .text.DWT_Init      delay.o
    0x08000e7e   0x08000e7e   0x00000002   PAD
    0x08000e80   0x08000e80   0x00000002   Code   RO           65    .text.DebugMon_Handler  stm32h7xx_it.o
    0x08000e82   0x08000e82   0x00000006   PAD
    0x08000e88   0x08000e88   0x00000036   Code   RO         1462    .text.Delay_ms      delay.o
    0x08000ebe   0x08000ebe   0x00000002   PAD
    0x08000ec0   0x08000ec0   0x00000032   Code   RO         1460    .text.Delay_us      delay.o
    0x08000ef2   0x08000ef2   0x00000006   PAD
    0x08000ef8   0x08000ef8   0x0000000a   Code   RO           29    .text.Error_Handler  main.o
    0x08000f02   0x08000f02   0x00000006   PAD
    0x08000f08   0x08000f08   0x00000526   Code   RO          385    .text.HAL_DMA_Abort  stm32h7xx_hal_dma.o
    0x0800142e   0x0800142e   0x00000002   PAD
    0x08001430   0x08001430   0x000002b6   Code   RO          387    .text.HAL_DMA_Abort_IT  stm32h7xx_hal_dma.o
    0x080016e6   0x080016e6   0x00000002   PAD
    0x080016e8   0x080016e8   0x000001a6   Code   RO          319    .text.HAL_GPIO_Init  stm32h7xx_hal_gpio.o
    0x0800188e   0x0800188e   0x00000002   PAD
    0x08001890   0x08001890   0x0000000a   Code   RO          323    .text.HAL_GPIO_ReadPin  stm32h7xx_hal_gpio.o
    0x0800189a   0x0800189a   0x00000006   PAD
    0x080018a0   0x080018a0   0x0000000a   Code   RO          325    .text.HAL_GPIO_WritePin  stm32h7xx_hal_gpio.o
    0x080018aa   0x080018aa   0x00000006   PAD
    0x080018b0   0x080018b0   0x0000000c   Code   RO          619    .text.HAL_GetTick   stm32h7xx_hal.o
    0x080018bc   0x080018bc   0x00000004   PAD
    0x080018c0   0x080018c0   0x0000001a   Code   RO          617    .text.HAL_IncTick   stm32h7xx_hal.o
    0x080018da   0x080018da   0x00000006   PAD
    0x080018e0   0x080018e0   0x00000064   Code   RO          607    .text.HAL_Init      stm32h7xx_hal.o
    0x08001944   0x08001944   0x00000004   PAD
    0x08001948   0x08001948   0x00000050   Code   RO          609    .text.HAL_InitTick  stm32h7xx_hal.o
    0x08001998   0x08001998   0x00000020   Code   RO           86    .text.HAL_MspInit   stm32h7xx_hal_msp.o
    0x080019b8   0x080019b8   0x00000022   Code   RO          110    .text.HAL_NVIC_EnableIRQ  stm32h7xx_hal_cortex.o
    0x080019da   0x080019da   0x00000006   PAD
    0x080019e0   0x080019e0   0x0000005a   Code   RO          108    .text.HAL_NVIC_SetPriority  stm32h7xx_hal_cortex.o
    0x08001a3a   0x08001a3a   0x00000006   PAD
    0x08001a40   0x08001a40   0x00000020   Code   RO          106    .text.HAL_NVIC_SetPriorityGrouping  stm32h7xx_hal_cortex.o
    0x08001a60   0x08001a60   0x0000004c   Code   RO          523    .text.HAL_PWREx_ConfigSupply  stm32h7xx_hal_pwr_ex.o
    0x08001aac   0x08001aac   0x00000004   PAD
    0x08001ab0   0x08001ab0   0x00000026   Code   RO          210    .text.HAL_RCCEx_GetD3PCLK1Freq  stm32h7xx_hal_rcc_ex.o
    0x08001ad6   0x08001ad6   0x00000002   PAD
    0x08001ad8   0x08001ad8   0x00000128   Code   RO          206    .text.HAL_RCCEx_GetPLL2ClockFreq  stm32h7xx_hal_rcc_ex.o
    0x08001c00   0x08001c00   0x00000128   Code   RO          208    .text.HAL_RCCEx_GetPLL3ClockFreq  stm32h7xx_hal_rcc_ex.o
    0x08001d28   0x08001d28   0x00000a80   Code   RO          194    .text.HAL_RCCEx_PeriphCLKConfig  stm32h7xx_hal_rcc_ex.o
    0x080027a8   0x080027a8   0x00000254   Code   RO          162    .text.HAL_RCC_ClockConfig  stm32h7xx_hal_rcc.o
    0x080029fc   0x080029fc   0x00000004   PAD
    0x08002a00   0x08002a00   0x0000004c   Code   RO          172    .text.HAL_RCC_GetHCLKFreq  stm32h7xx_hal_rcc.o
    0x08002a4c   0x08002a4c   0x00000004   PAD
    0x08002a50   0x08002a50   0x00000060   Code   RO          174    .text.HAL_RCC_GetPCLK1Freq  stm32h7xx_hal_rcc.o
    0x08002ab0   0x08002ab0   0x00000060   Code   RO          176    .text.HAL_RCC_GetPCLK2Freq  stm32h7xx_hal_rcc.o
    0x08002b10   0x08002b10   0x0000011c   Code   RO          164    .text.HAL_RCC_GetSysClockFreq  stm32h7xx_hal_rcc.o
    0x08002c2c   0x08002c2c   0x00000004   PAD
    0x08002c30   0x08002c30   0x0000052c   Code   RO          160    .text.HAL_RCC_OscConfig  stm32h7xx_hal_rcc.o
    0x0800315c   0x0800315c   0x00000004   PAD
    0x08003160   0x08003160   0x0000002e   Code   RO          118    .text.HAL_SYSTICK_Config  stm32h7xx_hal_cortex.o
    0x0800318e   0x0800318e   0x00000002   PAD
    0x08003190   0x08003190   0x00000002   Code   RO         1242    .text.HAL_TIMEx_Break2Callback  stm32h7xx_hal_tim_ex.o
    0x08003192   0x08003192   0x00000006   PAD
    0x08003198   0x08003198   0x00000002   Code   RO         1240    .text.HAL_TIMEx_BreakCallback  stm32h7xx_hal_tim_ex.o
    0x0800319a   0x0800319a   0x00000006   PAD
    0x080031a0   0x080031a0   0x00000002   Code   RO         1236    .text.HAL_TIMEx_CommutCallback  stm32h7xx_hal_tim_ex.o
    0x080031a2   0x080031a2   0x00000006   PAD
    0x080031a8   0x080031a8   0x000000de   Code   RO         1220    .text.HAL_TIMEx_MasterConfigSynchronization  stm32h7xx_hal_tim_ex.o
    0x08003286   0x08003286   0x00000002   PAD
    0x08003288   0x08003288   0x00000060   Code   RO          925    .text.HAL_TIM_Base_Init  stm32h7xx_hal_tim.o
    0x080032e8   0x080032e8   0x000000ec   Code   RO           88    .text.HAL_TIM_Base_MspInit  stm32h7xx_hal_msp.o
    0x080033d4   0x080033d4   0x00000004   PAD
    0x080033d8   0x080033d8   0x000000dc   Code   RO          939    .text.HAL_TIM_Base_Start_IT  stm32h7xx_hal_tim.o
    0x080034b4   0x080034b4   0x00000004   PAD
    0x080034b8   0x080034b8   0x00000200   Code   RO         1105    .text.HAL_TIM_ConfigClockSource  stm32h7xx_hal_tim.o
    0x080036b8   0x080036b8   0x00000002   Code   RO         1061    .text.HAL_TIM_IC_CaptureCallback  stm32h7xx_hal_tim.o
    0x080036ba   0x080036ba   0x00000006   PAD
    0x080036c0   0x080036c0   0x0000016c   Code   RO         1059    .text.HAL_TIM_IRQHandler  stm32h7xx_hal_tim.o
    0x0800382c   0x0800382c   0x00000004   PAD
    0x08003830   0x08003830   0x000000b8   Code   RO           90    .text.HAL_TIM_MspPostInit  stm32h7xx_hal_msp.o
    0x080038e8   0x080038e8   0x00000002   Code   RO         1063    .text.HAL_TIM_OC_DelayElapsedCallback  stm32h7xx_hal_tim.o
    0x080038ea   0x080038ea   0x00000006   PAD
    0x080038f0   0x080038f0   0x000004b2   Code   RO         1079    .text.HAL_TIM_PWM_ConfigChannel  stm32h7xx_hal_tim.o
    0x08003da2   0x08003da2   0x00000006   PAD
    0x08003da8   0x08003da8   0x00000060   Code   RO          979    .text.HAL_TIM_PWM_Init  stm32h7xx_hal_tim.o
    0x08003e08   0x08003e08   0x00000002   Code   RO          981    .text.HAL_TIM_PWM_MspInit  stm32h7xx_hal_tim.o
    0x08003e0a   0x08003e0a   0x00000006   PAD
    0x08003e10   0x08003e10   0x00000002   Code   RO         1065    .text.HAL_TIM_PWM_PulseFinishedCallback  stm32h7xx_hal_tim.o
    0x08003e12   0x08003e12   0x00000006   PAD
    0x08003e18   0x08003e18   0x00000170   Code   RO          987    .text.HAL_TIM_PWM_Start  stm32h7xx_hal_tim.o
    0x08003f88   0x08003f88   0x00000056   Code   RO         1480    .text.HAL_TIM_PeriodElapsedCallback  my_interrupt.o
    0x08003fde   0x08003fde   0x00000002   PAD
    0x08003fe0   0x08003fe0   0x00000002   Code   RO         1069    .text.HAL_TIM_TriggerCallback  stm32h7xx_hal_tim.o
    0x08003fe2   0x08003fe2   0x00000006   PAD
    0x08003fe8   0x08003fe8   0x00000036   Code   RO         1419    .text.HAL_UARTEx_DisableFifoMode  stm32h7xx_hal_uart_ex.o
    0x0800401e   0x0800401e   0x00000002   PAD
    0x08004020   0x08004020   0x00000002   Code   RO         1346    .text.HAL_UARTEx_RxEventCallback  stm32h7xx_hal_uart.o
    0x08004022   0x08004022   0x00000006   PAD
    0x08004028   0x08004028   0x00000002   Code   RO         1405    .text.HAL_UARTEx_RxFifoFullCallback  stm32h7xx_hal_uart_ex.o
    0x0800402a   0x0800402a   0x00000006   PAD
    0x08004030   0x08004030   0x0000008c   Code   RO         1423    .text.HAL_UARTEx_SetRxFifoThreshold  stm32h7xx_hal_uart_ex.o
    0x080040bc   0x080040bc   0x00000004   PAD
    0x080040c0   0x080040c0   0x0000008c   Code   RO         1421    .text.HAL_UARTEx_SetTxFifoThreshold  stm32h7xx_hal_uart_ex.o
    0x0800414c   0x0800414c   0x00000004   PAD
    0x08004150   0x08004150   0x00000002   Code   RO         1407    .text.HAL_UARTEx_TxFifoEmptyCallback  stm32h7xx_hal_uart_ex.o
    0x08004152   0x08004152   0x00000006   PAD
    0x08004158   0x08004158   0x00000002   Code   RO         1403    .text.HAL_UARTEx_WakeupCallback  stm32h7xx_hal_uart_ex.o
    0x0800415a   0x0800415a   0x00000006   PAD
    0x08004160   0x08004160   0x00000002   Code   RO         1344    .text.HAL_UART_ErrorCallback  stm32h7xx_hal_uart.o
    0x08004162   0x08004162   0x00000006   PAD
    0x08004168   0x08004168   0x00000672   Code   RO         1340    .text.HAL_UART_IRQHandler  stm32h7xx_hal_uart.o
    0x080047da   0x080047da   0x00000006   PAD
    0x080047e0   0x080047e0   0x00000064   Code   RO         1256    .text.HAL_UART_Init  stm32h7xx_hal_uart.o
    0x08004844   0x08004844   0x00000004   PAD
    0x08004848   0x08004848   0x000000a4   Code   RO           94    .text.HAL_UART_MspInit  stm32h7xx_hal_msp.o
    0x080048ec   0x080048ec   0x00000004   PAD
    0x080048f0   0x080048f0   0x000000ac   Code   RO         1292    .text.HAL_UART_Receive_IT  stm32h7xx_hal_uart.o
    0x0800499c   0x0800499c   0x00000004   PAD
    0x080049a0   0x080049a0   0x000000ea   Code   RO         1590    .text.HAL_UART_RxCpltCallback  serial.o
    0x08004a8a   0x08004a8a   0x00000006   PAD
    0x08004a90   0x08004a90   0x00000002   Code   RO         1348    .text.HAL_UART_TxCpltCallback  stm32h7xx_hal_uart.o
    0x08004a92   0x08004a92   0x00000006   PAD
    0x08004a98   0x08004a98   0x00000002   Code   RO           55    .text.HardFault_Handler  stm32h7xx_it.o
    0x08004a9a   0x08004a9a   0x00000006   PAD
    0x08004aa0   0x08004aa0   0x00000002   Code   RO           57    .text.MemManage_Handler  stm32h7xx_it.o
    0x08004aa2   0x08004aa2   0x00000006   PAD
    0x08004aa8   0x08004aa8   0x00000002   Code   RO           53    .text.NMI_Handler   stm32h7xx_it.o
    0x08004aaa   0x08004aaa   0x00000006   PAD
    0x08004ab0   0x08004ab0   0x00000014   Code   RO         1510    .text.OLED_Clear    oled.o
    0x08004ac4   0x08004ac4   0x00000004   PAD
    0x08004ac8   0x08004ac8   0x00000170   Code   RO         1698    .text.OLED_DrawMenu  menu.o
    0x08004c38   0x08004c38   0x000001fe   Code   RO         1556    .text.OLED_DrawRectangle  oled.o
    0x08004e36   0x08004e36   0x00000002   PAD
    0x08004e38   0x08004e38   0x000001be   Code   RO         1502    .text.OLED_I2C_SendByte  oled.o
    0x08004ff6   0x08004ff6   0x00000002   PAD
    0x08004ff8   0x08004ff8   0x000000cc   Code   RO         1508    .text.OLED_Init     oled.o
    0x080050c4   0x080050c4   0x00000004   PAD
    0x080050c8   0x080050c8   0x00000172   Code   RO         1544    .text.OLED_ShowFloatNum  oled.o
    0x0800523a   0x0800523a   0x00000006   PAD
    0x08005240   0x08005240   0x000005e6   Code   RO         1532    .text.OLED_ShowImage  oled.o
    0x08005826   0x08005826   0x00000002   PAD
    0x08005828   0x08005828   0x00000194   Code   RO         1536    .text.OLED_ShowNum  oled.o
    0x080059bc   0x080059bc   0x00000004   PAD
    0x080059c0   0x080059c0   0x000001fe   Code   RO         1538    .text.OLED_ShowSignedNum  oled.o
    0x08005bbe   0x08005bbe   0x00000002   PAD
    0x08005bc0   0x08005bc0   0x000000a6   Code   RO         1534    .text.OLED_ShowString  oled.o
    0x08005c66   0x08005c66   0x00000002   PAD
    0x08005c68   0x08005c68   0x000000ec   Code   RO         1512    .text.OLED_Update   oled.o
    0x08005d54   0x08005d54   0x00000004   PAD
    0x08005d58   0x08005d58   0x00000092   Code   RO         1504    .text.OLED_WriteCommand  oled.o
    0x08005dea   0x08005dea   0x00000006   PAD
    0x08005df0   0x08005df0   0x000000a0   Code   RO         1506    .text.OLED_WriteData  oled.o
    0x08005e90   0x08005e90   0x000001b0   Code   RO         1633    .text.ParsePacket   packet_parser.o
    0x08006040   0x08006040   0x00000002   Code   RO           67    .text.PendSV_Handler  stm32h7xx_it.o
    0x08006042   0x08006042   0x00000006   PAD
    0x08006048   0x08006048   0x00000122   Code   RO          196    .text.RCCEx_PLL2_Config  stm32h7xx_hal_rcc_ex.o
    0x0800616a   0x0800616a   0x00000006   PAD
    0x08006170   0x08006170   0x00000122   Code   RO          198    .text.RCCEx_PLL3_Config  stm32h7xx_hal_rcc_ex.o
    0x08006292   0x08006292   0x00000006   PAD
    0x08006298   0x08006298   0x00000002   Code   RO           63    .text.SVC_Handler   stm32h7xx_it.o
    0x0800629a   0x0800629a   0x00000006   PAD
    0x080062a0   0x080062a0   0x0000001c   Code   RO         1603    .text.Servo_Init    servo.o
    0x080062bc   0x080062bc   0x00000004   PAD
    0x080062c0   0x080062c0   0x0000009e   Code   RO         1474    .text.Stepper_Control  my_interrupt.o
    0x0800635e   0x0800635e   0x00000002   PAD
    0x08006360   0x08006360   0x0000003e   Code   RO         1478    .text.Stepper_Init  my_interrupt.o
    0x0800639e   0x0800639e   0x00000002   PAD
    0x080063a0   0x080063a0   0x00000004   Code   RO           69    .text.SysTick_Handler  stm32h7xx_it.o
    0x080063a4   0x080063a4   0x00000004   PAD
    0x080063a8   0x080063a8   0x000000c8   Code   RO           21    .text.SystemClock_Config  main.o
    0x08006470   0x08006470   0x000000b0   Code   RO         1442    .text.SystemInit    system_stm32h7xx.o
    0x08006520   0x08006520   0x0000000c   Code   RO           77    .text.TIM24_IRQHandler  stm32h7xx_it.o
    0x0800652c   0x0800652c   0x00000004   PAD
    0x08006530   0x08006530   0x0000000c   Code   RO           71    .text.TIM3_IRQHandler  stm32h7xx_it.o
    0x0800653c   0x0800653c   0x00000004   PAD
    0x08006540   0x08006540   0x0000000c   Code   RO           73    .text.TIM6_DAC_IRQHandler  stm32h7xx_it.o
    0x0800654c   0x0800654c   0x00000004   PAD
    0x08006550   0x08006550   0x00000184   Code   RO          929    .text.TIM_Base_SetConfig  stm32h7xx_hal_tim.o
    0x080066d4   0x080066d4   0x00000004   PAD
    0x080066d8   0x080066d8   0x0000000c   Code   RO           75    .text.UART9_IRQHandler  stm32h7xx_it.o
    0x080066e4   0x080066e4   0x00000004   PAD
    0x080066e8   0x080066e8   0x000000e0   Code   RO         1260    .text.UART_AdvFeatureConfig  stm32h7xx_hal_uart.o
    0x080067c8   0x080067c8   0x0000016e   Code   RO         1264    .text.UART_CheckIdleState  stm32h7xx_hal_uart.o
    0x08006936   0x08006936   0x00000002   PAD
    0x08006938   0x08006938   0x00000010   Code   RO         1342    .text.UART_DMAAbortOnError  stm32h7xx_hal_uart.o
    0x08006948   0x08006948   0x0000005c   Code   RO         1586    .text.UART_GetPacket  serial.o
    0x080069a4   0x080069a4   0x00000004   PAD
    0x080069a8   0x080069a8   0x000001c4   Code   RO         1382    .text.UART_RxISR_16BIT  stm32h7xx_hal_uart.o
    0x08006b6c   0x08006b6c   0x00000004   PAD
    0x08006b70   0x08006b70   0x00000330   Code   RO         1378    .text.UART_RxISR_16BIT_FIFOEN  stm32h7xx_hal_uart.o
    0x08006ea0   0x08006ea0   0x000001c8   Code   RO         1384    .text.UART_RxISR_8BIT  stm32h7xx_hal_uart.o
    0x08007068   0x08007068   0x00000334   Code   RO         1380    .text.UART_RxISR_8BIT_FIFOEN  stm32h7xx_hal_uart.o
    0x0800739c   0x0800739c   0x00000004   PAD
    0x080073a0   0x080073a0   0x000004a0   Code   RO         1262    .text.UART_SetConfig  stm32h7xx_hal_uart.o
    0x08007840   0x08007840   0x00000016   Code   RO         1584    .text.UART_StartReceiveIT  serial.o
    0x08007856   0x08007856   0x00000002   PAD
    0x08007858   0x08007858   0x00000274   Code   RO         1294    .text.UART_Start_Receive_IT  stm32h7xx_hal_uart.o
    0x08007acc   0x08007acc   0x00000004   PAD
    0x08007ad0   0x08007ad0   0x00000358   Code   RO         1278    .text.UART_WaitOnFlagUntilTimeout  stm32h7xx_hal_uart.o
    0x08007e28   0x08007e28   0x00000002   Code   RO           61    .text.UsageFault_Handler  stm32h7xx_it.o
    0x08007e2a   0x08007e2a   0x00000006   PAD
    0x08007e30   0x08007e30   0x00000002   Code   RO           13    .text._sys_exit     main.o
    0x08007e32   0x08007e32   0x00000006   PAD
    0x08007e38   0x08007e38   0x00000064   Code   RO         1686    .text.get_menu_action  menu.o
    0x08007e9c   0x08007e9c   0x00000004   PAD
    0x08007ea0   0x08007ea0   0x000000a2   Code   RO         1659    .text.init_all_pid_new  fuzzypid.o
    0x08007f42   0x08007f42   0x00000006   PAD
    0x08007f48   0x08007f48   0x00000024   Code   RO         1696    .text.init_menu     menu.o
    0x08007f6c   0x08007f6c   0x00000004   PAD
    0x08007f70   0x08007f70   0x000005b8   Code   RO           19    .text.main          main.o
    0x08008528   0x08008528   0x000002c0   Code   RO           23    .text.menu_mode1    main.o
    0x080087e8   0x080087e8   0x00000140   Code   RO           25    .text.menu_mode2    main.o
    0x08008928   0x08008928   0x000001ec   Code   RO           27    .text.menu_mode3    main.o
    0x08008b14   0x08008b14   0x00000004   PAD
    0x08008b18   0x08008b18   0x00000076   Code   RO         1694    .text.menu_navigate  menu.o
    0x08008b8e   0x08008b8e   0x00000002   PAD
    0x08008b90   0x08008b90   0x00000016   Code   RO         1688    .text.option_func   menu.o
    0x08008ba6   0x08008ba6   0x00000002   PAD
    0x08008ba8   0x08008ba8   0x00000120   Code   RO         1684    .text.scan_keys     menu.o
    0x08008cc8   0x08008cc8   0x0000000e   Code   RO         1661    .text.set_pid_index  fuzzypid.o
    0x08008cd6   0x08008cd6   0x00000030   Code   RO         1960    i.__ARM_fpclassify  m_wv.l(fpclassify.o)
    0x08008d06   0x08008d06   0x00000002   PAD
    0x08008d08   0x08008d08   0x000000b0   Code   RO         1746    i.__hardfp_cos      m_wv.l(cos.o)
    0x08008db8   0x08008db8   0x000000b0   Code   RO         1752    i.__hardfp_sin      m_wv.l(sin.o)
    0x08008e68   0x08008e68   0x00000308   Code   RO         1906    i.__ieee754_rem_pio2  m_wv.l(rred.o)
    0x08009170   0x08009170   0x000000c4   Code   RO         1882    i.__kernel_cos      m_wv.l(cos_i.o)
    0x08009234   0x08009234   0x00000070   Code   RO         1962    i.__kernel_poly     m_wv.l(poly.o)
    0x080092a4   0x080092a4   0x00000004   PAD
    0x080092a8   0x080092a8   0x000000a0   Code   RO         1911    i.__kernel_sin      m_wv.l(sin_i.o)
    0x08009348   0x08009348   0x00000018   Code   RO         1888    i.__mathlib_dbl_invalid  m_wv.l(dunder.o)
    0x08009360   0x08009360   0x00000018   Code   RO         1891    i.__mathlib_dbl_underflow  m_wv.l(dunder.o)
    0x08009378   0x08009378   0x00000018   Code   RO         1901    i.fabs              m_wv.l(fabs.o)
    0x08009390   0x08009390   0x0000002c   Code   RO         2029    locale$$code        c_w.l(lc_ctype_c.o)
    0x080093bc   0x080093bc   0x0000001a   Code   RO         2097    x$fpl$fpinit        fz_wv.l(fpinit.o)
    0x080093d6   0x080093d6   0x00000000   Code   RO         1874    x$fpl$usenofp       fz_wv.l(usenofp.o)
    0x080093d6   0x080093d6   0x00000002   PAD
    0x080093d8   0x080093d8   0x00000030   Data   RO         1883    .constdata          m_wv.l(cos_i.o)
    0x08009408   0x08009408   0x000000cc   Data   RO         1908    .constdata          m_wv.l(rred.o)
    0x080094d4   0x080094d4   0x00000004   PAD
    0x080094d8   0x080094d8   0x00000028   Data   RO         1912    .constdata          m_wv.l(sin_i.o)
    0x08009500   0x08009500   0x00000014   Data   RO         1482    .rodata..Lswitch.table.Stepper_Control.1  my_interrupt.o
    0x08009514   0x08009514   0x00000006   Data   RO         1391    .rodata..Lswitch.table.UART_SetConfig.7  stm32h7xx_hal_uart.o
    0x0800951a   0x0800951a   0x00000006   Data   RO         1392    .rodata..Lswitch.table.UART_SetConfig.9  stm32h7xx_hal_uart.o
    0x08009520   0x08009520   0x00000010   Data   RO         1446    .rodata.D1CorePrescTable  system_stm32h7xx.o
    0x08009530   0x08009530   0x0000023a   Data   RO         1576    .rodata.OLED_F6x8   oled_data.o
    0x0800976a   0x0800976a   0x000005f0   Data   RO         1575    .rodata.OLED_F8x16  oled_data.o
    0x08009d5a   0x08009d5a   0x00000018   Data   RO         1390    .rodata.UARTPrescTable  stm32h7xx_hal_uart.o
    0x08009d72   0x08009d72   0x00000010   Data   RO         1433    .rodata.cst8        stm32h7xx_hal_uart_ex.o
    0x08009d82   0x08009d82   0x00000007   Data   RO           39    .rodata.str1.1      main.o
    0x08009d89   0x08009d89   0x00000008   Data   RO         1635    .rodata.str1.1      packet_parser.o
    0x08009d91   0x08009d91   0x00000022   Data   RO         1705    .rodata.str1.1      menu.o
    0x08009db3   0x08009db3   0x00000001   PAD
    0x08009db4   0x08009db4   0x00000020   Data   RO         2147    Region$$Table       anon$$obj.o
    0x08009dd4   0x08009dd4   0x00000110   Data   RO         2028    locale$$data        c_w.l(lc_ctype_c.o)


    Execution Region RW_IRAM1 (Exec base: 0x20000000, Load base: 0x08009ee4, Size: 0x00000000, Max: 0x00020000, ABSOLUTE)

    **** No section assigned to this execution region ****


    Execution Region RW_IRAM2 (Exec base: 0x24000000, Load base: 0x08009ee8, Size: 0x00001150, Max: 0x00050000, ABSOLUTE)

    Exec Addr    Load Addr    Size         Type   Attr      Idx    E Section Name        Object

    0x24000000   0x08009ee8   0x00000014   Data   RW           43    .data..L_MergedGlobals  main.o
    0x24000014   0x08009efc   0x00000008   Data   RW          716    .data..L_MergedGlobals  stm32h7xx_hal.o
    0x2400001c   0x08009f04   0x00000008   Data   RW         1447    .data..L_MergedGlobals  system_stm32h7xx.o
    0x24000024   0x08009f0c   0x0000007c   Data   RW         1706    .data..L_MergedGlobals  menu.o
    0x240000a0   0x08009f88   0x00000010   Data   RW         1700    .data.KEY_PORT      menu.o
    0x240000b0        -       0x00000060   Zero   RW         1965    .bss                c_w.l(libspace.o)
    0x24000110        -       0x00000048   Zero   RW         1483    .bss..L_MergedGlobals  my_interrupt.o
    0x24000158        -       0x0000000a   Zero   RW         1594    .bss..L_MergedGlobals  serial.o
    0x24000162   0x08009f98   0x00000002   PAD
    0x24000164        -       0x00000014   Zero   RW         1624    .bss..L_MergedGlobals  servo.o
    0x24000178        -       0x00000050   Zero   RW         1638    .bss..L_MergedGlobals  packet_parser.o
    0x240001c8        -       0x00000058   Zero   RW           44    .bss..L_MergedGlobals.12  main.o
    0x24000220        -       0x00000400   Zero   RW         1566    .bss.OLED_DisplayBuf  oled.o
    0x24000620        -       0x00000002   Zero   RW           34    .bss.change_flag    main.o
    0x24000622        -       0x00000001   Zero   RW         1703    .bss.cl_action      menu.o
    0x24000623   0x08009f98   0x00000001   PAD
    0x24000624        -       0x0000004c   Zero   RW           37    .bss.htim24         main.o
    0x24000670        -       0x0000004c   Zero   RW           36    .bss.htim3          main.o
    0x240006bc        -       0x0000004c   Zero   RW           38    .bss.htim6          main.o
    0x24000708        -       0x00000094   Zero   RW           35    .bss.huart9         main.o
    0x2400079c        -       0x00000018   Zero   RW         1704    .bss.keys           menu.o
    0x240007b4        -       0x00000004   Zero   RW           40    .bss.menu_mode2.move_distance.1  main.o
    0x240007b8        -       0x00000001   Zero   RW         1702    .bss.mode_inter_flag  menu.o
    0x240007b9   0x08009f98   0x00000003   PAD
    0x240007bc        -       0x00000040   Zero   RW         1674    .bss.pid_x          fuzzypid.o
    0x240007fc        -       0x00000040   Zero   RW         1675    .bss.pid_y          fuzzypid.o
    0x2400083c        -       0x0000028a   Zero   RW         1592    .bss.s_packet_queue  serial.o
    0x24000ac6   0x08009f98   0x00000002   PAD
    0x24000ac8        -       0x00000080   Zero   RW         1593    .bss.s_rx_buffer    serial.o
    0x24000b48        -       0x00000004   Zero   RW          715    .bss.uwTick         stm32h7xx_hal.o
    0x24000b4c   0x08009f98   0x00000004   PAD
    0x24000b50        -       0x00000200   Zero   RW            2    HEAP                startup_stm32h723xx.o
    0x24000d50        -       0x00000400   Zero   RW            1    STACK               startup_stm32h723xx.o


==============================================================================

Image component sizes


      Code (inc. data)   RO Data    RW Data    ZI Data      Debug   Object Name

       150          0          0          0          0       2776   delay.o
       176          0          0          0        128       8828   fuzzypid.o
      3192        134          7         20        470      17953   main.o
       932         10         34        140         26       6167   menu.o
       502          4         20          0         72       6518   my_interrupt.o
      4682          0          0          0       1024      50279   oled.o
         0          0       2090          0          0        783   oled_data.o
       432         48          8          0         80       1817   packet_parser.o
       348          0          0          0        788       5302   serial.o
        28          0          0          0         20       6715   servo.o
        64         26        716          0       1536        832   startup_stm32h723xx.o
       218          0          0          8          4      15999   stm32h7xx_hal.o
       202          0          0          0          0      12412   stm32h7xx_hal_cortex.o
      2012          0          0          0          0      18214   stm32h7xx_hal_dma.o
       442          0          0          0          0       6992   stm32h7xx_hal_gpio.o
       616          0          0          0          0      14333   stm32h7xx_hal_msp.o
        76          0          0          0          0       9727   stm32h7xx_hal_pwr_ex.o
      2472         24          0          0          0      11668   stm32h7xx_hal_rcc.o
      3898        144          0          0          0      20045   stm32h7xx_hal_rcc_ex.o
      3256         20          0          0          0      67489   stm32h7xx_hal_tim.o
       228          0          0          0          0      27270   stm32h7xx_hal_tim_ex.o
      7746        332         36          0          0      43799   stm32h7xx_hal_uart.o
       340          0         16          0          0      11570   stm32h7xx_hal_uart_ex.o
        68          0          0          0          0       6863   stm32h7xx_it.o
       176          0         16          8          0       5265   system_stm32h7xx.o

    ----------------------------------------------------------------------
     32662        758       2976        176       4160     379616   Object Totals
         0          0         32          0          0          0   (incl. Generated)
       406         16          1          0         12          0   (incl. Padding)

    ----------------------------------------------------------------------

      Code (inc. data)   RO Data    RW Data    ZI Data      Debug   Library Member Name

        60          8          0          0          0         84   __0sscanf.o
         8          0          0          0          0         68   __main.o
         0          0          0          0          0          0   __rtentry.o
        12          0          0          0          0          0   __rtentry2.o
         6          0          0          0          0          0   __rtentry4.o
        94          8          0          0          0          0   __scatter.o
        26          0          0          0          0          0   __scatter_copy.o
        28          0          0          0          0          0   __scatter_zi.o
        28          0          0          0          0         68   _chval.o
        22          0          0          0          0        100   _rserrno.o
       884          6          0          0          0        100   _scanf.o
       332          0          0          0          0         96   _scanf_int.o
        64          0          0          0          0         84   _sgetc.o
        18          0          0          0          0         80   exit.o
         6          0          0          0          0        152   heapauxi.o
        18          0          0          0          0         76   isspace.o
        44         10        272          0          0         76   lc_ctype_c.o
         2          0          0          0          0          0   libinit.o
        24          0          0          0          0          0   libinit2.o
         2          0          0          0          0          0   libshutdown.o
         2          0          0          0          0          0   libshutdown2.o
         8          4          0          0         96         68   libspace.o
       240          0          0          0          0        100   lludivv7m.o
        16          4          0          0          0         76   rt_ctype_table.o
         8          4          0          0          0         68   rt_errno_addr_intlibspace.o
         8          4          0          0          0         68   rt_locale_intlibspace.o
        78          0          0          0          0         80   rt_memclr_w.o
       138          0          0          0          0         68   rt_memcpy_v6.o
       100          0          0          0          0         80   rt_memcpy_w.o
         2          0          0          0          0          0   rtexit.o
        10          0          0          0          0          0   rtexit2.o
        44          8          0          0          0         84   scanf_char.o
        20          0          0          0          0         68   strchr.o
       124          0          0          0          0         88   strcmpv7m_pel.o
       150          0          0          0          0         80   strncmp.o
        74          0          0          0          0         80   sys_stackheap_outer.o
         2          0          0          0          0         68   use_no_semi.o
         2          0          0          0          0         68   use_no_semi_2.o
        26          0          0          0          0        116   fpinit.o
         0          0          0          0          0          0   usenofp.o
       176         18          0          0          0        156   cos.o
       196         14         48          0          0        176   cos_i.o
        48         28          0          0          0        232   dunder.o
        24          0          0          0          0        124   fabs.o
        48          0          0          0          0        124   fpclassify.o
       112          0          0          0          0        116   poly.o
       776        130        204          0          0        172   rred.o
       176         18          0          0          0        160   sin.o
       160         16         40          0          0        196   sin_i.o

    ----------------------------------------------------------------------
      4470        280        568          0         96       3700   Library Totals
        24          0          4          0          0          0   (incl. Padding)

    ----------------------------------------------------------------------

      Code (inc. data)   RO Data    RW Data    ZI Data      Debug   Library Name

      2704         56        272          0         96       2128   c_w.l
        26          0          0          0          0        116   fz_wv.l
      1716        224        292          0          0       1456   m_wv.l

    ----------------------------------------------------------------------
      4470        280        568          0         96       3700   Library Totals

    ----------------------------------------------------------------------

==============================================================================


      Code (inc. data)   RO Data    RW Data    ZI Data      Debug   

     37132       1038       3544        176       4256     380900   Grand Totals
     37132       1038       3544        176       4256     380900   ELF Image Totals
     37132       1038       3544        176          0          0   ROM Totals

==============================================================================

    Total RO  Size (Code + RO Data)                40676 (  39.72kB)
    Total RW  Size (RW Data + ZI Data)              4432 (   4.33kB)
    Total ROM Size (Code + RO Data + RW Data)      40852 (  39.89kB)

==============================================================================

