Component: Arm Compiler for Embedded 6.23 Tool: armlink [5f102400]

==============================================================================

Section Cross References

    startup_stm32h723xx.o(STACK) refers (Special) to heapauxi.o(.text) for __use_two_region_memory
    startup_stm32h723xx.o(HEAP) refers (Special) to heapauxi.o(.text) for __use_two_region_memory
    startup_stm32h723xx.o(RESET) refers (Special) to heapauxi.o(.text) for __use_two_region_memory
    startup_stm32h723xx.o(RESET) refers to startup_stm32h723xx.o(STACK) for __initial_sp
    startup_stm32h723xx.o(RESET) refers to startup_stm32h723xx.o(.text) for Reset_Handler
    startup_stm32h723xx.o(RESET) refers to stm32h7xx_it.o(.text.NMI_Handler) for NMI_Handler
    startup_stm32h723xx.o(RESET) refers to stm32h7xx_it.o(.text.HardFault_Handler) for HardFault_Handler
    startup_stm32h723xx.o(RESET) refers to stm32h7xx_it.o(.text.MemManage_Handler) for MemManage_Handler
    startup_stm32h723xx.o(RESET) refers to stm32h7xx_it.o(.text.BusFault_Handler) for BusFault_Handler
    startup_stm32h723xx.o(RESET) refers to stm32h7xx_it.o(.text.UsageFault_Handler) for UsageFault_Handler
    startup_stm32h723xx.o(RESET) refers to stm32h7xx_it.o(.text.SVC_Handler) for SVC_Handler
    startup_stm32h723xx.o(RESET) refers to stm32h7xx_it.o(.text.DebugMon_Handler) for DebugMon_Handler
    startup_stm32h723xx.o(RESET) refers to stm32h7xx_it.o(.text.PendSV_Handler) for PendSV_Handler
    startup_stm32h723xx.o(RESET) refers to stm32h7xx_it.o(.text.SysTick_Handler) for SysTick_Handler
    startup_stm32h723xx.o(RESET) refers to stm32h7xx_it.o(.text.TIM3_IRQHandler) for TIM3_IRQHandler
    startup_stm32h723xx.o(RESET) refers to stm32h7xx_it.o(.text.TIM15_IRQHandler) for TIM15_IRQHandler
    startup_stm32h723xx.o(RESET) refers to stm32h7xx_it.o(.text.UART9_IRQHandler) for UART9_IRQHandler
    startup_stm32h723xx.o(RESET) refers to stm32h7xx_it.o(.text.TIM23_IRQHandler) for TIM23_IRQHandler
    startup_stm32h723xx.o(RESET) refers to stm32h7xx_it.o(.text.TIM24_IRQHandler) for TIM24_IRQHandler
    startup_stm32h723xx.o(.text) refers (Special) to heapauxi.o(.text) for __use_two_region_memory
    startup_stm32h723xx.o(.text) refers to system_stm32h7xx.o(.text.SystemInit) for SystemInit
    startup_stm32h723xx.o(.text) refers to __main.o(!!!main) for __main
    startup_stm32h723xx.o(.text) refers to startup_stm32h723xx.o(HEAP) for Heap_Mem
    startup_stm32h723xx.o(.text) refers to startup_stm32h723xx.o(STACK) for Stack_Mem
    main.o(.text) refers (Special) to use_no_semi_2.o(.text) for __use_no_semihosting
    main.o(.text._ttywrch) refers (Special) to use_no_semi_2.o(.text) for __use_no_semihosting
    main.o(.ARM.exidx.text._ttywrch) refers (Special) to use_no_semi_2.o(.text) for __use_no_semihosting
    main.o(.ARM.exidx.text._ttywrch) refers to main.o(.text._ttywrch) for [Anonymous Symbol]
    main.o(.text._sys_exit) refers (Special) to use_no_semi_2.o(.text) for __use_no_semihosting
    main.o(.ARM.exidx.text._sys_exit) refers (Special) to use_no_semi_2.o(.text) for __use_no_semihosting
    main.o(.ARM.exidx.text._sys_exit) refers to main.o(.text._sys_exit) for [Anonymous Symbol]
    main.o(.text._sys_command_string) refers (Special) to use_no_semi_2.o(.text) for __use_no_semihosting
    main.o(.ARM.exidx.text._sys_command_string) refers (Special) to use_no_semi_2.o(.text) for __use_no_semihosting
    main.o(.ARM.exidx.text._sys_command_string) refers to main.o(.text._sys_command_string) for [Anonymous Symbol]
    main.o(.text.fputc) refers (Special) to use_no_semi_2.o(.text) for __use_no_semihosting
    main.o(.text.fputc) refers to usart.o(.bss.huart9) for huart9
    main.o(.text.fputc) refers to stm32h7xx_hal_uart.o(.text.HAL_UART_Transmit) for HAL_UART_Transmit
    main.o(.ARM.exidx.text.fputc) refers (Special) to use_no_semi_2.o(.text) for __use_no_semihosting
    main.o(.ARM.exidx.text.fputc) refers to main.o(.text.fputc) for [Anonymous Symbol]
    main.o(.text.main) refers (Special) to use_no_semi_2.o(.text) for __use_no_semihosting
    main.o(.text.main) refers to stm32h7xx_hal.o(.text.HAL_Init) for HAL_Init
    main.o(.text.main) refers to main.o(.text.SystemClock_Config) for SystemClock_Config
    main.o(.text.main) refers to gpio.o(.text.MX_GPIO_Init) for MX_GPIO_Init
    main.o(.text.main) refers to tim.o(.text.MX_TIM24_Init) for MX_TIM24_Init
    main.o(.text.main) refers to tim.o(.text.MX_TIM23_Init) for MX_TIM23_Init
    main.o(.text.main) refers to usart.o(.text.MX_UART9_Init) for MX_UART9_Init
    main.o(.text.main) refers to tim.o(.text.MX_TIM3_Init) for MX_TIM3_Init
    main.o(.text.main) refers to tim.o(.text.MX_TIM15_Init) for MX_TIM15_Init
    main.o(.text.main) refers to delay.o(.text.DWT_Init) for DWT_Init
    main.o(.text.main) refers to oled.o(.text.OLED_Init) for OLED_Init
    main.o(.text.main) refers to pid.o(.text.PID_InitAll) for PID_InitAll
    main.o(.text.main) refers to menu.o(.text.init_menu_parents) for init_menu_parents
[...]
    __rt_lib_init_heap_1                     0x080003b3   Thumb Code     0  libinit2.o(.ARM.Collect$$libinit$$0000000C)
    __rt_lib_init_lc_common                  0x080003b3   Thumb Code     0  libinit2.o(.ARM.Collect$$libinit$$00000011)
    __rt_lib_init_preinit_1                  0x080003b3   Thumb Code     0  libinit2.o(.ARM.Collect$$libinit$$00000006)
    __rt_lib_init_rand_1                     0x080003b3   Thumb Code     0  libinit2.o(.ARM.Collect$$libinit$$00000010)
    __rt_lib_init_relocate_pie_1             0x080003b3   Thumb Code     0  libinit2.o(.ARM.Collect$$libinit$$00000004)
    __rt_lib_init_user_alloc_1               0x080003b3   Thumb Code     0  libinit2.o(.ARM.Collect$$libinit$$0000000E)
    __rt_lib_init_lc_collate_1               0x080003b9   Thumb Code     0  libinit2.o(.ARM.Collect$$libinit$$00000013)
    __rt_lib_init_lc_ctype_2                 0x080003b9   Thumb Code     0  libinit2.o(.ARM.Collect$$libinit$$00000014)
    __rt_lib_init_alloca_1                   0x080003c5   Thumb Code     0  libinit2.o(.ARM.Collect$$libinit$$00000030)
    __rt_lib_init_argv_1                     0x080003c5   Thumb Code     0  libinit2.o(.ARM.Collect$$libinit$$0000002E)
    __rt_lib_init_atexit_1                   0x080003c5   Thumb Code     0  libinit2.o(.ARM.Collect$$libinit$$0000001D)
    __rt_lib_init_clock_1                    0x080003c5   Thumb Code     0  libinit2.o(.ARM.Collect$$libinit$$00000023)
    __rt_lib_init_cpp_1                      0x080003c5   Thumb Code     0  libinit2.o(.ARM.Collect$$libinit$$00000034)
    __rt_lib_init_exceptions_1               0x080003c5   Thumb Code     0  libinit2.o(.ARM.Collect$$libinit$$00000032)
    __rt_lib_init_fp_trap_1                  0x080003c5   Thumb Code     0  libinit2.o(.ARM.Collect$$libinit$$00000021)
    __rt_lib_init_getenv_1                   0x080003c5   Thumb Code     0  libinit2.o(.ARM.Collect$$libinit$$00000025)
    __rt_lib_init_lc_ctype_1                 0x080003c5   Thumb Code     0  libinit2.o(.ARM.Collect$$libinit$$00000015)
    __rt_lib_init_lc_monetary_1              0x080003c5   Thumb Code     0  libinit2.o(.ARM.Collect$$libinit$$00000017)
    __rt_lib_init_lc_numeric_1               0x080003c5   Thumb Code     0  libinit2.o(.ARM.Collect$$libinit$$00000019)
    __rt_lib_init_lc_time_1                  0x080003c5   Thumb Code     0  libinit2.o(.ARM.Collect$$libinit$$0000001B)
    __rt_lib_init_return                     0x080003c5   Thumb Code     0  libinit2.o(.ARM.Collect$$libinit$$00000035)
    __rt_lib_init_signal_1                   0x080003c5   Thumb Code     0  libinit2.o(.ARM.Collect$$libinit$$0000001F)
    __rt_lib_init_stdio_1                    0x080003c5   Thumb Code     0  libinit2.o(.ARM.Collect$$libinit$$00000027)
    __rt_lib_shutdown                        0x080003c7   Thumb Code     0  libshutdown.o(.ARM.Collect$$libshutdown$$00000000)
    __rt_lib_shutdown_cpp_1                  0x080003c9   Thumb Code     0  libshutdown2.o(.ARM.Collect$$libshutdown$$00000002)
    __rt_lib_shutdown_fp_trap_1              0x080003c9   Thumb Code     0  libshutdown2.o(.ARM.Collect$$libshutdown$$00000007)
    __rt_lib_shutdown_heap_1                 0x080003c9   Thumb Code     0  libshutdown2.o(.ARM.Collect$$libshutdown$$0000000F)
    __rt_lib_shutdown_return                 0x080003c9   Thumb Code     0  libshutdown2.o(.ARM.Collect$$libshutdown$$00000010)
    __rt_lib_shutdown_signal_1               0x080003c9   Thumb Code     0  libshutdown2.o(.ARM.Collect$$libshutdown$$0000000A)
    __rt_lib_shutdown_stdio_1                0x080003c9   Thumb Code     0  libshutdown2.o(.ARM.Collect$$libshutdown$$00000004)
    __rt_lib_shutdown_user_alloc_1           0x080003c9   Thumb Code     0  libshutdown2.o(.ARM.Collect$$libshutdown$$0000000C)
    __rt_entry                               0x080003cb   Thumb Code     0  __rtentry.o(.ARM.Collect$$rtentry$$00000000)
    __rt_entry_presh_1                       0x080003cb   Thumb Code     0  __rtentry2.o(.ARM.Collect$$rtentry$$00000002)
    __rt_entry_sh                            0x080003cb   Thumb Code     0  __rtentry4.o(.ARM.Collect$$rtentry$$00000004)
    __rt_entry_li                            0x080003d1   Thumb Code     0  __rtentry2.o(.ARM.Collect$$rtentry$$0000000A)
    __rt_entry_postsh_1                      0x080003d1   Thumb Code     0  __rtentry2.o(.ARM.Collect$$rtentry$$00000009)
    __rt_entry_main                          0x080003d5   Thumb Code     0  __rtentry2.o(.ARM.Collect$$rtentry$$0000000D)
    __rt_entry_postli_1                      0x080003d5   Thumb Code     0  __rtentry2.o(.ARM.Collect$$rtentry$$0000000C)
    __rt_exit                                0x080003dd   Thumb Code     0  rtexit.o(.ARM.Collect$$rtexit$$00000000)
    __rt_exit_ls                             0x080003df   Thumb Code     0  rtexit2.o(.ARM.Collect$$rtexit$$00000003)
    __rt_exit_prels_1                        0x080003df   Thumb Code     0  rtexit2.o(.ARM.Collect$$rtexit$$00000002)
    __rt_exit_exit                           0x080003e3   Thumb Code     0  rtexit2.o(.ARM.Collect$$rtexit$$00000004)
    Reset_Handler                            0x080003e9   Thumb Code     8  startup_stm32h723xx.o(.text)
    ADC3_IRQHandler                          0x08000403   Thumb Code     0  startup_stm32h723xx.o(.text)
    ADC_IRQHandler                           0x08000403   Thumb Code     0  startup_stm32h723xx.o(.text)
    BDMA_Channel0_IRQHandler                 0x08000403   Thumb Code     0  startup_stm32h723xx.o(.text)
    BDMA_Channel1_IRQHandler                 0x08000403   Thumb Code     0  startup_stm32h723xx.o(.text)
    BDMA_Channel2_IRQHandler                 0x08000403   Thumb Code     0  startup_stm32h723xx.o(.text)
    BDMA_Channel3_IRQHandler                 0x08000403   Thumb Code     0  startup_stm32h723xx.o(.text)
    BDMA_Channel4_IRQHandler                 0x08000403   Thumb Code     0  startup_stm32h723xx.o(.text)
    BDMA_Channel5_IRQHandler                 0x08000403   Thumb Code     0  startup_stm32h723xx.o(.text)
    BDMA_Channel6_IRQHandler                 0x08000403   Thumb Code     0  startup_stm32h723xx.o(.text)
    BDMA_Channel7_IRQHandler                 0x08000403   Thumb Code     0  startup_stm32h723xx.o(.text)
    CEC_IRQHandler                           0x08000403   Thumb Code     0  startup_stm32h723xx.o(.text)
    COMP1_IRQHandler                         0x08000403   Thumb Code     0  startup_stm32h723xx.o(.text)
    CORDIC_IRQHandler                        0x08000403   Thumb Code     0  startup_stm32h723xx.o(.text)
    CRS_IRQHandler                           0x08000403   Thumb Code     0  startup_stm32h723xx.o(.text)
    DCMI_PSSI_IRQHandler                     0x08000403   Thumb Code     0  startup_stm32h723xx.o(.text)
    DFSDM1_FLT0_IRQHandler                   0x08000403   Thumb Code     0  startup_stm32h723xx.o(.text)
    DFSDM1_FLT1_IRQHandler                   0x08000403   Thumb Code     0  startup_stm32h723xx.o(.text)
    DFSDM1_FLT2_IRQHandler                   0x08000403   Thumb Code     0  startup_stm32h723xx.o(.text)
    DFSDM1_FLT3_IRQHandler                   0x08000403   Thumb Code     0  startup_stm32h723xx.o(.text)
    DMA1_Stream0_IRQHandler                  0x08000403   Thumb Code     0  startup_stm32h723xx.o(.text)
    DMA1_Stream1_IRQHandler                  0x08000403   Thumb Code     0  startup_stm32h723xx.o(.text)
    DMA1_Stream2_IRQHandler                  0x08000403   Thumb Code     0  startup_stm32h723xx.o(.text)
    DMA1_Stream3_IRQHandler                  0x08000403   Thumb Code     0  startup_stm32h723xx.o(.text)
    DMA1_Stream4_IRQHandler                  0x08000403   Thumb Code     0  startup_stm32h723xx.o(.text)
    DMA1_Stream5_IRQHandler                  0x08000403   Thumb Code     0  startup_stm32h723xx.o(.text)
    DMA1_Stream6_IRQHandler                  0x08000403   Thumb Code     0  startup_stm32h723xx.o(.text)
    DMA1_Stream7_IRQHandler                  0x08000403   Thumb Code     0  startup_stm32h723xx.o(.text)
    DMA2D_IRQHandler                         0x08000403   Thumb Code     0  startup_stm32h723xx.o(.text)
    DMA2_Stream0_IRQHandler                  0x08000403   Thumb Code     0  startup_stm32h723xx.o(.text)
    DMA2_Stream1_IRQHandler                  0x08000403   Thumb Code     0  startup_stm32h723xx.o(.text)
    DMA2_Stream2_IRQHandler                  0x08000403   Thumb Code     0  startup_stm32h723xx.o(.text)
    DMA2_Stream3_IRQHandler                  0x08000403   Thumb Code     0  startup_stm32h723xx.o(.text)
    DMA2_Stream4_IRQHandler                  0x08000403   Thumb Code     0  startup_stm32h723xx.o(.text)
    DMA2_Stream5_IRQHandler                  0x08000403   Thumb Code     0  startup_stm32h723xx.o(.text)
    DMA2_Stream6_IRQHandler                  0x08000403   Thumb Code     0  startup_stm32h723xx.o(.text)
    DMA2_Stream7_IRQHandler                  0x08000403   Thumb Code     0  startup_stm32h723xx.o(.text)
    DMAMUX1_OVR_IRQHandler                   0x08000403   Thumb Code     0  startup_stm32h723xx.o(.text)
    DMAMUX2_OVR_IRQHandler                   0x08000403   Thumb Code     0  startup_stm32h723xx.o(.text)
    DTS_IRQHandler                           0x08000403   Thumb Code     0  startup_stm32h723xx.o(.text)
    ECC_IRQHandler                           0x08000403   Thumb Code     0  startup_stm32h723xx.o(.text)
    ETH_IRQHandler                           0x08000403   Thumb Code     0  startup_stm32h723xx.o(.text)
    ETH_WKUP_IRQHandler                      0x08000403   Thumb Code     0  startup_stm32h723xx.o(.text)
    EXTI0_IRQHandler                         0x08000403   Thumb Code     0  startup_stm32h723xx.o(.text)
    EXTI15_10_IRQHandler                     0x08000403   Thumb Code     0  startup_stm32h723xx.o(.text)
    EXTI1_IRQHandler                         0x08000403   Thumb Code     0  startup_stm32h723xx.o(.text)
    EXTI2_IRQHandler                         0x08000403   Thumb Code     0  startup_stm32h723xx.o(.text)
    EXTI3_IRQHandler                         0x08000403   Thumb Code     0  startup_stm32h723xx.o(.text)
    EXTI4_IRQHandler                         0x08000403   Thumb Code     0  startup_stm32h723xx.o(.text)
    EXTI9_5_IRQHandler                       0x08000403   Thumb Code     0  startup_stm32h723xx.o(.text)
    FDCAN1_IT0_IRQHandler                    0x08000403   Thumb Code     0  startup_stm32h723xx.o(.text)
    FDCAN1_IT1_IRQHandler                    0x08000403   Thumb Code     0  startup_stm32h723xx.o(.text)
    FDCAN2_IT0_IRQHandler                    0x08000403   Thumb Code     0  startup_stm32h723xx.o(.text)
    FDCAN2_IT1_IRQHandler                    0x08000403   Thumb Code     0  startup_stm32h723xx.o(.text)
    FDCAN3_IT0_IRQHandler                    0x08000403   Thumb Code     0  startup_stm32h723xx.o(.text)
    FDCAN3_IT1_IRQHandler                    0x08000403   Thumb Code     0  startup_stm32h723xx.o(.text)
    FDCAN_CAL_IRQHandler                     0x08000403   Thumb Code     0  startup_stm32h723xx.o(.text)
    FLASH_IRQHandler                         0x08000403   Thumb Code     0  startup_stm32h723xx.o(.text)
    FMAC_IRQHandler                          0x08000403   Thumb Code     0  startup_stm32h723xx.o(.text)
    FMC_IRQHandler                           0x08000403   Thumb Code     0  startup_stm32h723xx.o(.text)
    FPU_IRQHandler                           0x08000403   Thumb Code     0  startup_stm32h723xx.o(.text)
    HSEM1_IRQHandler                         0x08000403   Thumb Code     0  startup_stm32h723xx.o(.text)
    I2C1_ER_IRQHandler                       0x08000403   Thumb Code     0  startup_stm32h723xx.o(.text)
    I2C1_EV_IRQHandler                       0x08000403   Thumb Code     0  startup_stm32h723xx.o(.text)
    I2C2_ER_IRQHandler                       0x08000403   Thumb Code     0  startup_stm32h723xx.o(.text)
    I2C2_EV_IRQHandler                       0x08000403   Thumb Code     0  startup_stm32h723xx.o(.text)
    I2C3_ER_IRQHandler                       0x08000403   Thumb Code     0  startup_stm32h723xx.o(.text)
    I2C3_EV_IRQHandler                       0x08000403   Thumb Code     0  startup_stm32h723xx.o(.text)
    I2C4_ER_IRQHandler                       0x08000403   Thumb Code     0  startup_stm32h723xx.o(.text)
    I2C4_EV_IRQHandler                       0x08000403   Thumb Code     0  startup_stm32h723xx.o(.text)
    I2C5_ER_IRQHandler                       0x08000403   Thumb Code     0  startup_stm32h723xx.o(.text)
    I2C5_EV_IRQHandler                       0x08000403   Thumb Code     0  startup_stm32h723xx.o(.text)
    LPTIM1_IRQHandler                        0x08000403   Thumb Code     0  startup_stm32h723xx.o(.text)
    LPTIM2_IRQHandler                        0x08000403   Thumb Code     0  startup_stm32h723xx.o(.text)
    LPTIM3_IRQHandler                        0x08000403   Thumb Code     0  startup_stm32h723xx.o(.text)
    LPTIM4_IRQHandler                        0x08000403   Thumb Code     0  startup_stm32h723xx.o(.text)
    LPTIM5_IRQHandler                        0x08000403   Thumb Code     0  startup_stm32h723xx.o(.text)
    LPUART1_IRQHandler                       0x08000403   Thumb Code     0  startup_stm32h723xx.o(.text)
    LTDC_ER_IRQHandler                       0x08000403   Thumb Code     0  startup_stm32h723xx.o(.text)
    LTDC_IRQHandler                          0x08000403   Thumb Code     0  startup_stm32h723xx.o(.text)
    MDIOS_IRQHandler                         0x08000403   Thumb Code     0  startup_stm32h723xx.o(.text)
    MDIOS_WKUP_IRQHandler                    0x08000403   Thumb Code     0  startup_stm32h723xx.o(.text)
    MDMA_IRQHandler                          0x08000403   Thumb Code     0  startup_stm32h723xx.o(.text)
    OCTOSPI1_IRQHandler                      0x08000403   Thumb Code     0  startup_stm32h723xx.o(.text)
    OCTOSPI2_IRQHandler                      0x08000403   Thumb Code     0  startup_stm32h723xx.o(.text)
    OTG_HS_EP1_IN_IRQHandler                 0x08000403   Thumb Code     0  startup_stm32h723xx.o(.text)
    OTG_HS_EP1_OUT_IRQHandler                0x08000403   Thumb Code     0  startup_stm32h723xx.o(.text)
    OTG_HS_IRQHandler                        0x08000403   Thumb Code     0  startup_stm32h723xx.o(.text)
    OTG_HS_WKUP_IRQHandler                   0x08000403   Thumb Code     0  startup_stm32h723xx.o(.text)
    PVD_AVD_IRQHandler                       0x08000403   Thumb Code     0  startup_stm32h723xx.o(.text)
    RCC_IRQHandler                           0x08000403   Thumb Code     0  startup_stm32h723xx.o(.text)
    RNG_IRQHandler                           0x08000403   Thumb Code     0  startup_stm32h723xx.o(.text)
    RTC_Alarm_IRQHandler                     0x08000403   Thumb Code     0  startup_stm32h723xx.o(.text)
    RTC_WKUP_IRQHandler                      0x08000403   Thumb Code     0  startup_stm32h723xx.o(.text)
    SAI1_IRQHandler                          0x08000403   Thumb Code     0  startup_stm32h723xx.o(.text)
    SAI4_IRQHandler                          0x08000403   Thumb Code     0  startup_stm32h723xx.o(.text)
    SDMMC1_IRQHandler                        0x08000403   Thumb Code     0  startup_stm32h723xx.o(.text)
    SDMMC2_IRQHandler                        0x08000403   Thumb Code     0  startup_stm32h723xx.o(.text)
    SPDIF_RX_IRQHandler                      0x08000403   Thumb Code     0  startup_stm32h723xx.o(.text)
    SPI1_IRQHandler                          0x08000403   Thumb Code     0  startup_stm32h723xx.o(.text)
    SPI2_IRQHandler                          0x08000403   Thumb Code     0  startup_stm32h723xx.o(.text)
    SPI3_IRQHandler                          0x08000403   Thumb Code     0  startup_stm32h723xx.o(.text)
    SPI4_IRQHandler                          0x08000403   Thumb Code     0  startup_stm32h723xx.o(.text)
    SPI5_IRQHandler                          0x08000403   Thumb Code     0  startup_stm32h723xx.o(.text)
    SPI6_IRQHandler                          0x08000403   Thumb Code     0  startup_stm32h723xx.o(.text)
    SWPMI1_IRQHandler                        0x08000403   Thumb Code     0  startup_stm32h723xx.o(.text)
    TAMP_STAMP_IRQHandler                    0x08000403   Thumb Code     0  startup_stm32h723xx.o(.text)
    TIM16_IRQHandler                         0x08000403   Thumb Code     0  startup_stm32h723xx.o(.text)
    TIM17_IRQHandler                         0x08000403   Thumb Code     0  startup_stm32h723xx.o(.text)
    TIM1_BRK_IRQHandler                      0x08000403   Thumb Code     0  startup_stm32h723xx.o(.text)
    TIM1_CC_IRQHandler                       0x08000403   Thumb Code     0  startup_stm32h723xx.o(.text)
    TIM1_TRG_COM_IRQHandler                  0x08000403   Thumb Code     0  startup_stm32h723xx.o(.text)
    TIM1_UP_IRQHandler                       0x08000403   Thumb Code     0  startup_stm32h723xx.o(.text)
    TIM2_IRQHandler                          0x08000403   Thumb Code     0  startup_stm32h723xx.o(.text)
    TIM4_IRQHandler                          0x08000403   Thumb Code     0  startup_stm32h723xx.o(.text)
    TIM5_IRQHandler                          0x08000403   Thumb Code     0  startup_stm32h723xx.o(.text)
    TIM6_DAC_IRQHandler                      0x08000403   Thumb Code     0  startup_stm32h723xx.o(.text)
    TIM7_IRQHandler                          0x08000403   Thumb Code     0  startup_stm32h723xx.o(.text)
    TIM8_BRK_TIM12_IRQHandler                0x08000403   Thumb Code     0  startup_stm32h723xx.o(.text)
    TIM8_CC_IRQHandler                       0x08000403   Thumb Code     0  startup_stm32h723xx.o(.text)
    TIM8_TRG_COM_TIM14_IRQHandler            0x08000403   Thumb Code     0  startup_stm32h723xx.o(.text)
    TIM8_UP_TIM13_IRQHandler                 0x08000403   Thumb Code     0  startup_stm32h723xx.o(.text)
    UART4_IRQHandler                         0x08000403   Thumb Code     0  startup_stm32h723xx.o(.text)
    UART5_IRQHandler                         0x08000403   Thumb Code     0  startup_stm32h723xx.o(.text)
    UART7_IRQHandler                         0x08000403   Thumb Code     0  startup_stm32h723xx.o(.text)
    UART8_IRQHandler                         0x08000403   Thumb Code     0  startup_stm32h723xx.o(.text)
    USART10_IRQHandler                       0x08000403   Thumb Code     0  startup_stm32h723xx.o(.text)
    USART1_IRQHandler                        0x08000403   Thumb Code     0  startup_stm32h723xx.o(.text)
    USART2_IRQHandler                        0x08000403   Thumb Code     0  startup_stm32h723xx.o(.text)
    USART3_IRQHandler                        0x08000403   Thumb Code     0  startup_stm32h723xx.o(.text)
    USART6_IRQHandler                        0x08000403   Thumb Code     0  startup_stm32h723xx.o(.text)
    WAKEUP_PIN_IRQHandler                    0x08000403   Thumb Code     0  startup_stm32h723xx.o(.text)
    WWDG_IRQHandler                          0x08000403   Thumb Code     0  startup_stm32h723xx.o(.text)
    __user_initial_stackheap                 0x08000405   Thumb Code     0  startup_stm32h723xx.o(.text)
    __use_no_semihosting                     0x08000429   Thumb Code     2  use_no_semi_2.o(.text)
    __aeabi_uldivmod                         0x0800042b   Thumb Code     0  lludivv7m.o(.text)
    _ll_udiv                                 0x0800042b   Thumb Code   240  lludivv7m.o(.text)
    __0sscanf                                0x0800051d   Thumb Code    52  __0sscanf.o(.text)
    _scanf_int                               0x08000559   Thumb Code   332  _scanf_int.o(.text)
    strchr                                   0x080006a5   Thumb Code    20  strchr.o(.text)
    strncmp                                  0x080006b9   Thumb Code   150  strncmp.o(.text)
    __aeabi_memcpy                           0x0800074f   Thumb Code     0  rt_memcpy_v6.o(.text)
    __rt_memcpy                              0x0800074f   Thumb Code   138  rt_memcpy_v6.o(.text)
    _memcpy_lastbytes                        0x080007b5   Thumb Code     0  rt_memcpy_v6.o(.text)
    __aeabi_memclr4                          0x080007d9   Thumb Code     0  rt_memclr_w.o(.text)
    __aeabi_memclr8                          0x080007d9   Thumb Code     0  rt_memclr_w.o(.text)
    __rt_memclr_w                            0x080007d9   Thumb Code     0  rt_memclr_w.o(.text)
    _memset_w                                0x080007dd   Thumb Code    74  rt_memclr_w.o(.text)
    strcmp                                   0x08000829   Thumb Code   124  strcmpv7m_pel.o(.text)
    __use_two_region_memory                  0x080008a5   Thumb Code     2  heapauxi.o(.text)
    __rt_heap_escrow$2region                 0x080008a7   Thumb Code     2  heapauxi.o(.text)
    __rt_heap_expand$2region                 0x080008a9   Thumb Code     2  heapauxi.o(.text)
    __semihosting$guard                      0x080008ab   Thumb Code     0  use_no_semi.o(.text)
    __use_no_semihosting_swi                 0x080008ab   Thumb Code     2  use_no_semi.o(.text)
    __read_errno                             0x080008ad   Thumb Code    10  _rserrno.o(.text)
    __set_errno                              0x080008b7   Thumb Code    12  _rserrno.o(.text)
    _chval                                   0x080008c3   Thumb Code    28  _chval.o(.text)
    __vfscanf_char                           0x080008ed   Thumb Code    24  scanf_char.o(.text)
    _sgetc                                   0x0800090d   Thumb Code    30  _sgetc.o(.text)
    _sbackspace                              0x0800092b   Thumb Code    34  _sgetc.o(.text)
    __aeabi_memcpy4                          0x0800094d   Thumb Code     0  rt_memcpy_w.o(.text)
    __aeabi_memcpy8                          0x0800094d   Thumb Code     0  rt_memcpy_w.o(.text)
    __rt_memcpy_w                            0x0800094d   Thumb Code   100  rt_memcpy_w.o(.text)
    _memcpy_lastbytes_aligned                0x08000995   Thumb Code     0  rt_memcpy_w.o(.text)
    __aeabi_errno_addr                       0x080009b1   Thumb Code     8  rt_errno_addr_intlibspace.o(.text)
    __errno$intlibspace                      0x080009b1   Thumb Code     0  rt_errno_addr_intlibspace.o(.text)
    __rt_errno_addr$intlibspace              0x080009b1   Thumb Code     0  rt_errno_addr_intlibspace.o(.text)
    isspace                                  0x080009b9   Thumb Code    18  isspace.o(.text)
    __vfscanf                                0x080009cd   Thumb Code   878  _scanf.o(.text)
    __user_libspace                          0x08000d41   Thumb Code     8  libspace.o(.text)
    __user_perproc_libspace                  0x08000d41   Thumb Code     0  libspace.o(.text)
    __user_perthread_libspace                0x08000d41   Thumb Code     0  libspace.o(.text)
    __user_setup_stackheap                   0x08000d49   Thumb Code    74  sys_stackheap_outer.o(.text)
    __rt_ctype_table                         0x08000d95   Thumb Code    16  rt_ctype_table.o(.text)
    __rt_locale                              0x08000da5   Thumb Code     8  rt_locale_intlibspace.o(.text)
    exit                                     0x08000dad   Thumb Code    18  exit.o(.text)
    BusFault_Handler                         0x08000dc1   Thumb Code     2  stm32h7xx_it.o(.text.BusFault_Handler)
    CalculateStepperSpeed                    0x08000dc9   Thumb Code   356  stepper.o(.text.CalculateStepperSpeed)
    DWT_Init                                 0x08000f41   Thumb Code    46  delay.o(.text.DWT_Init)
    DebugMon_Handler                         0x08000f71   Thumb Code     2  stm32h7xx_it.o(.text.DebugMon_Handler)
    Delay_ms                                 0x08000f79   Thumb Code    54  delay.o(.text.Delay_ms)
    Delay_us                                 0x08000fb1   Thumb Code    50  delay.o(.text.Delay_us)
    Error_Handler                            0x08000fe9   Thumb Code    10  main.o(.text.Error_Handler)
    HAL_DMA_Abort                            0x08000ff9   Thumb Code  1318  stm32h7xx_hal_dma.o(.text.HAL_DMA_Abort)
    HAL_DMA_Abort_IT                         0x08001521   Thumb Code   694  stm32h7xx_hal_dma.o(.text.HAL_DMA_Abort_IT)
    HAL_GPIO_Init                            0x080017d9   Thumb Code   422  stm32h7xx_hal_gpio.o(.text.HAL_GPIO_Init)
    HAL_GPIO_ReadPin                         0x08001981   Thumb Code    10  stm32h7xx_hal_gpio.o(.text.HAL_GPIO_ReadPin)
    HAL_GPIO_WritePin                        0x08001991   Thumb Code    10  stm32h7xx_hal_gpio.o(.text.HAL_GPIO_WritePin)
    HAL_GetTick                              0x080019a1   Thumb Code    12  stm32h7xx_hal.o(.text.HAL_GetTick)
    HAL_IncTick                              0x080019b1   Thumb Code    26  stm32h7xx_hal.o(.text.HAL_IncTick)
    HAL_Init                                 0x080019d1   Thumb Code   100  stm32h7xx_hal.o(.text.HAL_Init)
    HAL_InitTick                             0x08001a39   Thumb Code    80  stm32h7xx_hal.o(.text.HAL_InitTick)
    HAL_MspInit                              0x08001a89   Thumb Code    32  stm32h7xx_hal_msp.o(.text.HAL_MspInit)
    HAL_NVIC_EnableIRQ                       0x08001aa9   Thumb Code    34  stm32h7xx_hal_cortex.o(.text.HAL_NVIC_EnableIRQ)
    HAL_NVIC_SetPriority                     0x08001ad1   Thumb Code    90  stm32h7xx_hal_cortex.o(.text.HAL_NVIC_SetPriority)
    HAL_NVIC_SetPriorityGrouping             0x08001b31   Thumb Code    32  stm32h7xx_hal_cortex.o(.text.HAL_NVIC_SetPriorityGrouping)
    HAL_PWREx_ConfigSupply                   0x08001b51   Thumb Code    76  stm32h7xx_hal_pwr_ex.o(.text.HAL_PWREx_ConfigSupply)
    HAL_RCCEx_GetD3PCLK1Freq                 0x08001ba1   Thumb Code    38  stm32h7xx_hal_rcc_ex.o(.text.HAL_RCCEx_GetD3PCLK1Freq)
    HAL_RCCEx_GetPLL2ClockFreq               0x08001bc9   Thumb Code   280  stm32h7xx_hal_rcc_ex.o(.text.HAL_RCCEx_GetPLL2ClockFreq)
    HAL_RCCEx_GetPLL3ClockFreq               0x08001cf1   Thumb Code   280  stm32h7xx_hal_rcc_ex.o(.text.HAL_RCCEx_GetPLL3ClockFreq)
    HAL_RCCEx_PeriphCLKConfig                0x08001e19   Thumb Code  2688  stm32h7xx_hal_rcc_ex.o(.text.HAL_RCCEx_PeriphCLKConfig)
    HAL_RCC_ClockConfig                      0x08002899   Thumb Code   596  stm32h7xx_hal_rcc.o(.text.HAL_RCC_ClockConfig)
    HAL_RCC_GetHCLKFreq                      0x08002af1   Thumb Code    76  stm32h7xx_hal_rcc.o(.text.HAL_RCC_GetHCLKFreq)
    HAL_RCC_GetPCLK1Freq                     0x08002b41   Thumb Code    96  stm32h7xx_hal_rcc.o(.text.HAL_RCC_GetPCLK1Freq)
    HAL_RCC_GetPCLK2Freq                     0x08002ba1   Thumb Code    96  stm32h7xx_hal_rcc.o(.text.HAL_RCC_GetPCLK2Freq)
    HAL_RCC_GetSysClockFreq                  0x08002c01   Thumb Code   264  stm32h7xx_hal_rcc.o(.text.HAL_RCC_GetSysClockFreq)
    HAL_RCC_OscConfig                        0x08002d21   Thumb Code  1324  stm32h7xx_hal_rcc.o(.text.HAL_RCC_OscConfig)
    HAL_SYSTICK_Config                       0x08003251   Thumb Code    46  stm32h7xx_hal_cortex.o(.text.HAL_SYSTICK_Config)
    HAL_TIMEx_Break2Callback                 0x08003281   Thumb Code     2  stm32h7xx_hal_tim_ex.o(.text.HAL_TIMEx_Break2Callback)
    HAL_TIMEx_BreakCallback                  0x08003289   Thumb Code     2  stm32h7xx_hal_tim_ex.o(.text.HAL_TIMEx_BreakCallback)
    HAL_TIMEx_CommutCallback                 0x08003291   Thumb Code     2  stm32h7xx_hal_tim_ex.o(.text.HAL_TIMEx_CommutCallback)
    HAL_TIMEx_ConfigBreakDeadTime            0x08003299   Thumb Code   196  stm32h7xx_hal_tim_ex.o(.text.HAL_TIMEx_ConfigBreakDeadTime)
    HAL_TIMEx_MasterConfigSynchronization    0x08003361   Thumb Code   222  stm32h7xx_hal_tim_ex.o(.text.HAL_TIMEx_MasterConfigSynchronization)
    HAL_TIM_Base_Init                        0x08003441   Thumb Code    96  stm32h7xx_hal_tim.o(.text.HAL_TIM_Base_Init)
    HAL_TIM_Base_MspInit                     0x080034a1   Thumb Code   176  tim.o(.text.HAL_TIM_Base_MspInit)
    HAL_TIM_Base_Start_IT                    0x08003551   Thumb Code   220  stm32h7xx_hal_tim.o(.text.HAL_TIM_Base_Start_IT)
    HAL_TIM_ConfigClockSource                0x08003631   Thumb Code   512  stm32h7xx_hal_tim.o(.text.HAL_TIM_ConfigClockSource)
    HAL_TIM_IC_CaptureCallback               0x08003831   Thumb Code     2  stm32h7xx_hal_tim.o(.text.HAL_TIM_IC_CaptureCallback)
    HAL_TIM_IRQHandler                       0x08003839   Thumb Code   364  stm32h7xx_hal_tim.o(.text.HAL_TIM_IRQHandler)
    HAL_TIM_OC_DelayElapsedCallback          0x080039a9   Thumb Code     2  stm32h7xx_hal_tim.o(.text.HAL_TIM_OC_DelayElapsedCallback)
    HAL_TIM_PWM_ConfigChannel                0x080039b1   Thumb Code  1202  stm32h7xx_hal_tim.o(.text.HAL_TIM_PWM_ConfigChannel)
    HAL_TIM_PWM_Init                         0x08003e69   Thumb Code    96  stm32h7xx_hal_tim.o(.text.HAL_TIM_PWM_Init)
    HAL_TIM_PWM_MspInit                      0x08003ec9   Thumb Code    68  tim.o(.text.HAL_TIM_PWM_MspInit)
    HAL_TIM_PWM_PulseFinishedCallback        0x08003f11   Thumb Code     2  stm32h7xx_hal_tim.o(.text.HAL_TIM_PWM_PulseFinishedCallback)
    HAL_TIM_PWM_Start                        0x08003f19   Thumb Code   368  stm32h7xx_hal_tim.o(.text.HAL_TIM_PWM_Start)
    HAL_TIM_PeriodElapsedCallback            0x08004089   Thumb Code   140  my_interrupt.o(.text.HAL_TIM_PeriodElapsedCallback)
    HAL_TIM_TriggerCallback                  0x08004119   Thumb Code     2  stm32h7xx_hal_tim.o(.text.HAL_TIM_TriggerCallback)
    HAL_UARTEx_DisableFifoMode               0x08004121   Thumb Code    54  stm32h7xx_hal_uart_ex.o(.text.HAL_UARTEx_DisableFifoMode)
    HAL_UARTEx_RxEventCallback               0x08004159   Thumb Code     2  stm32h7xx_hal_uart.o(.text.HAL_UARTEx_RxEventCallback)
    HAL_UARTEx_RxFifoFullCallback            0x08004161   Thumb Code     2  stm32h7xx_hal_uart_ex.o(.text.HAL_UARTEx_RxFifoFullCallback)
    HAL_UARTEx_SetRxFifoThreshold            0x08004169   Thumb Code   140  stm32h7xx_hal_uart_ex.o(.text.HAL_UARTEx_SetRxFifoThreshold)
    HAL_UARTEx_SetTxFifoThreshold            0x080041f9   Thumb Code   140  stm32h7xx_hal_uart_ex.o(.text.HAL_UARTEx_SetTxFifoThreshold)
    HAL_UARTEx_TxFifoEmptyCallback           0x08004289   Thumb Code     2  stm32h7xx_hal_uart_ex.o(.text.HAL_UARTEx_TxFifoEmptyCallback)
    HAL_UARTEx_WakeupCallback                0x08004291   Thumb Code     2  stm32h7xx_hal_uart_ex.o(.text.HAL_UARTEx_WakeupCallback)
    HAL_UART_ErrorCallback                   0x08004299   Thumb Code     2  stm32h7xx_hal_uart.o(.text.HAL_UART_ErrorCallback)
    HAL_UART_IRQHandler                      0x080042a1   Thumb Code  1650  stm32h7xx_hal_uart.o(.text.HAL_UART_IRQHandler)
    HAL_UART_Init                            0x08004919   Thumb Code   100  stm32h7xx_hal_uart.o(.text.HAL_UART_Init)
    HAL_UART_MspInit                         0x08004981   Thumb Code   164  usart.o(.text.HAL_UART_MspInit)
    HAL_UART_Receive_IT                      0x08004a29   Thumb Code   172  stm32h7xx_hal_uart.o(.text.HAL_UART_Receive_IT)
    HAL_UART_RxCpltCallback                  0x08004ad9   Thumb Code   234  serial.o(.text.HAL_UART_RxCpltCallback)
    HAL_UART_TxCpltCallback                  0x08004bc9   Thumb Code     2  stm32h7xx_hal_uart.o(.text.HAL_UART_TxCpltCallback)
    HardFault_Handler                        0x08004bd1   Thumb Code     2  stm32h7xx_it.o(.text.HardFault_Handler)
    MPU6050_GetData                          0x08004bd9   Thumb Code   716  mpu6050.o(.text.MPU6050_GetData)
    MPU6050_Init                             0x08004ea9   Thumb Code   244  mpu6050.o(.text.MPU6050_Init)
    MX_GPIO_Init                             0x08004fa1   Thumb Code   290  gpio.o(.text.MX_GPIO_Init)
    MX_TIM15_Init                            0x080050c9   Thumb Code   316  tim.o(.text.MX_TIM15_Init)
    MX_TIM23_Init                            0x08005209   Thumb Code   114  tim.o(.text.MX_TIM23_Init)
    MX_TIM24_Init                            0x08005281   Thumb Code   118  tim.o(.text.MX_TIM24_Init)
    MX_TIM3_Init                             0x080052f9   Thumb Code   316  tim.o(.text.MX_TIM3_Init)
    MX_UART9_Init                            0x08005439   Thumb Code   124  usart.o(.text.MX_UART9_Init)
    MemManage_Handler                        0x080054b9   Thumb Code     2  stm32h7xx_it.o(.text.MemManage_Handler)
    MyI2C_GPIO_Init                          0x080054c1   Thumb Code    96  myi2c.o(.text.MyI2C_GPIO_Init)
    MyI2C_ReceiveAck                         0x08005521   Thumb Code    80  myi2c.o(.text.MyI2C_ReceiveAck)
    MyI2C_ReceiveByte                        0x08005571   Thumb Code   492  myi2c.o(.text.MyI2C_ReceiveByte)
    MyI2C_SendAck                            0x08005761   Thumb Code    68  myi2c.o(.text.MyI2C_SendAck)
    MyI2C_SendByte                           0x080057a9   Thumb Code   464  myi2c.o(.text.MyI2C_SendByte)
    MyI2C_Start                              0x08005979   Thumb Code    86  myi2c.o(.text.MyI2C_Start)
    MyI2C_Stop                               0x080059d1   Thumb Code    68  myi2c.o(.text.MyI2C_Stop)
    NMI_Handler                              0x08005a19   Thumb Code     2  stm32h7xx_it.o(.text.NMI_Handler)
    OLED_Clear                               0x08005a21   Thumb Code    20  oled.o(.text.OLED_Clear)
    OLED_DrawMenu                            0x08005a39   Thumb Code   368  menu.o(.text.OLED_DrawMenu)
    OLED_DrawRectangle                       0x08005ba9   Thumb Code   510  oled.o(.text.OLED_DrawRectangle)
    OLED_I2C_SendByte                        0x08005da9   Thumb Code   446  oled.o(.text.OLED_I2C_SendByte)
    OLED_Init                                0x08005f69   Thumb Code   204  oled.o(.text.OLED_Init)
    OLED_ShowFloatNum                        0x08006039   Thumb Code   370  oled.o(.text.OLED_ShowFloatNum)
    OLED_ShowImage                           0x080061b1   Thumb Code  1510  oled.o(.text.OLED_ShowImage)
    OLED_ShowNum                             0x08006799   Thumb Code   404  oled.o(.text.OLED_ShowNum)
    OLED_ShowSignedNum                       0x08006931   Thumb Code   510  oled.o(.text.OLED_ShowSignedNum)
    OLED_ShowString                          0x08006b31   Thumb Code   166  oled.o(.text.OLED_ShowString)
    OLED_Update                              0x08006bd9   Thumb Code   236  oled.o(.text.OLED_Update)
    OLED_WriteCommand                        0x08006cc9   Thumb Code   146  oled.o(.text.OLED_WriteCommand)
    OLED_WriteData                           0x08006d61   Thumb Code   160  oled.o(.text.OLED_WriteData)
    PID_InitAll                              0x08006e01   Thumb Code   392  pid.o(.text.PID_InitAll)
    ParsePacket                              0x08006f89   Thumb Code   344  packet_parser.o(.text.ParsePacket)
    PendSV_Handler                           0x08007119   Thumb Code     2  stm32h7xx_it.o(.text.PendSV_Handler)
    SVC_Handler                              0x08007371   Thumb Code     2  stm32h7xx_it.o(.text.SVC_Handler)
    Stepper_Control                          0x08007379   Thumb Code   158  stepper.o(.text.Stepper_Control)
    Stepper_Init                             0x08007419   Thumb Code   100  stepper.o(.text.Stepper_Init)
    SysTick_Handler                          0x08007489   Thumb Code     4  stm32h7xx_it.o(.text.SysTick_Handler)
    SystemClock_Config                       0x08007491   Thumb Code   200  main.o(.text.SystemClock_Config)
    SystemInit                               0x08007559   Thumb Code   176  system_stm32h7xx.o(.text.SystemInit)
    TIM15_IRQHandler                         0x08007609   Thumb Code    12  stm32h7xx_it.o(.text.TIM15_IRQHandler)
    TIM23_IRQHandler                         0x08007619   Thumb Code    12  stm32h7xx_it.o(.text.TIM23_IRQHandler)
    TIM24_IRQHandler                         0x08007629   Thumb Code    12  stm32h7xx_it.o(.text.TIM24_IRQHandler)
    TIM3_IRQHandler                          0x08007639   Thumb Code    12  stm32h7xx_it.o(.text.TIM3_IRQHandler)
    TIM_Base_SetConfig                       0x08007649   Thumb Code   388  stm32h7xx_hal_tim.o(.text.TIM_Base_SetConfig)
    UART9_IRQHandler                         0x080077d1   Thumb Code    12  stm32h7xx_it.o(.text.UART9_IRQHandler)
    UART_AdvFeatureConfig                    0x080077e1   Thumb Code   224  stm32h7xx_hal_uart.o(.text.UART_AdvFeatureConfig)
    UART_CheckIdleState                      0x080078c1   Thumb Code   366  stm32h7xx_hal_uart.o(.text.UART_CheckIdleState)
    UART_GetPacket                           0x08007a41   Thumb Code    92  serial.o(.text.UART_GetPacket)
    UART_SetConfig                           0x08008499   Thumb Code  1176  stm32h7xx_hal_uart.o(.text.UART_SetConfig)
    UART_StartReceiveIT                      0x08008939   Thumb Code    22  serial.o(.text.UART_StartReceiveIT)
    UART_Start_Receive_IT                    0x08008951   Thumb Code   628  stm32h7xx_hal_uart.o(.text.UART_Start_Receive_IT)
    UART_WaitOnFlagUntilTimeout              0x08008bc9   Thumb Code   856  stm32h7xx_hal_uart.o(.text.UART_WaitOnFlagUntilTimeout)
    UsageFault_Handler                       0x08008f21   Thumb Code     2  stm32h7xx_it.o(.text.UsageFault_Handler)
    _sys_exit                                0x08008f29   Thumb Code     2  main.o(.text._sys_exit)
    begin                                    0x08008f31   Thumb Code    22  madgwickahrs.o(.text.begin)
    dataGetERROR                             0x08008f49   Thumb Code   240  main.o(.text.dataGetERROR)
    getMPU6050Data                           0x08009049   Thumb Code   392  main.o(.text.getMPU6050Data)
    getPitch                                 0x08009209   Thumb Code   176  madgwickahrs.o(.text.getPitch)
    getRoll                                  0x080092c1   Thumb Code   176  madgwickahrs.o(.text.getRoll)
    getYaw                                   0x08009379   Thumb Code   172  madgwickahrs.o(.text.getYaw)
    init_menu_parents                        0x08009429   Thumb Code    50  menu.o(.text.init_menu_parents)
    main                                     0x08009461   Thumb Code   928  main.o(.text.main)
    menu_mode_0                              0x08009849   Thumb Code   320  menu.o(.text.menu_mode_0)
    menu_mode_1                              0x080099a1   Thumb Code   944  menu.o(.text.menu_mode_1)
    menu_mode_2                              0x08009d59   Thumb Code   304  menu.o(.text.menu_mode_2)
    menu_mode_9                              0x08009ea1   Thumb Code   164  menu.o(.text.menu_mode_9)
    menu_system                              0x08009f69   Thumb Code   400  menu.o(.text.menu_system)
    option_func                              0x0800a0f9   Thumb Code    22  menu.o(.text.option_func)
    scan_keys                                0x0800a111   Thumb Code   476  menu.o(.text.scan_keys)
    updateIMU                                0x0800a2f1   Thumb Code   632  madgwickahrs.o(.text.updateIMU)
    __ARM_fpclassifyf                        0x0800a56d   Thumb Code    38  fpclassifyf.o(i.__ARM_fpclassifyf)
    __hardfp_asinf                           0x0800a595   Thumb Code   258  asinf.o(i.__hardfp_asinf)
    __hardfp_atan2f                          0x0800a6c1   Thumb Code   594  atan2f.o(i.__hardfp_atan2f)
    __hardfp_powf                            0x0800a96d   Thumb Code  1606  powf.o(i.__hardfp_powf)
    __mathlib_powf                           0x0800a96d   Thumb Code     0  powf.o(i.__hardfp_powf)
    __mathlib_flt_divzero                    0x0800afd1   Thumb Code    14  funder.o(i.__mathlib_flt_divzero)
    __mathlib_flt_infnan                     0x0800afe5   Thumb Code     6  funder.o(i.__mathlib_flt_infnan)
    __mathlib_flt_infnan2                    0x0800afeb   Thumb Code     6  funder.o(i.__mathlib_flt_infnan2)
    __mathlib_flt_invalid                    0x0800aff1   Thumb Code    10  funder.o(i.__mathlib_flt_invalid)
    __mathlib_flt_overflow                   0x0800b001   Thumb Code    10  funder.o(i.__mathlib_flt_overflow)
    __mathlib_flt_underflow                  0x0800b011   Thumb Code    10  funder.o(i.__mathlib_flt_underflow)
    sqrtf                                    0x0800b021   Thumb Code    62  sqrtf.o(i.sqrtf)
    _get_lc_ctype                            0x0800b061   Thumb Code    44  lc_ctype_c.o(locale$$code)
    _fp_init                                 0x0800b08d   Thumb Code    26  fpinit.o(x$fpl$fpinit)
    __fplib_config_fpu_vfp                   0x0800b0a5   Thumb Code     0  fpinit.o(x$fpl$fpinit)
    __fplib_config_pureend_doubles           0x0800b0a5   Thumb Code     0  fpinit.o(x$fpl$fpinit)
    __I$use$fp                               0x0800b0a6   Number         0  usenofp.o(x$fpl$usenofp)
    D1CorePrescTable                         0x0800b208   Data          16  system_stm32h7xx.o(.rodata.D1CorePrescTable)
    OLED_F6x8                                0x0800b218   Data         570  oled_data.o(.rodata.OLED_F6x8)
    OLED_F8x16                               0x0800b452   Data        1520  oled_data.o(.rodata.OLED_F8x16)
    UARTPrescTable                           0x0800ba42   Data          24  stm32h7xx_hal_uart.o(.rodata.UARTPrescTable)
    Region$$Table$$Base                      0x0800bad4   Number         0  anon$$obj.o(Region$$Table)
    Region$$Table$$Limit                     0x0800baf4   Number         0  anon$$obj.o(Region$$Table)
    __ctype                                  0x0800bb01   Data           0  lc_ctype_c.o(locale$$data)
    uwTickFreq                               0x24000000   Data           1  stm32h7xx_hal.o(.data..L_MergedGlobals)
    uwTickPrio                               0x24000004   Data           4  stm32h7xx_hal.o(.data..L_MergedGlobals)
    SystemCoreClock                          0x24000008   Data           4  system_stm32h7xx.o(.data..L_MergedGlobals)
    SystemD2Clock                            0x2400000c   Data           4  system_stm32h7xx.o(.data..L_MergedGlobals)
    current_menu                             0x24000010   Data           4  menu.o(.data..L_MergedGlobals)
    IMU_angle                                0x24000014   Data          24  menu.o(.data..L_MergedGlobals)
    gray_calibration                         0x2400002c   Data          24  menu.o(.data..L_MergedGlobals)
    tripod_pid                               0x24000044   Data          24  menu.o(.data..L_MergedGlobals)
    car_pid                                  0x2400005c   Data          24  menu.o(.data..L_MergedGlobals)
    Pid_Set                                  0x24000074   Data          24  menu.o(.data..L_MergedGlobals)
    beta                                     0x2400008c   Data           4  madgwickahrs.o(.data..L_MergedGlobals)
    q0                                       0x24000090   Data           4  madgwickahrs.o(.data..L_MergedGlobals)
    invSampleFreq                            0x24000094   Data           4  madgwickahrs.o(.data..L_MergedGlobals)
    mode5                                    0x24000098   Data          24  menu.o(.data..L_MergedGlobals.22)
    mode4                                    0x240000b0   Data          24  menu.o(.data..L_MergedGlobals.22)
    mode3                                    0x240000c8   Data          24  menu.o(.data..L_MergedGlobals.22)
    mode2                                    0x240000e0   Data          24  menu.o(.data..L_MergedGlobals.22)
    mode1                                    0x240000f8   Data          24  menu.o(.data..L_MergedGlobals.22)
    KEY_PORT                                 0x24000110   Data          16  menu.o(.data.KEY_PORT)
    main_menu                                0x24000120   Data          24  menu.o(.data.main_menu)
    mpu6050                                  0x24000138   Data          40  main.o(.data.mpu6050)
    __libspace_start                         0x24000160   Data          96  libspace.o(.bss)
    AX                                       0x240001c0   Data           2  main.o(.bss..L_MergedGlobals)
    __temporary_stack_top$libspace           0x240001c0   Data           0  libspace.o(.bss)
    AY                                       0x240001c2   Data           2  main.o(.bss..L_MergedGlobals)
    AZ                                       0x240001c4   Data           2  main.o(.bss..L_MergedGlobals)
    GX                                       0x240001c6   Data           2  main.o(.bss..L_MergedGlobals)
    GY                                       0x240001c8   Data           2  main.o(.bss..L_MergedGlobals)
    GZ                                       0x240001ca   Data           2  main.o(.bss..L_MergedGlobals)
    Yaw                                      0x240001cc   Data           4  main.o(.bss..L_MergedGlobals)
    Pitch                                    0x240001d0   Data           4  main.o(.bss..L_MergedGlobals)
    Roll                                     0x240001d4   Data           4  main.o(.bss..L_MergedGlobals)
    Yaw_copy                                 0x240001d8   Data           4  main.o(.bss..L_MergedGlobals)
    Pitch_copy                               0x240001dc   Data           4  main.o(.bss..L_MergedGlobals)
    Roll_copy                                0x240001e0   Data           4  main.o(.bss..L_MergedGlobals)
    msg                                      0x240001e4   Data          24  main.o(.bss..L_MergedGlobals)
    Current_Yaw                              0x24000208   Data           4  my_interrupt.o(.bss..L_MergedGlobals)
    Last_Yaw                                 0x2400020c   Data           4  my_interrupt.o(.bss..L_MergedGlobals)
    Yaw_a                                    0x24000210   Data           4  my_interrupt.o(.bss..L_MergedGlobals)
    red_point                                0x24000214   Data           8  packet_parser.o(.bss..L_MergedGlobals)
    green_point                              0x2400021c   Data           8  packet_parser.o(.bss..L_MergedGlobals)
    blue_brick                               0x24000224   Data           8  packet_parser.o(.bss..L_MergedGlobals)
    rect                                     0x2400022c   Data           8  packet_parser.o(.bss..L_MergedGlobals)
    target_point                             0x24000234   Data           8  packet_parser.o(.bss..L_MergedGlobals)
    rect_coords                              0x2400023c   Data          32  packet_parser.o(.bss..L_MergedGlobals)
    anglesComputed                           0x2400025c   Data           1  madgwickahrs.o(.bss..L_MergedGlobals.1)
    q1                                       0x24000260   Data           4  madgwickahrs.o(.bss..L_MergedGlobals.1)
    q2                                       0x24000264   Data           4  madgwickahrs.o(.bss..L_MergedGlobals.1)
    q3                                       0x24000268   Data           4  madgwickahrs.o(.bss..L_MergedGlobals.1)
    roll                                     0x2400026c   Data           4  madgwickahrs.o(.bss..L_MergedGlobals.1)
    pitch                                    0x24000270   Data           4  madgwickahrs.o(.bss..L_MergedGlobals.1)
    yaw                                      0x24000274   Data           4  madgwickahrs.o(.bss..L_MergedGlobals.1)
    pid_control_car_flag                     0x24000278   Data           1  menu.o(.bss..L_MergedGlobals.23)
    keys                                     0x24000290   Data          24  menu.o(.bss..L_MergedGlobals.23)
    OLED_DisplayBuf                          0x240002a8   Data        1024  oled.o(.bss.OLED_DisplayBuf)
    StepperMotor_x                           0x240006a8   Data          48  stepper.o(.bss.StepperMotor_x)
    StepperMotor_y                           0x240006d8   Data          48  stepper.o(.bss.StepperMotor_y)
    htim15                                   0x24000708   Data          76  tim.o(.bss.htim15)
    htim23                                   0x24000754   Data          76  tim.o(.bss.htim23)
    htim24                                   0x240007a0   Data          76  tim.o(.bss.htim24)
    htim3                                    0x240007ec   Data          76  tim.o(.bss.htim3)
    huart9                                   0x24000838   Data         148  usart.o(.bss.huart9)
    move_distance                            0x240008cc   Data           8  packet_parser.o(.bss.move_distance)
    pid_l                                    0x240008d4   Data          80  pid.o(.bss.pid_l)
    pid_r                                    0x24000924   Data          80  pid.o(.bss.pid_r)
    pid_x                                    0x24000974   Data          80  pid.o(.bss.pid_x)
    pid_y                                    0x240009c4   Data          80  pid.o(.bss.pid_y)
    received_packet                          0x24000a14   Data         130  serial.o(.bss.received_packet)
    uwTick                                   0x24000da0   Data           4  stm32h7xx_hal.o(.bss.uwTick)



==============================================================================

Memory Map of the image

  Image Entry point : 0x080002cd

  Load Region LR_IROM1 (Base: 0x08000000, Size: 0x0000bd68, Max: 0x00100000, ABSOLUTE, COMPRESSED[0x0000bc98])

    Execution Region ER_IROM1 (Exec base: 0x08000000, Load base: 0x08000000, Size: 0x0000bc04, Max: 0x00100000, ABSOLUTE)

    Exec Addr    Load Addr    Size         Type   Attr      Idx    E Section Name        Object

    0x08000000   0x08000000   0x000002cc   Data   RO            3    RESET               startup_stm32h723xx.o
    0x080002cc   0x080002cc   0x00000008   Code   RO         1853  * !!!main             c_w.l(__main.o)
    0x080002d4   0x080002d4   0x0000005c   Code   RO         2283    !!!scatter          c_w.l(__scatter.o)
    0x08000330   0x08000330   0x0000005a   Code   RO         2281    !!dczerorl2         c_w.l(__dczerorl2.o)
    0x0800038a   0x0800038a   0x00000002   PAD
    0x0800038c   0x0800038c   0x00000002   Code   RO         2284    !!handler_null      c_w.l(__scatter.o)
    0x0800038e   0x0800038e   0x00000002   PAD
    0x08000390   0x08000390   0x0000001c   Code   RO         2287    !!handler_zi        c_w.l(__scatter_zi.o)
    0x080003ac   0x080003ac   0x00000002   Code   RO         2154    .ARM.Collect$$libinit$$00000000  c_w.l(libinit.o)
    0x080003ae   0x080003ae   0x00000004   Code   RO         2168    .ARM.Collect$$libinit$$00000001  c_w.l(libinit2.o)
    0x080003b2   0x080003b2   0x00000000   Code   RO         2171    .ARM.Collect$$libinit$$00000004  c_w.l(libinit2.o)
    0x080003b2   0x080003b2   0x00000000   Code   RO         2173    .ARM.Collect$$libinit$$00000006  c_w.l(libinit2.o)
    0x080003b2   0x080003b2   0x00000000   Code   RO         2176    .ARM.Collect$$libinit$$0000000C  c_w.l(libinit2.o)
    0x080003b2   0x080003b2   0x00000000   Code   RO         2178    .ARM.Collect$$libinit$$0000000E  c_w.l(libinit2.o)
    0x080003b2   0x080003b2   0x00000000   Code   RO         2180    .ARM.Collect$$libinit$$00000010  c_w.l(libinit2.o)
    0x080003b2   0x080003b2   0x00000006   Code   RO         2181    .ARM.Collect$$libinit$$00000011  c_w.l(libinit2.o)
    0x080003b8   0x080003b8   0x00000000   Code   RO         2183    .ARM.Collect$$libinit$$00000013  c_w.l(libinit2.o)
    0x080003b8   0x080003b8   0x0000000c   Code   RO         2184    .ARM.Collect$$libinit$$00000014  c_w.l(libinit2.o)
    0x080003c4   0x080003c4   0x00000000   Code   RO         2185    .ARM.Collect$$libinit$$00000015  c_w.l(libinit2.o)
    0x080003c4   0x080003c4   0x00000000   Code   RO         2187    .ARM.Collect$$libinit$$00000017  c_w.l(libinit2.o)
    0x080003c4   0x080003c4   0x00000000   Code   RO         2189    .ARM.Collect$$libinit$$00000019  c_w.l(libinit2.o)
    0x080003c4   0x080003c4   0x00000000   Code   RO         2191    .ARM.Collect$$libinit$$0000001B  c_w.l(libinit2.o)
    0x080003c4   0x080003c4   0x00000000   Code   RO         2193    .ARM.Collect$$libinit$$0000001D  c_w.l(libinit2.o)
    0x080003c4   0x080003c4   0x00000000   Code   RO         2195    .ARM.Collect$$libinit$$0000001F  c_w.l(libinit2.o)
    0x080003c4   0x080003c4   0x00000000   Code   RO         2197    .ARM.Collect$$libinit$$00000021  c_w.l(libinit2.o)
    0x080003c4   0x080003c4   0x00000000   Code   RO         2199    .ARM.Collect$$libinit$$00000023  c_w.l(libinit2.o)
    0x080003c4   0x080003c4   0x00000000   Code   RO         2201    .ARM.Collect$$libinit$$00000025  c_w.l(libinit2.o)
    0x080003c4   0x080003c4   0x00000000   Code   RO         2203    .ARM.Collect$$libinit$$00000027  c_w.l(libinit2.o)
    0x080003c4   0x080003c4   0x00000000   Code   RO         2207    .ARM.Collect$$libinit$$0000002E  c_w.l(libinit2.o)
    0x080003c4   0x080003c4   0x00000000   Code   RO         2209    .ARM.Collect$$libinit$$00000030  c_w.l(libinit2.o)
    0x080003c4   0x080003c4   0x00000000   Code   RO         2211    .ARM.Collect$$libinit$$00000032  c_w.l(libinit2.o)
    0x080003c4   0x080003c4   0x00000000   Code   RO         2213    .ARM.Collect$$libinit$$00000034  c_w.l(libinit2.o)
    0x080003c4   0x080003c4   0x00000002   Code   RO         2214    .ARM.Collect$$libinit$$00000035  c_w.l(libinit2.o)
    0x080003c6   0x080003c6   0x00000002   Code   RO         2240    .ARM.Collect$$libshutdown$$00000000  c_w.l(libshutdown.o)
    0x080003c8   0x080003c8   0x00000000   Code   RO         2264    .ARM.Collect$$libshutdown$$00000002  c_w.l(libshutdown2.o)
    0x080003c8   0x080003c8   0x00000000   Code   RO         2266    .ARM.Collect$$libshutdown$$00000004  c_w.l(libshutdown2.o)
    0x080003c8   0x080003c8   0x00000000   Code   RO         2269    .ARM.Collect$$libshutdown$$00000007  c_w.l(libshutdown2.o)
    0x080003c8   0x080003c8   0x00000000   Code   RO         2272    .ARM.Collect$$libshutdown$$0000000A  c_w.l(libshutdown2.o)
    0x080003c8   0x080003c8   0x00000000   Code   RO         2274    .ARM.Collect$$libshutdown$$0000000C  c_w.l(libshutdown2.o)
    0x080003c8   0x080003c8   0x00000000   Code   RO         2277    .ARM.Collect$$libshutdown$$0000000F  c_w.l(libshutdown2.o)
    0x080003c8   0x080003c8   0x00000002   Code   RO         2278    .ARM.Collect$$libshutdown$$00000010  c_w.l(libshutdown2.o)
    0x080003ca   0x080003ca   0x00000000   Code   RO         1882    .ARM.Collect$$rtentry$$00000000  c_w.l(__rtentry.o)
    0x080003ca   0x080003ca   0x00000000   Code   RO         2050    .ARM.Collect$$rtentry$$00000002  c_w.l(__rtentry2.o)
    0x080003ca   0x080003ca   0x00000006   Code   RO         2062    .ARM.Collect$$rtentry$$00000004  c_w.l(__rtentry4.o)
    0x080003d0   0x080003d0   0x00000000   Code   RO         2052    .ARM.Collect$$rtentry$$00000009  c_w.l(__rtentry2.o)
    0x080003d0   0x080003d0   0x00000004   Code   RO         2053    .ARM.Collect$$rtentry$$0000000A  c_w.l(__rtentry2.o)
    0x080003d4   0x080003d4   0x00000000   Code   RO         2055    .ARM.Collect$$rtentry$$0000000C  c_w.l(__rtentry2.o)
    0x080003d4   0x080003d4   0x00000008   Code   RO         2056    .ARM.Collect$$rtentry$$0000000D  c_w.l(__rtentry2.o)
    0x080003dc   0x080003dc   0x00000002   Code   RO         2155    .ARM.Collect$$rtexit$$00000000  c_w.l(rtexit.o)
    0x080003de   0x080003de   0x00000000   Code   RO         2216    .ARM.Collect$$rtexit$$00000002  c_w.l(rtexit2.o)
    0x080003de   0x080003de   0x00000004   Code   RO         2217    .ARM.Collect$$rtexit$$00000003  c_w.l(rtexit2.o)
    0x080003e2   0x080003e2   0x00000006   Code   RO         2218    .ARM.Collect$$rtexit$$00000004  c_w.l(rtexit2.o)
    0x080003e8   0x080003e8   0x00000040   Code   RO            4    .text               startup_stm32h723xx.o
    0x08000428   0x08000428   0x00000002   Code   RO         1831    .text               c_w.l(use_no_semi_2.o)
    0x0800042a   0x0800042a   0x000000f0   Code   RO         1833    .text               c_w.l(lludivv7m.o)
    0x0800051a   0x0800051a   0x00000002   PAD
    0x0800051c   0x0800051c   0x0000003c   Code   RO         1837    .text               c_w.l(__0sscanf.o)
    0x08000558   0x08000558   0x0000014c   Code   RO         1839    .text               c_w.l(_scanf_int.o)
    0x080006a4   0x080006a4   0x00000014   Code   RO         1841    .text               c_w.l(strchr.o)
    0x080006b8   0x080006b8   0x00000096   Code   RO         1843    .text               c_w.l(strncmp.o)
    0x0800074e   0x0800074e   0x0000008a   Code   RO         1845    .text               c_w.l(rt_memcpy_v6.o)
    0x080007d8   0x080007d8   0x0000004e   Code   RO         1847    .text               c_w.l(rt_memclr_w.o)
    0x08000826   0x08000826   0x00000002   PAD
    0x08000828   0x08000828   0x0000007c   Code   RO         1849    .text               c_w.l(strcmpv7m_pel.o)
    0x080008a4   0x080008a4   0x00000006   Code   RO         1851    .text               c_w.l(heapauxi.o)
    0x080008aa   0x080008aa   0x00000002   Code   RO         1880    .text               c_w.l(use_no_semi.o)
    0x080008ac   0x080008ac   0x00000016   Code   RO         1887    .text               c_w.l(_rserrno.o)
    0x080008c2   0x080008c2   0x0000001c   Code   RO         1980    .text               c_w.l(_chval.o)
    0x080008de   0x080008de   0x00000002   PAD
    0x080008e0   0x080008e0   0x0000002c   Code   RO         1982    .text               c_w.l(scanf_char.o)
    0x0800090c   0x0800090c   0x00000040   Code   RO         1984    .text               c_w.l(_sgetc.o)
    0x0800094c   0x0800094c   0x00000064   Code   RO         1986    .text               c_w.l(rt_memcpy_w.o)
    0x080009b0   0x080009b0   0x00000008   Code   RO         2069    .text               c_w.l(rt_errno_addr_intlibspace.o)
    0x080009b8   0x080009b8   0x00000012   Code   RO         2073    .text               c_w.l(isspace.o)
    0x080009ca   0x080009ca   0x00000002   PAD
    0x080009cc   0x080009cc   0x00000374   Code   RO         2091    .text               c_w.l(_scanf.o)
    0x08000d40   0x08000d40   0x00000008   Code   RO         2099    .text               c_w.l(libspace.o)
    0x08000d48   0x08000d48   0x0000004a   Code   RO         2102    .text               c_w.l(sys_stackheap_outer.o)
    0x08000d92   0x08000d92   0x00000002   PAD
    0x08000d94   0x08000d94   0x00000010   Code   RO         2104    .text               c_w.l(rt_ctype_table.o)
    0x08000da4   0x08000da4   0x00000008   Code   RO         2109    .text               c_w.l(rt_locale_intlibspace.o)
    0x08000dac   0x08000dac   0x00000012   Code   RO         2143    .text               c_w.l(exit.o)
    0x08000dbe   0x08000dbe   0x00000002   PAD
    0x08000dc0   0x08000dc0   0x00000002   Code   RO          107    .text.BusFault_Handler  stm32h7xx_it.o
    0x08000dc2   0x08000dc2   0x00000006   PAD
    0x08000dc8   0x08000dc8   0x00000174   Code   RO         1656    .text.CalculateStepperSpeed  stepper.o
    0x08000f3c   0x08000f3c   0x00000004   PAD
    0x08000f40   0x08000f40   0x0000002e   Code   RO         1673    .text.DWT_Init      delay.o
    0x08000f6e   0x08000f6e   0x00000002   PAD
    0x08000f70   0x08000f70   0x00000002   Code   RO          113    .text.DebugMon_Handler  stm32h7xx_it.o
    0x08000f72   0x08000f72   0x00000006   PAD
    0x08000f78   0x08000f78   0x00000036   Code   RO         1679    .text.Delay_ms      delay.o
    0x08000fae   0x08000fae   0x00000002   PAD
    0x08000fb0   0x08000fb0   0x00000032   Code   RO         1677    .text.Delay_us      delay.o
    0x08000fe2   0x08000fe2   0x00000006   PAD
    0x08000fe8   0x08000fe8   0x0000000a   Code   RO           27    .text.Error_Handler  main.o
    0x08000ff2   0x08000ff2   0x00000006   PAD
    0x08000ff8   0x08000ff8   0x00000526   Code   RO          423    .text.HAL_DMA_Abort  stm32h7xx_hal_dma.o
    0x0800151e   0x0800151e   0x00000002   PAD
    0x08001520   0x08001520   0x000002b6   Code   RO          425    .text.HAL_DMA_Abort_IT  stm32h7xx_hal_dma.o
    0x080017d6   0x080017d6   0x00000002   PAD
    0x080017d8   0x080017d8   0x000001a6   Code   RO          357    .text.HAL_GPIO_Init  stm32h7xx_hal_gpio.o
    0x0800197e   0x0800197e   0x00000002   PAD
    0x08001980   0x08001980   0x0000000a   Code   RO          361    .text.HAL_GPIO_ReadPin  stm32h7xx_hal_gpio.o
    0x0800198a   0x0800198a   0x00000006   PAD
    0x08001990   0x08001990   0x0000000a   Code   RO          363    .text.HAL_GPIO_WritePin  stm32h7xx_hal_gpio.o
    0x0800199a   0x0800199a   0x00000006   PAD
    0x080019a0   0x080019a0   0x0000000c   Code   RO          657    .text.HAL_GetTick   stm32h7xx_hal.o
    0x080019ac   0x080019ac   0x00000004   PAD
    0x080019b0   0x080019b0   0x0000001a   Code   RO          655    .text.HAL_IncTick   stm32h7xx_hal.o
    0x080019ca   0x080019ca   0x00000006   PAD
    0x080019d0   0x080019d0   0x00000064   Code   RO          645    .text.HAL_Init      stm32h7xx_hal.o
    0x08001a34   0x08001a34   0x00000004   PAD
    0x08001a38   0x08001a38   0x00000050   Code   RO          647    .text.HAL_InitTick  stm32h7xx_hal.o
    0x08001a88   0x08001a88   0x00000020   Code   RO          136    .text.HAL_MspInit   stm32h7xx_hal_msp.o
    0x08001aa8   0x08001aa8   0x00000022   Code   RO          148    .text.HAL_NVIC_EnableIRQ  stm32h7xx_hal_cortex.o
    0x08001aca   0x08001aca   0x00000006   PAD
    0x08001ad0   0x08001ad0   0x0000005a   Code   RO          146    .text.HAL_NVIC_SetPriority  stm32h7xx_hal_cortex.o
    0x08001b2a   0x08001b2a   0x00000006   PAD
    0x08001b30   0x08001b30   0x00000020   Code   RO          144    .text.HAL_NVIC_SetPriorityGrouping  stm32h7xx_hal_cortex.o
    0x08001b50   0x08001b50   0x0000004c   Code   RO          561    .text.HAL_PWREx_ConfigSupply  stm32h7xx_hal_pwr_ex.o
    0x08001b9c   0x08001b9c   0x00000004   PAD
    0x08001ba0   0x08001ba0   0x00000026   Code   RO          248    .text.HAL_RCCEx_GetD3PCLK1Freq  stm32h7xx_hal_rcc_ex.o
    0x08001bc6   0x08001bc6   0x00000002   PAD
    0x08001bc8   0x08001bc8   0x00000128   Code   RO          244    .text.HAL_RCCEx_GetPLL2ClockFreq  stm32h7xx_hal_rcc_ex.o
    0x08001cf0   0x08001cf0   0x00000128   Code   RO          246    .text.HAL_RCCEx_GetPLL3ClockFreq  stm32h7xx_hal_rcc_ex.o
    0x08001e18   0x08001e18   0x00000a80   Code   RO          232    .text.HAL_RCCEx_PeriphCLKConfig  stm32h7xx_hal_rcc_ex.o
    0x08002898   0x08002898   0x00000254   Code   RO          200    .text.HAL_RCC_ClockConfig  stm32h7xx_hal_rcc.o
    0x08002aec   0x08002aec   0x00000004   PAD
    0x08002af0   0x08002af0   0x0000004c   Code   RO          210    .text.HAL_RCC_GetHCLKFreq  stm32h7xx_hal_rcc.o
    0x08002b3c   0x08002b3c   0x00000004   PAD
    0x08002b40   0x08002b40   0x00000060   Code   RO          212    .text.HAL_RCC_GetPCLK1Freq  stm32h7xx_hal_rcc.o
    0x08002ba0   0x08002ba0   0x00000060   Code   RO          214    .text.HAL_RCC_GetPCLK2Freq  stm32h7xx_hal_rcc.o
    0x08002c00   0x08002c00   0x0000011c   Code   RO          202    .text.HAL_RCC_GetSysClockFreq  stm32h7xx_hal_rcc.o
    0x08002d1c   0x08002d1c   0x00000004   PAD
    0x08002d20   0x08002d20   0x0000052c   Code   RO          198    .text.HAL_RCC_OscConfig  stm32h7xx_hal_rcc.o
    0x0800324c   0x0800324c   0x00000004   PAD
    0x08003250   0x08003250   0x0000002e   Code   RO          156    .text.HAL_SYSTICK_Config  stm32h7xx_hal_cortex.o
    0x0800327e   0x0800327e   0x00000002   PAD
    0x08003280   0x08003280   0x00000002   Code   RO         1280    .text.HAL_TIMEx_Break2Callback  stm32h7xx_hal_tim_ex.o
    0x08003282   0x08003282   0x00000006   PAD
    0x08003288   0x08003288   0x00000002   Code   RO         1278    .text.HAL_TIMEx_BreakCallback  stm32h7xx_hal_tim_ex.o
    0x0800328a   0x0800328a   0x00000006   PAD
    0x08003290   0x08003290   0x00000002   Code   RO         1274    .text.HAL_TIMEx_CommutCallback  stm32h7xx_hal_tim_ex.o
    0x08003292   0x08003292   0x00000006   PAD
    0x08003298   0x08003298   0x000000c4   Code   RO         1260    .text.HAL_TIMEx_ConfigBreakDeadTime  stm32h7xx_hal_tim_ex.o
    0x0800335c   0x0800335c   0x00000004   PAD
    0x08003360   0x08003360   0x000000de   Code   RO         1258    .text.HAL_TIMEx_MasterConfigSynchronization  stm32h7xx_hal_tim_ex.o
    0x0800343e   0x0800343e   0x00000002   PAD
    0x08003440   0x08003440   0x00000060   Code   RO          963    .text.HAL_TIM_Base_Init  stm32h7xx_hal_tim.o
    0x080034a0   0x080034a0   0x000000b0   Code   RO           66    .text.HAL_TIM_Base_MspInit  tim.o
    0x08003550   0x08003550   0x000000dc   Code   RO          977    .text.HAL_TIM_Base_Start_IT  stm32h7xx_hal_tim.o
    0x0800362c   0x0800362c   0x00000004   PAD
    0x08003630   0x08003630   0x00000200   Code   RO         1143    .text.HAL_TIM_ConfigClockSource  stm32h7xx_hal_tim.o
    0x08003830   0x08003830   0x00000002   Code   RO         1099    .text.HAL_TIM_IC_CaptureCallback  stm32h7xx_hal_tim.o
    0x08003832   0x08003832   0x00000006   PAD
    0x08003838   0x08003838   0x0000016c   Code   RO         1097    .text.HAL_TIM_IRQHandler  stm32h7xx_hal_tim.o
    0x080039a4   0x080039a4   0x00000004   PAD
    0x080039a8   0x080039a8   0x00000002   Code   RO         1101    .text.HAL_TIM_OC_DelayElapsedCallback  stm32h7xx_hal_tim.o
    0x080039aa   0x080039aa   0x00000006   PAD
    0x080039b0   0x080039b0   0x000004b2   Code   RO         1117    .text.HAL_TIM_PWM_ConfigChannel  stm32h7xx_hal_tim.o
    0x08003e62   0x08003e62   0x00000006   PAD
    0x08003e68   0x08003e68   0x00000060   Code   RO         1017    .text.HAL_TIM_PWM_Init  stm32h7xx_hal_tim.o
    0x08003ec8   0x08003ec8   0x00000044   Code   RO           68    .text.HAL_TIM_PWM_MspInit  tim.o
    0x08003f0c   0x08003f0c   0x00000004   PAD
    0x08003f10   0x08003f10   0x00000002   Code   RO         1103    .text.HAL_TIM_PWM_PulseFinishedCallback  stm32h7xx_hal_tim.o
    0x08003f12   0x08003f12   0x00000006   PAD
    0x08003f18   0x08003f18   0x00000170   Code   RO         1025    .text.HAL_TIM_PWM_Start  stm32h7xx_hal_tim.o
    0x08004088   0x08004088   0x00000090   Code   RO         1691    .text.HAL_TIM_PeriodElapsedCallback  my_interrupt.o
    0x08004118   0x08004118   0x00000002   Code   RO         1107    .text.HAL_TIM_TriggerCallback  stm32h7xx_hal_tim.o
    0x0800411a   0x0800411a   0x00000006   PAD
    0x08004120   0x08004120   0x00000036   Code   RO         1457    .text.HAL_UARTEx_DisableFifoMode  stm32h7xx_hal_uart_ex.o
    0x08004156   0x08004156   0x00000002   PAD
    0x08004158   0x08004158   0x00000002   Code   RO         1384    .text.HAL_UARTEx_RxEventCallback  stm32h7xx_hal_uart.o
    0x0800415a   0x0800415a   0x00000006   PAD
    0x08004160   0x08004160   0x00000002   Code   RO         1443    .text.HAL_UARTEx_RxFifoFullCallback  stm32h7xx_hal_uart_ex.o
    0x08004162   0x08004162   0x00000006   PAD
    0x08004168   0x08004168   0x0000008c   Code   RO         1461    .text.HAL_UARTEx_SetRxFifoThreshold  stm32h7xx_hal_uart_ex.o
    0x080041f4   0x080041f4   0x00000004   PAD
    0x080041f8   0x080041f8   0x0000008c   Code   RO         1459    .text.HAL_UARTEx_SetTxFifoThreshold  stm32h7xx_hal_uart_ex.o
    0x08004284   0x08004284   0x00000004   PAD
    0x08004288   0x08004288   0x00000002   Code   RO         1445    .text.HAL_UARTEx_TxFifoEmptyCallback  stm32h7xx_hal_uart_ex.o
    0x0800428a   0x0800428a   0x00000006   PAD
    0x08004290   0x08004290   0x00000002   Code   RO         1441    .text.HAL_UARTEx_WakeupCallback  stm32h7xx_hal_uart_ex.o
    0x08004292   0x08004292   0x00000006   PAD
    0x08004298   0x08004298   0x00000002   Code   RO         1382    .text.HAL_UART_ErrorCallback  stm32h7xx_hal_uart.o
    0x0800429a   0x0800429a   0x00000006   PAD
    0x080042a0   0x080042a0   0x00000672   Code   RO         1378    .text.HAL_UART_IRQHandler  stm32h7xx_hal_uart.o
    0x08004912   0x08004912   0x00000006   PAD
    0x08004918   0x08004918   0x00000064   Code   RO         1294    .text.HAL_UART_Init  stm32h7xx_hal_uart.o
    0x0800497c   0x0800497c   0x00000004   PAD
    0x08004980   0x08004980   0x000000a4   Code   RO           88    .text.HAL_UART_MspInit  usart.o
    0x08004a24   0x08004a24   0x00000004   PAD
    0x08004a28   0x08004a28   0x000000ac   Code   RO         1330    .text.HAL_UART_Receive_IT  stm32h7xx_hal_uart.o
    0x08004ad4   0x08004ad4   0x00000004   PAD
    0x08004ad8   0x08004ad8   0x000000ea   Code   RO         1592    .text.HAL_UART_RxCpltCallback  serial.o
    0x08004bc2   0x08004bc2   0x00000006   PAD
    0x08004bc8   0x08004bc8   0x00000002   Code   RO         1386    .text.HAL_UART_TxCpltCallback  stm32h7xx_hal_uart.o
    0x08004bca   0x08004bca   0x00000006   PAD
    0x08004bd0   0x08004bd0   0x00000002   Code   RO          103    .text.HardFault_Handler  stm32h7xx_it.o
    0x08004bd2   0x08004bd2   0x00000006   PAD
    0x08004bd8   0x08004bd8   0x000002cc   Code   RO         1616    .text.MPU6050_GetData  mpu6050.o
    0x08004ea4   0x08004ea4   0x00000004   PAD
    0x08004ea8   0x08004ea8   0x000000f4   Code   RO         1612    .text.MPU6050_Init  mpu6050.o
    0x08004f9c   0x08004f9c   0x00000004   PAD
    0x08004fa0   0x08004fa0   0x00000122   Code   RO           47    .text.MX_GPIO_Init  gpio.o
    0x080050c2   0x080050c2   0x00000006   PAD
    0x080050c8   0x080050c8   0x0000013c   Code   RO           60    .text.MX_TIM15_Init  tim.o
    0x08005204   0x08005204   0x00000004   PAD
    0x08005208   0x08005208   0x00000072   Code   RO           62    .text.MX_TIM23_Init  tim.o
    0x0800527a   0x0800527a   0x00000006   PAD
    0x08005280   0x08005280   0x00000076   Code   RO           64    .text.MX_TIM24_Init  tim.o
    0x080052f6   0x080052f6   0x00000002   PAD
    0x080052f8   0x080052f8   0x0000013c   Code   RO           56    .text.MX_TIM3_Init  tim.o
    0x08005434   0x08005434   0x00000004   PAD
    0x08005438   0x08005438   0x0000007c   Code   RO           86    .text.MX_UART9_Init  usart.o
    0x080054b4   0x080054b4   0x00000004   PAD
    0x080054b8   0x080054b8   0x00000002   Code   RO          105    .text.MemManage_Handler  stm32h7xx_it.o
    0x080054ba   0x080054ba   0x00000006   PAD
    0x080054c0   0x080054c0   0x00000060   Code   RO         1632    .text.MyI2C_GPIO_Init  myi2c.o
    0x08005520   0x08005520   0x00000050   Code   RO         1644    .text.MyI2C_ReceiveAck  myi2c.o
    0x08005570   0x08005570   0x000001ec   Code   RO         1640    .text.MyI2C_ReceiveByte  myi2c.o
    0x0800575c   0x0800575c   0x00000004   PAD
    0x08005760   0x08005760   0x00000044   Code   RO         1642    .text.MyI2C_SendAck  myi2c.o
    0x080057a4   0x080057a4   0x00000004   PAD
    0x080057a8   0x080057a8   0x000001d0   Code   RO         1638    .text.MyI2C_SendByte  myi2c.o
    0x08005978   0x08005978   0x00000056   Code   RO         1634    .text.MyI2C_Start   myi2c.o
    0x080059ce   0x080059ce   0x00000002   PAD
    0x080059d0   0x080059d0   0x00000044   Code   RO         1636    .text.MyI2C_Stop    myi2c.o
    0x08005a14   0x08005a14   0x00000004   PAD
    0x08005a18   0x08005a18   0x00000002   Code   RO          101    .text.NMI_Handler   stm32h7xx_it.o
    0x08005a1a   0x08005a1a   0x00000006   PAD
    0x08005a20   0x08005a20   0x00000014   Code   RO         1512    .text.OLED_Clear    oled.o
    0x08005a34   0x08005a34   0x00000004   PAD
    0x08005a38   0x08005a38   0x00000170   Code   RO         1715    .text.OLED_DrawMenu  menu.o
    0x08005ba8   0x08005ba8   0x000001fe   Code   RO         1558    .text.OLED_DrawRectangle  oled.o
    0x08005da6   0x08005da6   0x00000002   PAD
    0x08005da8   0x08005da8   0x000001be   Code   RO         1504    .text.OLED_I2C_SendByte  oled.o
    0x08005f66   0x08005f66   0x00000002   PAD
    0x08005f68   0x08005f68   0x000000cc   Code   RO         1510    .text.OLED_Init     oled.o
    0x08006034   0x08006034   0x00000004   PAD
    0x08006038   0x08006038   0x00000172   Code   RO         1546    .text.OLED_ShowFloatNum  oled.o
    0x080061aa   0x080061aa   0x00000006   PAD
    0x080061b0   0x080061b0   0x000005e6   Code   RO         1534    .text.OLED_ShowImage  oled.o
    0x08006796   0x08006796   0x00000002   PAD
    0x08006798   0x08006798   0x00000194   Code   RO         1538    .text.OLED_ShowNum  oled.o
    0x0800692c   0x0800692c   0x00000004   PAD
    0x08006930   0x08006930   0x000001fe   Code   RO         1540    .text.OLED_ShowSignedNum  oled.o
    0x08006b2e   0x08006b2e   0x00000002   PAD
    0x08006b30   0x08006b30   0x000000a6   Code   RO         1536    .text.OLED_ShowString  oled.o
    0x08006bd6   0x08006bd6   0x00000002   PAD
    0x08006bd8   0x08006bd8   0x000000ec   Code   RO         1514    .text.OLED_Update   oled.o
    0x08006cc4   0x08006cc4   0x00000004   PAD
    0x08006cc8   0x08006cc8   0x00000092   Code   RO         1506    .text.OLED_WriteCommand  oled.o
    0x08006d5a   0x08006d5a   0x00000006   PAD
    0x08006d60   0x08006d60   0x000000a0   Code   RO         1508    .text.OLED_WriteData  oled.o
    0x08006e00   0x08006e00   0x00000188   Code   RO         1784    .text.PID_InitAll   pid.o
    0x08006f88   0x08006f88   0x00000190   Code   RO         1751    .text.ParsePacket   packet_parser.o
    0x08007118   0x08007118   0x00000002   Code   RO          115    .text.PendSV_Handler  stm32h7xx_it.o
    0x0800711a   0x0800711a   0x00000006   PAD
    0x08007120   0x08007120   0x00000122   Code   RO          234    .text.RCCEx_PLL2_Config  stm32h7xx_hal_rcc_ex.o
    0x08007242   0x08007242   0x00000006   PAD
    0x08007248   0x08007248   0x00000122   Code   RO          236    .text.RCCEx_PLL3_Config  stm32h7xx_hal_rcc_ex.o
    0x0800736a   0x0800736a   0x00000006   PAD
    0x08007370   0x08007370   0x00000002   Code   RO          111    .text.SVC_Handler   stm32h7xx_it.o
    0x08007372   0x08007372   0x00000006   PAD
    0x08007378   0x08007378   0x0000009e   Code   RO         1658    .text.Stepper_Control  stepper.o
    0x08007416   0x08007416   0x00000002   PAD
    0x08007418   0x08007418   0x0000006c   Code   RO         1660    .text.Stepper_Init  stepper.o
    0x08007484   0x08007484   0x00000004   PAD
    0x08007488   0x08007488   0x00000004   Code   RO          117    .text.SysTick_Handler  stm32h7xx_it.o
    0x0800748c   0x0800748c   0x00000004   PAD
    0x08007490   0x08007490   0x000000c8   Code   RO           21    .text.SystemClock_Config  main.o
    0x08007558   0x08007558   0x000000b0   Code   RO         1480    .text.SystemInit    system_stm32h7xx.o
    0x08007608   0x08007608   0x0000000c   Code   RO          121    .text.TIM15_IRQHandler  stm32h7xx_it.o
    0x08007614   0x08007614   0x00000004   PAD
    0x08007618   0x08007618   0x0000000c   Code   RO          125    .text.TIM23_IRQHandler  stm32h7xx_it.o
    0x08007624   0x08007624   0x00000004   PAD
    0x08007628   0x08007628   0x0000000c   Code   RO          127    .text.TIM24_IRQHandler  stm32h7xx_it.o
    0x08007634   0x08007634   0x00000004   PAD
    0x08007638   0x08007638   0x0000000c   Code   RO          119    .text.TIM3_IRQHandler  stm32h7xx_it.o
    0x08007644   0x08007644   0x00000004   PAD
    0x08007648   0x08007648   0x00000184   Code   RO          967    .text.TIM_Base_SetConfig  stm32h7xx_hal_tim.o
    0x080077cc   0x080077cc   0x00000004   PAD
    0x080077d0   0x080077d0   0x0000000c   Code   RO          123    .text.UART9_IRQHandler  stm32h7xx_it.o
    0x080077dc   0x080077dc   0x00000004   PAD
    0x080077e0   0x080077e0   0x000000e0   Code   RO         1298    .text.UART_AdvFeatureConfig  stm32h7xx_hal_uart.o
    0x080078c0   0x080078c0   0x0000016e   Code   RO         1302    .text.UART_CheckIdleState  stm32h7xx_hal_uart.o
    0x08007a2e   0x08007a2e   0x00000002   PAD
    0x08007a30   0x08007a30   0x00000010   Code   RO         1380    .text.UART_DMAAbortOnError  stm32h7xx_hal_uart.o
    0x08007a40   0x08007a40   0x0000005c   Code   RO         1588    .text.UART_GetPacket  serial.o
    0x08007a9c   0x08007a9c   0x00000004   PAD
    0x08007aa0   0x08007aa0   0x000001c4   Code   RO         1420    .text.UART_RxISR_16BIT  stm32h7xx_hal_uart.o
    0x08007c64   0x08007c64   0x00000004   PAD
    0x08007c68   0x08007c68   0x00000330   Code   RO         1416    .text.UART_RxISR_16BIT_FIFOEN  stm32h7xx_hal_uart.o
    0x08007f98   0x08007f98   0x000001c8   Code   RO         1422    .text.UART_RxISR_8BIT  stm32h7xx_hal_uart.o
    0x08008160   0x08008160   0x00000334   Code   RO         1418    .text.UART_RxISR_8BIT_FIFOEN  stm32h7xx_hal_uart.o
    0x08008494   0x08008494   0x00000004   PAD
    0x08008498   0x08008498   0x000004a0   Code   RO         1300    .text.UART_SetConfig  stm32h7xx_hal_uart.o
    0x08008938   0x08008938   0x00000016   Code   RO         1586    .text.UART_StartReceiveIT  serial.o
    0x0800894e   0x0800894e   0x00000002   PAD
    0x08008950   0x08008950   0x00000274   Code   RO         1332    .text.UART_Start_Receive_IT  stm32h7xx_hal_uart.o
    0x08008bc4   0x08008bc4   0x00000004   PAD
    0x08008bc8   0x08008bc8   0x00000358   Code   RO         1316    .text.UART_WaitOnFlagUntilTimeout  stm32h7xx_hal_uart.o
    0x08008f20   0x08008f20   0x00000002   Code   RO          109    .text.UsageFault_Handler  stm32h7xx_it.o
    0x08008f22   0x08008f22   0x00000006   PAD
    0x08008f28   0x08008f28   0x00000002   Code   RO           13    .text._sys_exit     main.o
    0x08008f2a   0x08008f2a   0x00000006   PAD
    0x08008f30   0x08008f30   0x00000016   Code   RO         1800    .text.begin         madgwickahrs.o
    0x08008f46   0x08008f46   0x00000002   PAD
    0x08008f48   0x08008f48   0x000000fc   Code   RO           23    .text.dataGetERROR  main.o
    0x08009044   0x08009044   0x00000004   PAD
    0x08009048   0x08009048   0x000001c0   Code   RO           29    .text.getMPU6050Data  main.o
    0x08009208   0x08009208   0x000000b4   Code   RO         1810    .text.getPitch      madgwickahrs.o
    0x080092bc   0x080092bc   0x00000004   PAD
    0x080092c0   0x080092c0   0x000000b4   Code   RO         1806    .text.getRoll       madgwickahrs.o
    0x08009374   0x08009374   0x00000004   PAD
    0x08009378   0x08009378   0x000000b0   Code   RO         1812    .text.getYaw        madgwickahrs.o
    0x08009428   0x08009428   0x00000032   Code   RO         1707    .text.init_menu_parents  menu.o
    0x0800945a   0x0800945a   0x00000006   PAD
    0x08009460   0x08009460   0x000003e4   Code   RO           19    .text.main          main.o
    0x08009844   0x08009844   0x00000004   PAD
    0x08009848   0x08009848   0x00000154   Code   RO         1717    .text.menu_mode_0   menu.o
    0x0800999c   0x0800999c   0x00000004   PAD
    0x080099a0   0x080099a0   0x000003b8   Code   RO         1719    .text.menu_mode_1   menu.o
    0x08009d58   0x08009d58   0x00000148   Code   RO         1721    .text.menu_mode_2   menu.o
    0x08009ea0   0x08009ea0   0x000000c8   Code   RO         1727    .text.menu_mode_9   menu.o
    0x08009f68   0x08009f68   0x00000190   Code   RO         1729    .text.menu_system   menu.o
    0x0800a0f8   0x0800a0f8   0x00000016   Code   RO         1705    .text.option_func   menu.o
    0x0800a10e   0x0800a10e   0x00000002   PAD
    0x0800a110   0x0800a110   0x000001dc   Code   RO         1701    .text.scan_keys     menu.o
    0x0800a2ec   0x0800a2ec   0x00000004   PAD
    0x0800a2f0   0x0800a2f0   0x0000027c   Code   RO         1804    .text.updateIMU     madgwickahrs.o
    0x0800a56c   0x0800a56c   0x00000026   Code   RO         2026    i.__ARM_fpclassifyf  m_wv.l(fpclassifyf.o)
    0x0800a592   0x0800a592   0x00000002   PAD
    0x0800a594   0x0800a594   0x0000012c   Code   RO         1855    i.__hardfp_asinf    m_wv.l(asinf.o)
    0x0800a6c0   0x0800a6c0   0x000002ac   Code   RO         1867    i.__hardfp_atan2f   m_wv.l(atan2f.o)
    0x0800a96c   0x0800a96c   0x00000664   Code   RO         1873    i.__hardfp_powf     m_wv.l(powf.o)
    0x0800afd0   0x0800afd0   0x00000014   Code   RO         2028    i.__mathlib_flt_divzero  m_wv.l(funder.o)
    0x0800afe4   0x0800afe4   0x00000006   Code   RO         2029    i.__mathlib_flt_infnan  m_wv.l(funder.o)
    0x0800afea   0x0800afea   0x00000006   Code   RO         2030    i.__mathlib_flt_infnan2  m_wv.l(funder.o)
    0x0800aff0   0x0800aff0   0x00000010   Code   RO         2031    i.__mathlib_flt_invalid  m_wv.l(funder.o)
    0x0800b000   0x0800b000   0x00000010   Code   RO         2032    i.__mathlib_flt_overflow  m_wv.l(funder.o)
    0x0800b010   0x0800b010   0x00000010   Code   RO         2034    i.__mathlib_flt_underflow  m_wv.l(funder.o)
    0x0800b020   0x0800b020   0x0000003e   Code   RO         2045    i.sqrtf             m_wv.l(sqrtf.o)
    0x0800b05e   0x0800b05e   0x00000002   PAD
    0x0800b060   0x0800b060   0x0000002c   Code   RO         2162    locale$$code        c_w.l(lc_ctype_c.o)
    0x0800b08c   0x0800b08c   0x0000001a   Code   RO         2230    x$fpl$fpinit        fz_wv.l(fpinit.o)
    0x0800b0a6   0x0800b0a6   0x00000000   Code   RO         1998    x$fpl$usenofp       fz_wv.l(usenofp.o)
    0x0800b0a6   0x0800b0a6   0x00000002   PAD
    0x0800b0a8   0x0800b0a8   0x00000140   Data   RO         1876    .constdata          m_wv.l(powf.o)
    0x0800b1e8   0x0800b1e8   0x00000014   Data   RO         1664    .rodata..Lswitch.table.Stepper_Control.1  stepper.o
    0x0800b1fc   0x0800b1fc   0x00000006   Data   RO         1429    .rodata..Lswitch.table.UART_SetConfig.7  stm32h7xx_hal_uart.o
    0x0800b202   0x0800b202   0x00000006   Data   RO         1430    .rodata..Lswitch.table.UART_SetConfig.9  stm32h7xx_hal_uart.o
    0x0800b208   0x0800b208   0x00000010   Data   RO         1484    .rodata.D1CorePrescTable  system_stm32h7xx.o
    0x0800b218   0x0800b218   0x0000023a   Data   RO         1578    .rodata.OLED_F6x8   oled_data.o
    0x0800b452   0x0800b452   0x000005f0   Data   RO         1577    .rodata.OLED_F8x16  oled_data.o
    0x0800ba42   0x0800ba42   0x00000018   Data   RO         1428    .rodata.UARTPrescTable  stm32h7xx_hal_uart.o
    0x0800ba5a   0x0800ba5a   0x00000004   Data   RO         1737    .rodata.cst4        menu.o
    0x0800ba5e   0x0800ba5e   0x00000010   Data   RO         1471    .rodata.cst8        stm32h7xx_hal_uart_ex.o
    0x0800ba6e   0x0800ba6e   0x0000005e   Data   RO         1738    .rodata.str1.1      menu.o
    0x0800bacc   0x0800bacc   0x00000008   Data   RO         1754    .rodata.str1.1      packet_parser.o
    0x0800bad4   0x0800bad4   0x00000020   Data   RO         2280    Region$$Table       anon$$obj.o
    0x0800baf4   0x0800baf4   0x00000110   Data   RO         2161    locale$$data        c_w.l(lc_ctype_c.o)


    Execution Region RW_IRAM1 (Exec base: 0x20000000, Load base: 0x0800bc04, Size: 0x00000000, Max: 0x00020000, ABSOLUTE)

    **** No section assigned to this execution region ****


    Execution Region RW_IRAM2 (Exec base: 0x24000000, Load base: 0x0800bc08, Size: 0x000013a8, Max: 0x00050000, ABSOLUTE, COMPRESSED[0x00000090])

    Exec Addr    Load Addr    Size         Type   Attr      Idx    E Section Name        Object

    0x24000000   COMPRESSED   0x00000008   Data   RW          754    .data..L_MergedGlobals  stm32h7xx_hal.o
    0x24000008   COMPRESSED   0x00000008   Data   RW         1485    .data..L_MergedGlobals  system_stm32h7xx.o
    0x24000010   COMPRESSED   0x0000007c   Data   RW         1740    .data..L_MergedGlobals  menu.o
    0x2400008c   COMPRESSED   0x0000000c   Data   RW         1820    .data..L_MergedGlobals  madgwickahrs.o
    0x24000098   COMPRESSED   0x00000078   Data   RW         1741    .data..L_MergedGlobals.22  menu.o
    0x24000110   COMPRESSED   0x00000010   Data   RW         1735    .data.KEY_PORT      menu.o
    0x24000120   COMPRESSED   0x00000018   Data   RW         1739    .data.main_menu     menu.o
    0x24000138   COMPRESSED   0x00000028   Data   RW           31    .data.mpu6050       main.o
    0x24000160        -       0x00000060   Zero   RW         2100    .bss                c_w.l(libspace.o)
    0x240001c0        -       0x0000003c   Zero   RW           38    .bss..L_MergedGlobals  main.o
    0x240001fc        -       0x0000000a   Zero   RW         1597    .bss..L_MergedGlobals  serial.o
    0x24000206   COMPRESSED   0x00000002   PAD
    0x24000208        -       0x0000000c   Zero   RW         1693    .bss..L_MergedGlobals  my_interrupt.o
    0x24000214        -       0x00000048   Zero   RW         1757    .bss..L_MergedGlobals  packet_parser.o
    0x2400025c        -       0x0000001c   Zero   RW         1821    .bss..L_MergedGlobals.1  madgwickahrs.o
    0x24000278        -       0x00000030   Zero   RW         1742    .bss..L_MergedGlobals.23  menu.o
    0x240002a8        -       0x00000400   Zero   RW         1568    .bss.OLED_DisplayBuf  oled.o
    0x240006a8        -       0x00000030   Zero   RW         1662    .bss.StepperMotor_x  stepper.o
    0x240006d8        -       0x00000030   Zero   RW         1663    .bss.StepperMotor_y  stepper.o
    0x24000708        -       0x0000004c   Zero   RW           75    .bss.htim15         tim.o
    0x24000754        -       0x0000004c   Zero   RW           76    .bss.htim23         tim.o
    0x240007a0        -       0x0000004c   Zero   RW           77    .bss.htim24         tim.o
    0x240007ec        -       0x0000004c   Zero   RW           74    .bss.htim3          tim.o
    0x24000838        -       0x00000094   Zero   RW           92    .bss.huart9         usart.o
    0x240008cc        -       0x00000008   Zero   RW         1753    .bss.move_distance  packet_parser.o
    0x240008d4        -       0x00000050   Zero   RW         1791    .bss.pid_l          pid.o
    0x24000924        -       0x00000050   Zero   RW         1790    .bss.pid_r          pid.o
    0x24000974        -       0x00000050   Zero   RW         1788    .bss.pid_x          pid.o
    0x240009c4        -       0x00000050   Zero   RW         1789    .bss.pid_y          pid.o
    0x24000a14        -       0x00000082   Zero   RW         1596    .bss.received_packet  serial.o
    0x24000a96        -       0x0000028a   Zero   RW         1594    .bss.s_packet_queue  serial.o
    0x24000d20        -       0x00000080   Zero   RW         1595    .bss.s_rx_buffer    serial.o
    0x24000da0        -       0x00000004   Zero   RW          753    .bss.uwTick         stm32h7xx_hal.o
    0x24000da4   COMPRESSED   0x00000004   PAD
    0x24000da8        -       0x00000200   Zero   RW            2    HEAP                startup_stm32h723xx.o
    0x24000fa8        -       0x00000400   Zero   RW            1    STACK               startup_stm32h723xx.o


==============================================================================

Image component sizes


      Code (inc. data)   RO Data    RW Data    ZI Data      Debug   Object Name

       150          0          0          0          0       2774   delay.o
       290          0          0          0          0       3098   gpio.o
      1194         16          0         12         28       9966   madgwickahrs.o
      1908        136          0         40         60       6666   main.o
      3136        120         98        284         48      13352   menu.o
       960          0          0          0          0       3049   mpu6050.o
       144          4          0          0         12       5181   my_interrupt.o
      1354          0          0          0          0       5064   myi2c.o
      4682          0          0          0       1024      50275   oled.o
         0          0       2090          0          0        779   oled_data.o
       400         56          8          0         80       1657   packet_parser.o
       392          0          0          0        320       5722   pid.o
       348          0          0          0        918       5350   serial.o
        64         26        716          0       1536        828   startup_stm32h723xx.o
       638         24         20          0         96       7344   stepper.o
       218          0          0          8          4      15995   stm32h7xx_hal.o
       202          0          0          0          0      12408   stm32h7xx_hal_cortex.o
      2012          0          0          0          0      18210   stm32h7xx_hal_dma.o
       442          0          0          0          0       6988   stm32h7xx_hal_gpio.o
        32          0          0          0          0       2218   stm32h7xx_hal_msp.o
        76          0          0          0          0       9723   stm32h7xx_hal_pwr_ex.o
      2472         24          0          0          0      11664   stm32h7xx_hal_rcc.o
      3898        144          0          0          0      20041   stm32h7xx_hal_rcc_ex.o
      3254         20          0          0          0      67485   stm32h7xx_hal_tim.o
       424          0          0          0          0      27266   stm32h7xx_hal_tim_ex.o
      7746        332         36          0          0      43795   stm32h7xx_hal_uart.o
       340          0         16          0          0      11566   stm32h7xx_hal_uart_ex.o
        80          0          0          0          0       6970   stm32h7xx_it.o
       176          0         16          8          0       5261   system_stm32h7xx.o
      1108          0          0          0        304      14376   tim.o
       288          0          0          0        148      11283   usart.o

    ----------------------------------------------------------------------
     38892        934       3032        352       4584     406354   Object Totals
         0          0         32          0          0          0   (incl. Generated)
       464         32          0          0          6          0   (incl. Padding)

    ----------------------------------------------------------------------

      Code (inc. data)   RO Data    RW Data    ZI Data      Debug   Library Member Name

        60          8          0          0          0         84   __0sscanf.o
        90          0          0          0          0          0   __dczerorl2.o
         8          0          0          0          0         68   __main.o
         0          0          0          0          0          0   __rtentry.o
        12          0          0          0          0          0   __rtentry2.o
         6          0          0          0          0          0   __rtentry4.o
        94          8          0          0          0          0   __scatter.o
        28          0          0          0          0          0   __scatter_zi.o
        28          0          0          0          0         68   _chval.o
        22          0          0          0          0        100   _rserrno.o
       884          6          0          0          0        100   _scanf.o
       332          0          0          0          0         96   _scanf_int.o
        64          0          0          0          0         84   _sgetc.o
        18          0          0          0          0         80   exit.o
         6          0          0          0          0        152   heapauxi.o
        18          0          0          0          0         76   isspace.o
        44         10        272          0          0         76   lc_ctype_c.o
         2          0          0          0          0          0   libinit.o
        24          0          0          0          0          0   libinit2.o
         2          0          0          0          0          0   libshutdown.o
         2          0          0          0          0          0   libshutdown2.o
         8          4          0          0         96         68   libspace.o
       240          0          0          0          0        100   lludivv7m.o
        16          4          0          0          0         76   rt_ctype_table.o
         8          4          0          0          0         68   rt_errno_addr_intlibspace.o
         8          4          0          0          0         68   rt_locale_intlibspace.o
        78          0          0          0          0         80   rt_memclr_w.o
       138          0          0          0          0         68   rt_memcpy_v6.o
       100          0          0          0          0         80   rt_memcpy_w.o
         2          0          0          0          0          0   rtexit.o
        10          0          0          0          0          0   rtexit2.o
        44          8          0          0          0         84   scanf_char.o
        20          0          0          0          0         68   strchr.o
       124          0          0          0          0         88   strcmpv7m_pel.o
       150          0          0          0          0         80   strncmp.o
        74          0          0          0          0         80   sys_stackheap_outer.o
         2          0          0          0          0         68   use_no_semi.o
         2          0          0          0          0         68   use_no_semi_2.o
        26          0          0          0          0        116   fpinit.o
         0          0          0          0          0          0   usenofp.o
       300         42          0          0          0        176   asinf.o
       684         90          0          0          0        208   atan2f.o
        38          0          0          0          0        116   fpclassifyf.o
        80         24          0          0          0        696   funder.o
      1636        110        320          0          0        372   powf.o
        62          0          0          0          0        136   sqrtf.o

    ----------------------------------------------------------------------
      5616        322        592          0         96       3948   Library Totals
        22          0          0          0          0          0   (incl. Padding)

    ----------------------------------------------------------------------

      Code (inc. data)   RO Data    RW Data    ZI Data      Debug   Library Name

      2768         56        272          0         96       2128   c_w.l
        26          0          0          0          0        116   fz_wv.l
      2800        266        320          0          0       1704   m_wv.l

    ----------------------------------------------------------------------
      5616        322        592          0         96       3948   Library Totals

    ----------------------------------------------------------------------

==============================================================================


      Code (inc. data)   RO Data    RW Data    ZI Data      Debug   

     44508       1256       3624        352       4680     407666   Grand Totals
     44508       1256       3624        144       4680     407666   ELF Image Totals (compressed)
     44508       1256       3624        144          0          0   ROM Totals

==============================================================================

    Total RO  Size (Code + RO Data)                48132 (  47.00kB)
    Total RW  Size (RW Data + ZI Data)              5032 (   4.91kB)
    Total ROM Size (Code + RO Data + RW Data)      48276 (  47.14kB)

==============================================================================

