*** Using Compiler 'V6.23', folder: 'D:\Develop_env\keil_v5\core\ARM\ARMCLANG\Bin'
Build target 'Stepper_Control'
compiling main.c...
compiling stm32h7xx_hal_dma_ex.c...
assembling startup_stm32h723xx.s...
compiling stm32h7xx_it.c...
compiling stm32h7xx_hal_msp.c...
compiling stm32h7xx_hal_rcc_ex.c...
compiling stm32h7xx_hal_flash_ex.c...
compiling stm32h7xx_hal_dma.c...
compiling stm32h7xx_hal_flash.c...
compiling tim.c...
compiling stm32h7xx_hal_hsem.c...
compiling stm32h7xx_hal_cortex.c...
compiling gpio.c...
compiling stm32h7xx_hal_gpio.c...
compiling stm32h7xx_hal_rcc.c...
compiling stm32h7xx_hal_pwr.c...
compiling stm32h7xx_hal_pwr_ex.c...
compiling stm32h7xx_hal_mdma.c...
compiling stm32h7xx_hal.c...
compiling stm32h7xx_hal_i2c_ex.c...
compiling stm32h7xx_hal_exti.c...
compiling Delay.c...
compiling system_stm32h7xx.c...
compiling packet_parser.c...
compiling fuzzypid.c...
compiling stm32h7xx_hal_tim_ex.c...
compiling stm32h7xx_hal_tim.c...
compiling stm32h7xx_hal_i2c.c...
compiling OLED.c...
linking...
Program Size: Code=8724 RO-data=764 RW-data=16 ZI-data=1864  
FromELF: creating hex file...
"Stepper_Control\Stepper_Control.axf" - 0 Error(s), 0 Warning(s).
Build Time Elapsed:  00:00:04
