Component: Arm Compiler for Embedded 6.23 Tool: armlink [5f102400]

==============================================================================

Section Cross References

    startup_stm32h723xx.o(STACK) refers (Special) to heapauxi.o(.text) for __use_two_region_memory
    startup_stm32h723xx.o(HEAP) refers (Special) to heapauxi.o(.text) for __use_two_region_memory
    startup_stm32h723xx.o(RESET) refers (Special) to heapauxi.o(.text) for __use_two_region_memory
    startup_stm32h723xx.o(RESET) refers to startup_stm32h723xx.o(STACK) for __initial_sp
    startup_stm32h723xx.o(RESET) refers to startup_stm32h723xx.o(.text) for Reset_Handler
    startup_stm32h723xx.o(RESET) refers to stm32h7xx_it.o(.text.NMI_Handler) for NMI_Handler
    startup_stm32h723xx.o(RESET) refers to stm32h7xx_it.o(.text.HardFault_Handler) for HardFault_Handler
    startup_stm32h723xx.o(RESET) refers to stm32h7xx_it.o(.text.MemManage_Handler) for MemManage_Handler
    startup_stm32h723xx.o(RESET) refers to stm32h7xx_it.o(.text.BusFault_Handler) for BusFault_Handler
    startup_stm32h723xx.o(RESET) refers to stm32h7xx_it.o(.text.UsageFault_Handler) for UsageFault_Handler
    startup_stm32h723xx.o(RESET) refers to stm32h7xx_it.o(.text.SVC_Handler) for SVC_Handler
    startup_stm32h723xx.o(RESET) refers to stm32h7xx_it.o(.text.DebugMon_Handler) for DebugMon_Handler
    startup_stm32h723xx.o(RESET) refers to stm32h7xx_it.o(.text.PendSV_Handler) for PendSV_Handler
    startup_stm32h723xx.o(RESET) refers to stm32h7xx_it.o(.text.SysTick_Handler) for SysTick_Handler
    startup_stm32h723xx.o(RESET) refers to stm32h7xx_it.o(.text.EXTI9_5_IRQHandler) for EXTI9_5_IRQHandler
    startup_stm32h723xx.o(RESET) refers to stm32h7xx_it.o(.text.TIM6_DAC_IRQHandler) for TIM6_DAC_IRQHandler
    startup_stm32h723xx.o(RESET) refers to stm32h7xx_it.o(.text.TIM7_IRQHandler) for TIM7_IRQHandler
    startup_stm32h723xx.o(RESET) refers to stm32h7xx_it.o(.text.UART9_IRQHandler) for UART9_IRQHandler
    startup_stm32h723xx.o(.text) refers (Special) to heapauxi.o(.text) for __use_two_region_memory
    startup_stm32h723xx.o(.text) refers to system_stm32h7xx.o(.text.SystemInit) for SystemInit
    startup_stm32h723xx.o(.text) refers to __main.o(!!!main) for __main
    startup_stm32h723xx.o(.text) refers to startup_stm32h723xx.o(HEAP) for Heap_Mem
    startup_stm32h723xx.o(.text) refers to startup_stm32h723xx.o(STACK) for Stack_Mem
    main.o(.text) refers (Special) to use_no_semi_2.o(.text) for __use_no_semihosting
    main.o(.text._ttywrch) refers (Special) to use_no_semi_2.o(.text) for __use_no_semihosting
    main.o(.ARM.exidx.text._ttywrch) refers (Special) to use_no_semi_2.o(.text) for __use_no_semihosting
    main.o(.ARM.exidx.text._ttywrch) refers to main.o(.text._ttywrch) for [Anonymous Symbol]
    main.o(.text._sys_exit) refers (Special) to use_no_semi_2.o(.text) for __use_no_semihosting
    main.o(.ARM.exidx.text._sys_exit) refers (Special) to use_no_semi_2.o(.text) for __use_no_semihosting
    main.o(.ARM.exidx.text._sys_exit) refers to main.o(.text._sys_exit) for [Anonymous Symbol]
    main.o(.text._sys_command_string) refers (Special) to use_no_semi_2.o(.text) for __use_no_semihosting
    main.o(.ARM.exidx.text._sys_command_string) refers (Special) to use_no_semi_2.o(.text) for __use_no_semihosting
    main.o(.ARM.exidx.text._sys_command_string) refers to main.o(.text._sys_command_string) for [Anonymous Symbol]
    main.o(.text.fputc) refers (Special) to use_no_semi_2.o(.text) for __use_no_semihosting
    main.o(.text.fputc) refers to main.o(.bss.huart9) for huart9
    main.o(.text.fputc) refers to stm32h7xx_hal_uart.o(.text.HAL_UART_Transmit) for HAL_UART_Transmit
    main.o(.ARM.exidx.text.fputc) refers (Special) to use_no_semi_2.o(.text) for __use_no_semihosting
    main.o(.ARM.exidx.text.fputc) refers to main.o(.text.fputc) for [Anonymous Symbol]
    main.o(.text.main) refers (Special) to use_no_semi_2.o(.text) for __use_no_semihosting
    main.o(.text.main) refers to stm32h7xx_hal.o(.text.HAL_Init) for HAL_Init
    main.o(.text.main) refers to main.o(.text.SystemClock_Config) for SystemClock_Config
    main.o(.text.main) refers to stm32h7xx_hal_gpio.o(.text.HAL_GPIO_WritePin) for HAL_GPIO_WritePin
    main.o(.text.main) refers to stm32h7xx_hal_gpio.o(.text.HAL_GPIO_Init) for HAL_GPIO_Init
    main.o(.text.main) refers to stm32h7xx_hal_cortex.o(.text.HAL_NVIC_SetPriority) for HAL_NVIC_SetPriority
    main.o(.text.main) refers to stm32h7xx_hal_cortex.o(.text.HAL_NVIC_EnableIRQ) for HAL_NVIC_EnableIRQ
    main.o(.text.main) refers to main.o(.bss.htim2) for htim2
    main.o(.text.main) refers to stm32h7xx_hal_tim.o(.text.HAL_TIM_Base_Init) for HAL_TIM_Base_Init
    main.o(.text.main) refers to stm32h7xx_hal_tim.o(.text.HAL_TIM_ConfigClockSource) for HAL_TIM_ConfigClockSource
    main.o(.text.main) refers to stm32h7xx_hal_tim.o(.text.HAL_TIM_PWM_Init) for HAL_TIM_PWM_Init
[...]
    [Anonymous Symbol]                       0x08002988   Section        0  stm32h7xx_hal_rcc_ex.o(.text.HAL_RCCEx_GetPLL1ClockFreq)
    [Anonymous Symbol]                       0x08002ab8   Section        0  stm32h7xx_hal_rcc_ex.o(.text.HAL_RCCEx_GetPLL2ClockFreq)
    [Anonymous Symbol]                       0x08002be0   Section        0  stm32h7xx_hal_rcc_ex.o(.text.HAL_RCCEx_GetPLL3ClockFreq)
    [Anonymous Symbol]                       0x08002d08   Section        0  stm32h7xx_hal_rcc_ex.o(.text.HAL_RCCEx_GetPeriphCLKFreq)
    [Anonymous Symbol]                       0x08003080   Section        0  stm32h7xx_hal_rcc_ex.o(.text.HAL_RCCEx_PeriphCLKConfig)
    [Anonymous Symbol]                       0x08003b00   Section        0  stm32h7xx_hal_rcc.o(.text.HAL_RCC_ClockConfig)
    [Anonymous Symbol]                       0x08003d58   Section        0  stm32h7xx_hal_rcc.o(.text.HAL_RCC_GetHCLKFreq)
    [Anonymous Symbol]                       0x08003da8   Section        0  stm32h7xx_hal_rcc.o(.text.HAL_RCC_GetPCLK1Freq)
    [Anonymous Symbol]                       0x08003e08   Section        0  stm32h7xx_hal_rcc.o(.text.HAL_RCC_GetPCLK2Freq)
    [Anonymous Symbol]                       0x08003e68   Section        0  stm32h7xx_hal_rcc.o(.text.HAL_RCC_GetSysClockFreq)
    [Anonymous Symbol]                       0x08003f88   Section        0  stm32h7xx_hal_rcc.o(.text.HAL_RCC_OscConfig)
    [Anonymous Symbol]                       0x080044b8   Section        0  stm32h7xx_hal_cortex.o(.text.HAL_SYSTICK_Config)
    [Anonymous Symbol]                       0x080044e8   Section        0  stm32h7xx_hal_tim_ex.o(.text.HAL_TIMEx_Break2Callback)
    [Anonymous Symbol]                       0x080044f0   Section        0  stm32h7xx_hal_tim_ex.o(.text.HAL_TIMEx_BreakCallback)
    [Anonymous Symbol]                       0x080044f8   Section        0  stm32h7xx_hal_tim_ex.o(.text.HAL_TIMEx_CommutCallback)
    [Anonymous Symbol]                       0x08004500   Section        0  stm32h7xx_hal_tim_ex.o(.text.HAL_TIMEx_MasterConfigSynchronization)
    [Anonymous Symbol]                       0x080045e0   Section        0  stm32h7xx_hal_tim.o(.text.HAL_TIM_Base_Init)
    [Anonymous Symbol]                       0x08004640   Section        0  stm32h7xx_hal_msp.o(.text.HAL_TIM_Base_MspInit)
    [Anonymous Symbol]                       0x08004718   Section        0  stm32h7xx_hal_tim.o(.text.HAL_TIM_Base_Start)
    [Anonymous Symbol]                       0x080047f0   Section        0  stm32h7xx_hal_tim.o(.text.HAL_TIM_Base_Start_IT)
    [Anonymous Symbol]                       0x080048d0   Section        0  stm32h7xx_hal_tim.o(.text.HAL_TIM_ConfigClockSource)
    [Anonymous Symbol]                       0x08004ad0   Section        0  stm32h7xx_hal_tim.o(.text.HAL_TIM_IC_CaptureCallback)
    [Anonymous Symbol]                       0x08004ad8   Section        0  stm32h7xx_hal_tim.o(.text.HAL_TIM_IRQHandler)
    [Anonymous Symbol]                       0x08004c48   Section        0  stm32h7xx_hal_msp.o(.text.HAL_TIM_MspPostInit)
    [Anonymous Symbol]                       0x08004ca8   Section        0  stm32h7xx_hal_tim.o(.text.HAL_TIM_OC_DelayElapsedCallback)
    [Anonymous Symbol]                       0x08004cb0   Section        0  stm32h7xx_hal_tim.o(.text.HAL_TIM_PWM_ConfigChannel)
    [Anonymous Symbol]                       0x08005168   Section        0  stm32h7xx_hal_tim.o(.text.HAL_TIM_PWM_Init)
    [Anonymous Symbol]                       0x080051c8   Section        0  stm32h7xx_hal_tim.o(.text.HAL_TIM_PWM_MspInit)
    [Anonymous Symbol]                       0x080051d0   Section        0  stm32h7xx_hal_tim.o(.text.HAL_TIM_PWM_PulseFinishedCallback)
    [Anonymous Symbol]                       0x080051d8   Section        0  stm32h7xx_hal_tim.o(.text.HAL_TIM_PWM_Start)
    [Anonymous Symbol]                       0x08005348   Section        0  my_interrupt.o(.text.HAL_TIM_PeriodElapsedCallback)
    [Anonymous Symbol]                       0x080053a0   Section        0  stm32h7xx_hal_tim.o(.text.HAL_TIM_TriggerCallback)
    [Anonymous Symbol]                       0x080053a8   Section        0  stm32h7xx_hal_uart_ex.o(.text.HAL_UARTEx_DisableFifoMode)
    [Anonymous Symbol]                       0x080053e0   Section        0  stm32h7xx_hal_uart.o(.text.HAL_UARTEx_RxEventCallback)
    [Anonymous Symbol]                       0x080053e8   Section        0  stm32h7xx_hal_uart_ex.o(.text.HAL_UARTEx_RxFifoFullCallback)
    [Anonymous Symbol]                       0x080053f0   Section        0  stm32h7xx_hal_uart_ex.o(.text.HAL_UARTEx_SetRxFifoThreshold)
    [Anonymous Symbol]                       0x08005480   Section        0  stm32h7xx_hal_uart_ex.o(.text.HAL_UARTEx_SetTxFifoThreshold)
    [Anonymous Symbol]                       0x08005510   Section        0  stm32h7xx_hal_uart_ex.o(.text.HAL_UARTEx_TxFifoEmptyCallback)
    [Anonymous Symbol]                       0x08005518   Section        0  stm32h7xx_hal_uart_ex.o(.text.HAL_UARTEx_WakeupCallback)
    [Anonymous Symbol]                       0x08005520   Section        0  stm32h7xx_hal_uart.o(.text.HAL_UART_ErrorCallback)
    [Anonymous Symbol]                       0x08005528   Section        0  stm32h7xx_hal_uart.o(.text.HAL_UART_IRQHandler)
    [Anonymous Symbol]                       0x08005ba0   Section        0  stm32h7xx_hal_uart.o(.text.HAL_UART_Init)
    [Anonymous Symbol]                       0x08005c08   Section        0  stm32h7xx_hal_msp.o(.text.HAL_UART_MspInit)
    [Anonymous Symbol]                       0x08005cb0   Section        0  stm32h7xx_hal_uart.o(.text.HAL_UART_TxCpltCallback)
    [Anonymous Symbol]                       0x08005cb8   Section        0  stm32h7xx_it.o(.text.HardFault_Handler)
    [Anonymous Symbol]                       0x08005cc0   Section        0  no_mcu_gray_sensor.o(.text.Init_ADC)
    [Anonymous Symbol]                       0x08005cd8   Section        0  stm32h7xx_it.o(.text.MemManage_Handler)
    [Anonymous Symbol]                       0x08005ce0   Section        0  stm32h7xx_it.o(.text.NMI_Handler)
    [Anonymous Symbol]                       0x08005ce8   Section        0  oled.o(.text.OLED_Clear)
    [Anonymous Symbol]                       0x08005d00   Section        0  oled.o(.text.OLED_I2C_SendByte)
    [Anonymous Symbol]                       0x08005ec0   Section        0  oled.o(.text.OLED_Init)
    [Anonymous Symbol]                       0x08005f90   Section        0  oled.o(.text.OLED_ShowFloatNum)
    [Anonymous Symbol]                       0x08006108   Section        0  oled.o(.text.OLED_ShowImage)
    [Anonymous Symbol]                       0x080066f0   Section        0  oled.o(.text.OLED_ShowNum)
    [Anonymous Symbol]                       0x08006888   Section        0  oled.o(.text.OLED_ShowString)
    [Anonymous Symbol]                       0x08006930   Section        0  oled.o(.text.OLED_Update)
    [Anonymous Symbol]                       0x08006a20   Section        0  oled.o(.text.OLED_WriteCommand)
    [Anonymous Symbol]                       0x08006ab8   Section        0  oled.o(.text.OLED_WriteData)
    [Anonymous Symbol]                       0x08006b58   Section        0  stm32h7xx_it.o(.text.PendSV_Handler)
    RCCEx_PLL2_Config                        0x08006b61   Thumb Code   290  stm32h7xx_hal_rcc_ex.o(.text.RCCEx_PLL2_Config)
    [Anonymous Symbol]                       0x08006b60   Section        0  stm32h7xx_hal_rcc_ex.o(.text.RCCEx_PLL2_Config)
    RCCEx_PLL3_Config                        0x08006c89   Thumb Code   290  stm32h7xx_hal_rcc_ex.o(.text.RCCEx_PLL3_Config)
    [Anonymous Symbol]                       0x08006c88   Section        0  stm32h7xx_hal_rcc_ex.o(.text.RCCEx_PLL3_Config)
    [Anonymous Symbol]                       0x08006db0   Section        0  stm32h7xx_it.o(.text.SVC_Handler)
    [Anonymous Symbol]                       0x08006db8   Section        0  servo.o(.text.Servo_Init)
    [Anonymous Symbol]                       0x08006dd8   Section        0  stm32h7xx_it.o(.text.SysTick_Handler)
    [Anonymous Symbol]                       0x08006de0   Section        0  main.o(.text.SystemClock_Config)
    [Anonymous Symbol]                       0x08006ea8   Section        0  system_stm32h7xx.o(.text.SystemInit)
    [Anonymous Symbol]                       0x08006f58   Section        0  stm32h7xx_it.o(.text.TIM6_DAC_IRQHandler)
    [Anonymous Symbol]                       0x08006f68   Section        0  stm32h7xx_it.o(.text.TIM7_IRQHandler)
    [Anonymous Symbol]                       0x08006f78   Section        0  stm32h7xx_hal_tim.o(.text.TIM_Base_SetConfig)
    [Anonymous Symbol]                       0x08007100   Section        0  stm32h7xx_it.o(.text.UART9_IRQHandler)
    [Anonymous Symbol]                       0x08007110   Section        0  stm32h7xx_hal_uart.o(.text.UART_AdvFeatureConfig)
    [Anonymous Symbol]                       0x080071f0   Section        0  stm32h7xx_hal_uart.o(.text.UART_CheckIdleState)
    UART_DMAAbortOnError                     0x08007361   Thumb Code    16  stm32h7xx_hal_uart.o(.text.UART_DMAAbortOnError)
    [Anonymous Symbol]                       0x08007360   Section        0  stm32h7xx_hal_uart.o(.text.UART_DMAAbortOnError)
    [Anonymous Symbol]                       0x08007370   Section        0  stm32h7xx_hal_uart.o(.text.UART_SetConfig)
    [Anonymous Symbol]                       0x08007810   Section        0  stm32h7xx_hal_uart.o(.text.UART_WaitOnFlagUntilTimeout)
    [Anonymous Symbol]                       0x08007b68   Section        0  stm32h7xx_it.o(.text.UsageFault_Handler)
    [Anonymous Symbol]                       0x08007b70   Section        0  main.o(.text._sys_exit)
    [Anonymous Symbol]                       0x08007b78   Section        0  fuzzypid.o(.text.init_all_pid_new)
    [Anonymous Symbol]                       0x08007c08   Section        0  main.o(.text.main)
    [Anonymous Symbol]                       0x08008330   Section        0  my_interrupt.o(.text.scan_keys)
    $v0                                      0x08008464   Number         0  ffltll_clz.o(x$fpl$ffltll)
    x$fpl$ffltll                             0x08008464   Section       96  ffltll_clz.o(x$fpl$ffltll)
    $v0                                      0x080084c4   Number         0  fpinit.o(x$fpl$fpinit)
    x$fpl$fpinit                             0x080084c4   Section       26  fpinit.o(x$fpl$fpinit)
    .Lswitch.table.UART_SetConfig.7          0x080084de   Data           6  stm32h7xx_hal_uart.o(.rodata..Lswitch.table.UART_SetConfig.7)
    x$fpl$usenofp                            0x080084de   Section        0  usenofp.o(x$fpl$usenofp)
    .Lswitch.table.UART_SetConfig.9          0x080084e4   Data           6  stm32h7xx_hal_uart.o(.rodata..Lswitch.table.UART_SetConfig.9)
    UARTEx_SetNbDataToProcess.numerator      0x08008d3c   Data           8  stm32h7xx_hal_uart_ex.o(.rodata.cst8)
    [Anonymous Symbol]                       0x08008d3c   Section        0  stm32h7xx_hal_uart_ex.o(.rodata.cst8)
    UARTEx_SetNbDataToProcess.denominator    0x08008d44   Data           8  stm32h7xx_hal_uart_ex.o(.rodata.cst8)
    .L_MergedGlobals                         0x24000000   Data           8  stm32h7xx_hal.o(.data..L_MergedGlobals)
    [Anonymous Symbol]                       0x24000000   Section        0  stm32h7xx_hal.o(.data..L_MergedGlobals)
    .L_MergedGlobals                         0x24000008   Data           8  system_stm32h7xx.o(.data..L_MergedGlobals)
    [Anonymous Symbol]                       0x24000008   Section        0  system_stm32h7xx.o(.data..L_MergedGlobals)
    .bss                                     0x24000028   Section       96  libspace.o(.bss)
    .L_MergedGlobals                         0x24000088   Data          12  my_interrupt.o(.bss..L_MergedGlobals)
    [Anonymous Symbol]                       0x24000088   Section        0  my_interrupt.o(.bss..L_MergedGlobals)
    .L_MergedGlobals                         0x24000094   Data          20  servo.o(.bss..L_MergedGlobals)
    s_htim                                   0x24000094   Data           4  servo.o(.bss..L_MergedGlobals)
    [Anonymous Symbol]                       0x24000094   Section        0  servo.o(.bss..L_MergedGlobals)
    s_channel1                               0x24000098   Data           4  servo.o(.bss..L_MergedGlobals)
    s_channel2                               0x2400009c   Data           4  servo.o(.bss..L_MergedGlobals)
    .L_MergedGlobals                         0x240000a8   Data           9  no_mcu_gray_sensor.o(.bss..L_MergedGlobals)
    GraySensor_Update.current_ch             0x240000a8   Data           1  no_mcu_gray_sensor.o(.bss..L_MergedGlobals)
    [Anonymous Symbol]                       0x240000a8   Section        0  no_mcu_gray_sensor.o(.bss..L_MergedGlobals)
    GraySensor_Update.hist_idx               0x240000a9   Data           8  no_mcu_gray_sensor.o(.bss..L_MergedGlobals)
    GraySensor_Update.ch_history             0x240000b4   Data         224  no_mcu_gray_sensor.o(.bss.GraySensor_Update.ch_history)
    [Anonymous Symbol]                       0x240000b4   Section        0  no_mcu_gray_sensor.o(.bss.GraySensor_Update.ch_history)
    Heap_Mem                                 0x24000ab8   Data         512  startup_stm32h723xx.o(HEAP)
    HEAP                                     0x24000ab8   Section      512  startup_stm32h723xx.o(HEAP)
    Stack_Mem                                0x24000cb8   Data        1024  startup_stm32h723xx.o(STACK)
    STACK                                    0x24000cb8   Section     1024  startup_stm32h723xx.o(STACK)
    __initial_sp                             0x240010b8   Data           0  startup_stm32h723xx.o(STACK)

    Global Symbols

    Symbol Name                              Value     Ov Type        Size  Object(Section)

    BuildAttributes$$THM_ISAv4$E$P$D$K$B$S$7EM$VFPv5_D16$PE$PLD8$A:L22UL41UL21$X:L11$S22US41US21$IEEE1$IW$~IW$USESV6$~STKCKD$USESV7$~SHL$OTIME$ROPI$IEEEX$EBA8$UX$STANDARDLIB$REQ8$PRES8$EABIv2 0x00000000   Number         0  anon$$obj.o ABSOLUTE
    _printf_flags                            0x00000000   Number         0  printf_stubs.o ABSOLUTE
    _printf_return_value                     0x00000000   Number         0  printf_stubs.o ABSOLUTE
    _printf_sizespec                         0x00000000   Number         0  printf_stubs.o ABSOLUTE
    _printf_widthprec                        0x00000000   Number         0  printf_stubs.o ABSOLUTE
    __ARM_exceptions_init                     - Undefined Weak Reference
    __alloca_initialize                       - Undefined Weak Reference
    __arm_preinit_                            - Undefined Weak Reference
    __arm_relocate_pie_                       - Undefined Weak Reference
    __cpp_initialize__aeabi_                  - Undefined Weak Reference
    __cxa_finalize                            - Undefined Weak Reference
    __sigvec_lookup                           - Undefined Weak Reference
    _atexit_init                              - Undefined Weak Reference
    _call_atexit_fns                          - Undefined Weak Reference
    _clock_init                               - Undefined Weak Reference
    _fp_trap_init                             - Undefined Weak Reference
    _fp_trap_shutdown                         - Undefined Weak Reference
    _get_lc_collate                           - Undefined Weak Reference
    _get_lc_monetary                          - Undefined Weak Reference
    _get_lc_time                              - Undefined Weak Reference
    _getenv_init                              - Undefined Weak Reference
    _handle_redirection                       - Undefined Weak Reference
    _init_alloc                               - Undefined Weak Reference
    _init_user_alloc                          - Undefined Weak Reference
    _initio                                   - Undefined Weak Reference
    _printf_mbtowc                            - Undefined Weak Reference
    _printf_wc                                - Undefined Weak Reference
    _rand_init                                - Undefined Weak Reference
    _scanf_longlong                           - Undefined Weak Reference
    _scanf_mbtowc                             - Undefined Weak Reference
    _scanf_real                               - Undefined Weak Reference
    _scanf_string                             - Undefined Weak Reference
    _scanf_wctomb                             - Undefined Weak Reference
    _scanf_wstring                            - Undefined Weak Reference
    _signal_finish                            - Undefined Weak Reference
    _signal_init                              - Undefined Weak Reference
    _terminate_alloc                          - Undefined Weak Reference
    _terminate_user_alloc                     - Undefined Weak Reference
    _terminateio                              - Undefined Weak Reference
    __Vectors_Size                           0x000002cc   Number         0  startup_stm32h723xx.o ABSOLUTE
    __Vectors                                0x08000000   Data           4  startup_stm32h723xx.o(RESET)
    __Vectors_End                            0x080002cc   Data           0  startup_stm32h723xx.o(RESET)
    __main                                   0x080002cd   Thumb Code     8  __main.o(!!!main)
    __scatterload                            0x080002d5   Thumb Code     0  __scatter.o(!!!scatter)
    __scatterload_rt2                        0x080002d5   Thumb Code    84  __scatter.o(!!!scatter)
    __scatterload_rt2_thumb_only             0x080002d5   Thumb Code     0  __scatter.o(!!!scatter)
    __scatterload_loop                       0x080002df   Thumb Code     0  __scatter.o(!!!scatter)
    __scatterload_copy                       0x08000331   Thumb Code    26  __scatter_copy.o(!!handler_copy)
    __scatterload_null                       0x0800034d   Thumb Code     2  __scatter.o(!!handler_null)
    __scatterload_zeroinit                   0x08000351   Thumb Code    28  __scatter_zi.o(!!handler_zi)
    __rt_lib_init                            0x0800036d   Thumb Code     0  libinit.o(.ARM.Collect$$libinit$$00000000)
    __rt_lib_init_fp_1                       0x0800036f   Thumb Code     0  libinit2.o(.ARM.Collect$$libinit$$00000001)
    __rt_lib_init_alloca_1                   0x08000373   Thumb Code     0  libinit2.o(.ARM.Collect$$libinit$$00000030)
    __rt_lib_init_argv_1                     0x08000373   Thumb Code     0  libinit2.o(.ARM.Collect$$libinit$$0000002E)
    __rt_lib_init_atexit_1                   0x08000373   Thumb Code     0  libinit2.o(.ARM.Collect$$libinit$$0000001D)
    __rt_lib_init_clock_1                    0x08000373   Thumb Code     0  libinit2.o(.ARM.Collect$$libinit$$00000023)
    __rt_lib_init_cpp_1                      0x08000373   Thumb Code     0  libinit2.o(.ARM.Collect$$libinit$$00000034)
    __rt_lib_init_exceptions_1               0x08000373   Thumb Code     0  libinit2.o(.ARM.Collect$$libinit$$00000032)
    __rt_lib_init_fp_trap_1                  0x08000373   Thumb Code     0  libinit2.o(.ARM.Collect$$libinit$$00000021)
    __rt_lib_init_getenv_1                   0x08000373   Thumb Code     0  libinit2.o(.ARM.Collect$$libinit$$00000025)
    __rt_lib_init_heap_1                     0x08000373   Thumb Code     0  libinit2.o(.ARM.Collect$$libinit$$0000000C)
    __rt_lib_init_lc_collate_1               0x08000373   Thumb Code     0  libinit2.o(.ARM.Collect$$libinit$$00000013)
    __rt_lib_init_lc_ctype_1                 0x08000373   Thumb Code     0  libinit2.o(.ARM.Collect$$libinit$$00000015)
    __rt_lib_init_lc_monetary_1              0x08000373   Thumb Code     0  libinit2.o(.ARM.Collect$$libinit$$00000017)
    __rt_lib_init_lc_numeric_1               0x08000373   Thumb Code     0  libinit2.o(.ARM.Collect$$libinit$$00000019)
    __rt_lib_init_lc_time_1                  0x08000373   Thumb Code     0  libinit2.o(.ARM.Collect$$libinit$$0000001B)
    __rt_lib_init_preinit_1                  0x08000373   Thumb Code     0  libinit2.o(.ARM.Collect$$libinit$$00000006)
    __rt_lib_init_rand_1                     0x08000373   Thumb Code     0  libinit2.o(.ARM.Collect$$libinit$$00000010)
    __rt_lib_init_relocate_pie_1             0x08000373   Thumb Code     0  libinit2.o(.ARM.Collect$$libinit$$00000004)
    __rt_lib_init_return                     0x08000373   Thumb Code     0  libinit2.o(.ARM.Collect$$libinit$$00000035)
    __rt_lib_init_signal_1                   0x08000373   Thumb Code     0  libinit2.o(.ARM.Collect$$libinit$$0000001F)
    __rt_lib_init_stdio_1                    0x08000373   Thumb Code     0  libinit2.o(.ARM.Collect$$libinit$$00000027)
    __rt_lib_init_user_alloc_1               0x08000373   Thumb Code     0  libinit2.o(.ARM.Collect$$libinit$$0000000E)
    __rt_lib_shutdown                        0x08000375   Thumb Code     0  libshutdown.o(.ARM.Collect$$libshutdown$$00000000)
    __rt_lib_shutdown_cpp_1                  0x08000377   Thumb Code     0  libshutdown2.o(.ARM.Collect$$libshutdown$$00000002)
    __rt_lib_shutdown_fp_trap_1              0x08000377   Thumb Code     0  libshutdown2.o(.ARM.Collect$$libshutdown$$00000007)
    __rt_lib_shutdown_heap_1                 0x08000377   Thumb Code     0  libshutdown2.o(.ARM.Collect$$libshutdown$$0000000F)
    __rt_lib_shutdown_return                 0x08000377   Thumb Code     0  libshutdown2.o(.ARM.Collect$$libshutdown$$00000010)
    __rt_lib_shutdown_signal_1               0x08000377   Thumb Code     0  libshutdown2.o(.ARM.Collect$$libshutdown$$0000000A)
    __rt_lib_shutdown_stdio_1                0x08000377   Thumb Code     0  libshutdown2.o(.ARM.Collect$$libshutdown$$00000004)
    __rt_lib_shutdown_user_alloc_1           0x08000377   Thumb Code     0  libshutdown2.o(.ARM.Collect$$libshutdown$$0000000C)
    __rt_entry                               0x08000379   Thumb Code     0  __rtentry.o(.ARM.Collect$$rtentry$$00000000)
    __rt_entry_presh_1                       0x08000379   Thumb Code     0  __rtentry2.o(.ARM.Collect$$rtentry$$00000002)
    __rt_entry_sh                            0x08000379   Thumb Code     0  __rtentry4.o(.ARM.Collect$$rtentry$$00000004)
    __rt_entry_li                            0x0800037f   Thumb Code     0  __rtentry2.o(.ARM.Collect$$rtentry$$0000000A)
    __rt_entry_postsh_1                      0x0800037f   Thumb Code     0  __rtentry2.o(.ARM.Collect$$rtentry$$00000009)
    __rt_entry_main                          0x08000383   Thumb Code     0  __rtentry2.o(.ARM.Collect$$rtentry$$0000000D)
    __rt_entry_postli_1                      0x08000383   Thumb Code     0  __rtentry2.o(.ARM.Collect$$rtentry$$0000000C)
    __rt_exit                                0x0800038b   Thumb Code     0  rtexit.o(.ARM.Collect$$rtexit$$00000000)
    __rt_exit_ls                             0x0800038d   Thumb Code     0  rtexit2.o(.ARM.Collect$$rtexit$$00000003)
    __rt_exit_prels_1                        0x0800038d   Thumb Code     0  rtexit2.o(.ARM.Collect$$rtexit$$00000002)
    __rt_exit_exit                           0x08000391   Thumb Code     0  rtexit2.o(.ARM.Collect$$rtexit$$00000004)
    Reset_Handler                            0x08000399   Thumb Code     8  startup_stm32h723xx.o(.text)
    ADC3_IRQHandler                          0x080003b3   Thumb Code     0  startup_stm32h723xx.o(.text)
    ADC_IRQHandler                           0x080003b3   Thumb Code     0  startup_stm32h723xx.o(.text)
    BDMA_Channel0_IRQHandler                 0x080003b3   Thumb Code     0  startup_stm32h723xx.o(.text)
    BDMA_Channel1_IRQHandler                 0x080003b3   Thumb Code     0  startup_stm32h723xx.o(.text)
    BDMA_Channel2_IRQHandler                 0x080003b3   Thumb Code     0  startup_stm32h723xx.o(.text)
    BDMA_Channel3_IRQHandler                 0x080003b3   Thumb Code     0  startup_stm32h723xx.o(.text)
    BDMA_Channel4_IRQHandler                 0x080003b3   Thumb Code     0  startup_stm32h723xx.o(.text)
    BDMA_Channel5_IRQHandler                 0x080003b3   Thumb Code     0  startup_stm32h723xx.o(.text)
    BDMA_Channel6_IRQHandler                 0x080003b3   Thumb Code     0  startup_stm32h723xx.o(.text)
    BDMA_Channel7_IRQHandler                 0x080003b3   Thumb Code     0  startup_stm32h723xx.o(.text)
    CEC_IRQHandler                           0x080003b3   Thumb Code     0  startup_stm32h723xx.o(.text)
    COMP1_IRQHandler                         0x080003b3   Thumb Code     0  startup_stm32h723xx.o(.text)
    CORDIC_IRQHandler                        0x080003b3   Thumb Code     0  startup_stm32h723xx.o(.text)
    CRS_IRQHandler                           0x080003b3   Thumb Code     0  startup_stm32h723xx.o(.text)
    DCMI_PSSI_IRQHandler                     0x080003b3   Thumb Code     0  startup_stm32h723xx.o(.text)
    DFSDM1_FLT0_IRQHandler                   0x080003b3   Thumb Code     0  startup_stm32h723xx.o(.text)
    DFSDM1_FLT1_IRQHandler                   0x080003b3   Thumb Code     0  startup_stm32h723xx.o(.text)
    DFSDM1_FLT2_IRQHandler                   0x080003b3   Thumb Code     0  startup_stm32h723xx.o(.text)
    DFSDM1_FLT3_IRQHandler                   0x080003b3   Thumb Code     0  startup_stm32h723xx.o(.text)
    DMA1_Stream0_IRQHandler                  0x080003b3   Thumb Code     0  startup_stm32h723xx.o(.text)
    DMA1_Stream1_IRQHandler                  0x080003b3   Thumb Code     0  startup_stm32h723xx.o(.text)
    DMA1_Stream2_IRQHandler                  0x080003b3   Thumb Code     0  startup_stm32h723xx.o(.text)
    DMA1_Stream3_IRQHandler                  0x080003b3   Thumb Code     0  startup_stm32h723xx.o(.text)
    DMA1_Stream4_IRQHandler                  0x080003b3   Thumb Code     0  startup_stm32h723xx.o(.text)
    DMA1_Stream5_IRQHandler                  0x080003b3   Thumb Code     0  startup_stm32h723xx.o(.text)
    DMA1_Stream6_IRQHandler                  0x080003b3   Thumb Code     0  startup_stm32h723xx.o(.text)
    DMA1_Stream7_IRQHandler                  0x080003b3   Thumb Code     0  startup_stm32h723xx.o(.text)
    DMA2D_IRQHandler                         0x080003b3   Thumb Code     0  startup_stm32h723xx.o(.text)
    DMA2_Stream0_IRQHandler                  0x080003b3   Thumb Code     0  startup_stm32h723xx.o(.text)
    DMA2_Stream1_IRQHandler                  0x080003b3   Thumb Code     0  startup_stm32h723xx.o(.text)
    DMA2_Stream2_IRQHandler                  0x080003b3   Thumb Code     0  startup_stm32h723xx.o(.text)
    DMA2_Stream3_IRQHandler                  0x080003b3   Thumb Code     0  startup_stm32h723xx.o(.text)
    DMA2_Stream4_IRQHandler                  0x080003b3   Thumb Code     0  startup_stm32h723xx.o(.text)
    DMA2_Stream5_IRQHandler                  0x080003b3   Thumb Code     0  startup_stm32h723xx.o(.text)
    DMA2_Stream6_IRQHandler                  0x080003b3   Thumb Code     0  startup_stm32h723xx.o(.text)
    DMA2_Stream7_IRQHandler                  0x080003b3   Thumb Code     0  startup_stm32h723xx.o(.text)
    DMAMUX1_OVR_IRQHandler                   0x080003b3   Thumb Code     0  startup_stm32h723xx.o(.text)
    DMAMUX2_OVR_IRQHandler                   0x080003b3   Thumb Code     0  startup_stm32h723xx.o(.text)
    DTS_IRQHandler                           0x080003b3   Thumb Code     0  startup_stm32h723xx.o(.text)
    ECC_IRQHandler                           0x080003b3   Thumb Code     0  startup_stm32h723xx.o(.text)
    ETH_IRQHandler                           0x080003b3   Thumb Code     0  startup_stm32h723xx.o(.text)
    ETH_WKUP_IRQHandler                      0x080003b3   Thumb Code     0  startup_stm32h723xx.o(.text)
    EXTI0_IRQHandler                         0x080003b3   Thumb Code     0  startup_stm32h723xx.o(.text)
    EXTI15_10_IRQHandler                     0x080003b3   Thumb Code     0  startup_stm32h723xx.o(.text)
    EXTI1_IRQHandler                         0x080003b3   Thumb Code     0  startup_stm32h723xx.o(.text)
    EXTI2_IRQHandler                         0x080003b3   Thumb Code     0  startup_stm32h723xx.o(.text)
    EXTI3_IRQHandler                         0x080003b3   Thumb Code     0  startup_stm32h723xx.o(.text)
    EXTI4_IRQHandler                         0x080003b3   Thumb Code     0  startup_stm32h723xx.o(.text)
    FDCAN1_IT0_IRQHandler                    0x080003b3   Thumb Code     0  startup_stm32h723xx.o(.text)
    FDCAN1_IT1_IRQHandler                    0x080003b3   Thumb Code     0  startup_stm32h723xx.o(.text)
    FDCAN2_IT0_IRQHandler                    0x080003b3   Thumb Code     0  startup_stm32h723xx.o(.text)
    FDCAN2_IT1_IRQHandler                    0x080003b3   Thumb Code     0  startup_stm32h723xx.o(.text)
    FDCAN3_IT0_IRQHandler                    0x080003b3   Thumb Code     0  startup_stm32h723xx.o(.text)
    FDCAN3_IT1_IRQHandler                    0x080003b3   Thumb Code     0  startup_stm32h723xx.o(.text)
    FDCAN_CAL_IRQHandler                     0x080003b3   Thumb Code     0  startup_stm32h723xx.o(.text)
    FLASH_IRQHandler                         0x080003b3   Thumb Code     0  startup_stm32h723xx.o(.text)
    FMAC_IRQHandler                          0x080003b3   Thumb Code     0  startup_stm32h723xx.o(.text)
    FMC_IRQHandler                           0x080003b3   Thumb Code     0  startup_stm32h723xx.o(.text)
    FPU_IRQHandler                           0x080003b3   Thumb Code     0  startup_stm32h723xx.o(.text)
    HSEM1_IRQHandler                         0x080003b3   Thumb Code     0  startup_stm32h723xx.o(.text)
    I2C1_ER_IRQHandler                       0x080003b3   Thumb Code     0  startup_stm32h723xx.o(.text)
    I2C1_EV_IRQHandler                       0x080003b3   Thumb Code     0  startup_stm32h723xx.o(.text)
    I2C2_ER_IRQHandler                       0x080003b3   Thumb Code     0  startup_stm32h723xx.o(.text)
    I2C2_EV_IRQHandler                       0x080003b3   Thumb Code     0  startup_stm32h723xx.o(.text)
    I2C3_ER_IRQHandler                       0x080003b3   Thumb Code     0  startup_stm32h723xx.o(.text)
    I2C3_EV_IRQHandler                       0x080003b3   Thumb Code     0  startup_stm32h723xx.o(.text)
    I2C4_ER_IRQHandler                       0x080003b3   Thumb Code     0  startup_stm32h723xx.o(.text)
    I2C4_EV_IRQHandler                       0x080003b3   Thumb Code     0  startup_stm32h723xx.o(.text)
    I2C5_ER_IRQHandler                       0x080003b3   Thumb Code     0  startup_stm32h723xx.o(.text)
    I2C5_EV_IRQHandler                       0x080003b3   Thumb Code     0  startup_stm32h723xx.o(.text)
    LPTIM1_IRQHandler                        0x080003b3   Thumb Code     0  startup_stm32h723xx.o(.text)
    LPTIM2_IRQHandler                        0x080003b3   Thumb Code     0  startup_stm32h723xx.o(.text)
    LPTIM3_IRQHandler                        0x080003b3   Thumb Code     0  startup_stm32h723xx.o(.text)
    LPTIM4_IRQHandler                        0x080003b3   Thumb Code     0  startup_stm32h723xx.o(.text)
    LPTIM5_IRQHandler                        0x080003b3   Thumb Code     0  startup_stm32h723xx.o(.text)
    LPUART1_IRQHandler                       0x080003b3   Thumb Code     0  startup_stm32h723xx.o(.text)
    LTDC_ER_IRQHandler                       0x080003b3   Thumb Code     0  startup_stm32h723xx.o(.text)
    LTDC_IRQHandler                          0x080003b3   Thumb Code     0  startup_stm32h723xx.o(.text)
    MDIOS_IRQHandler                         0x080003b3   Thumb Code     0  startup_stm32h723xx.o(.text)
    MDIOS_WKUP_IRQHandler                    0x080003b3   Thumb Code     0  startup_stm32h723xx.o(.text)
    MDMA_IRQHandler                          0x080003b3   Thumb Code     0  startup_stm32h723xx.o(.text)
    OCTOSPI1_IRQHandler                      0x080003b3   Thumb Code     0  startup_stm32h723xx.o(.text)
    OCTOSPI2_IRQHandler                      0x080003b3   Thumb Code     0  startup_stm32h723xx.o(.text)
    OTG_HS_EP1_IN_IRQHandler                 0x080003b3   Thumb Code     0  startup_stm32h723xx.o(.text)
    OTG_HS_EP1_OUT_IRQHandler                0x080003b3   Thumb Code     0  startup_stm32h723xx.o(.text)
    OTG_HS_IRQHandler                        0x080003b3   Thumb Code     0  startup_stm32h723xx.o(.text)
    OTG_HS_WKUP_IRQHandler                   0x080003b3   Thumb Code     0  startup_stm32h723xx.o(.text)
    PVD_AVD_IRQHandler                       0x080003b3   Thumb Code     0  startup_stm32h723xx.o(.text)
    RCC_IRQHandler                           0x080003b3   Thumb Code     0  startup_stm32h723xx.o(.text)
    RNG_IRQHandler                           0x080003b3   Thumb Code     0  startup_stm32h723xx.o(.text)
    RTC_Alarm_IRQHandler                     0x080003b3   Thumb Code     0  startup_stm32h723xx.o(.text)
    RTC_WKUP_IRQHandler                      0x080003b3   Thumb Code     0  startup_stm32h723xx.o(.text)
    SAI1_IRQHandler                          0x080003b3   Thumb Code     0  startup_stm32h723xx.o(.text)
    SAI4_IRQHandler                          0x080003b3   Thumb Code     0  startup_stm32h723xx.o(.text)
    SDMMC1_IRQHandler                        0x080003b3   Thumb Code     0  startup_stm32h723xx.o(.text)
    SDMMC2_IRQHandler                        0x080003b3   Thumb Code     0  startup_stm32h723xx.o(.text)
    SPDIF_RX_IRQHandler                      0x080003b3   Thumb Code     0  startup_stm32h723xx.o(.text)
    SPI1_IRQHandler                          0x080003b3   Thumb Code     0  startup_stm32h723xx.o(.text)
    SPI2_IRQHandler                          0x080003b3   Thumb Code     0  startup_stm32h723xx.o(.text)
    SPI3_IRQHandler                          0x080003b3   Thumb Code     0  startup_stm32h723xx.o(.text)
    SPI4_IRQHandler                          0x080003b3   Thumb Code     0  startup_stm32h723xx.o(.text)
    SPI5_IRQHandler                          0x080003b3   Thumb Code     0  startup_stm32h723xx.o(.text)
    SPI6_IRQHandler                          0x080003b3   Thumb Code     0  startup_stm32h723xx.o(.text)
    SWPMI1_IRQHandler                        0x080003b3   Thumb Code     0  startup_stm32h723xx.o(.text)
    TAMP_STAMP_IRQHandler                    0x080003b3   Thumb Code     0  startup_stm32h723xx.o(.text)
    TIM15_IRQHandler                         0x080003b3   Thumb Code     0  startup_stm32h723xx.o(.text)
    TIM16_IRQHandler                         0x080003b3   Thumb Code     0  startup_stm32h723xx.o(.text)
    TIM17_IRQHandler                         0x080003b3   Thumb Code     0  startup_stm32h723xx.o(.text)
    TIM1_BRK_IRQHandler                      0x080003b3   Thumb Code     0  startup_stm32h723xx.o(.text)
    TIM1_CC_IRQHandler                       0x080003b3   Thumb Code     0  startup_stm32h723xx.o(.text)
    TIM1_TRG_COM_IRQHandler                  0x080003b3   Thumb Code     0  startup_stm32h723xx.o(.text)
    TIM1_UP_IRQHandler                       0x080003b3   Thumb Code     0  startup_stm32h723xx.o(.text)
    TIM23_IRQHandler                         0x080003b3   Thumb Code     0  startup_stm32h723xx.o(.text)
    TIM24_IRQHandler                         0x080003b3   Thumb Code     0  startup_stm32h723xx.o(.text)
    TIM2_IRQHandler                          0x080003b3   Thumb Code     0  startup_stm32h723xx.o(.text)
    TIM3_IRQHandler                          0x080003b3   Thumb Code     0  startup_stm32h723xx.o(.text)
    TIM4_IRQHandler                          0x080003b3   Thumb Code     0  startup_stm32h723xx.o(.text)
    TIM5_IRQHandler                          0x080003b3   Thumb Code     0  startup_stm32h723xx.o(.text)
    TIM8_BRK_TIM12_IRQHandler                0x080003b3   Thumb Code     0  startup_stm32h723xx.o(.text)
    TIM8_CC_IRQHandler                       0x080003b3   Thumb Code     0  startup_stm32h723xx.o(.text)
    TIM8_TRG_COM_TIM14_IRQHandler            0x080003b3   Thumb Code     0  startup_stm32h723xx.o(.text)
    TIM8_UP_TIM13_IRQHandler                 0x080003b3   Thumb Code     0  startup_stm32h723xx.o(.text)
    UART4_IRQHandler                         0x080003b3   Thumb Code     0  startup_stm32h723xx.o(.text)
    UART5_IRQHandler                         0x080003b3   Thumb Code     0  startup_stm32h723xx.o(.text)
    UART7_IRQHandler                         0x080003b3   Thumb Code     0  startup_stm32h723xx.o(.text)
    UART8_IRQHandler                         0x080003b3   Thumb Code     0  startup_stm32h723xx.o(.text)
    USART10_IRQHandler                       0x080003b3   Thumb Code     0  startup_stm32h723xx.o(.text)
    USART1_IRQHandler                        0x080003b3   Thumb Code     0  startup_stm32h723xx.o(.text)
    USART2_IRQHandler                        0x080003b3   Thumb Code     0  startup_stm32h723xx.o(.text)
    USART3_IRQHandler                        0x080003b3   Thumb Code     0  startup_stm32h723xx.o(.text)
    USART6_IRQHandler                        0x080003b3   Thumb Code     0  startup_stm32h723xx.o(.text)
    WAKEUP_PIN_IRQHandler                    0x080003b3   Thumb Code     0  startup_stm32h723xx.o(.text)
    WWDG_IRQHandler                          0x080003b3   Thumb Code     0  startup_stm32h723xx.o(.text)
    __user_initial_stackheap                 0x080003b5   Thumb Code     0  startup_stm32h723xx.o(.text)
    __use_no_semihosting                     0x080003d9   Thumb Code     2  use_no_semi_2.o(.text)
    __aeabi_uldivmod                         0x080003db   Thumb Code     0  lludivv7m.o(.text)
    _ll_udiv                                 0x080003db   Thumb Code   240  lludivv7m.o(.text)
    _scanf_int                               0x080004cb   Thumb Code   332  _scanf_int.o(.text)
    qsort                                    0x080007f5   Thumb Code   134  qsortnoex.o(.text)
    __aeabi_memcpy4                          0x0800087b   Thumb Code     0  rt_memcpy_w.o(.text)
    __aeabi_memcpy8                          0x0800087b   Thumb Code     0  rt_memcpy_w.o(.text)
    __rt_memcpy_w                            0x0800087b   Thumb Code   100  rt_memcpy_w.o(.text)
    _memcpy_lastbytes_aligned                0x080008c3   Thumb Code     0  rt_memcpy_w.o(.text)
    __aeabi_memclr4                          0x080008df   Thumb Code     0  rt_memclr_w.o(.text)
    __aeabi_memclr8                          0x080008df   Thumb Code     0  rt_memclr_w.o(.text)
    __rt_memclr_w                            0x080008df   Thumb Code     0  rt_memclr_w.o(.text)
    _memset_w                                0x080008e3   Thumb Code    74  rt_memclr_w.o(.text)
    __use_two_region_memory                  0x0800092d   Thumb Code     2  heapauxi.o(.text)
    __rt_heap_escrow$2region                 0x0800092f   Thumb Code     2  heapauxi.o(.text)
    __rt_heap_expand$2region                 0x08000931   Thumb Code     2  heapauxi.o(.text)
    __semihosting$guard                      0x08000933   Thumb Code     0  use_no_semi.o(.text)
    __use_no_semihosting_swi                 0x08000933   Thumb Code     2  use_no_semi.o(.text)
    _chval                                   0x08000935   Thumb Code    28  _chval.o(.text)
    __user_libspace                          0x08000951   Thumb Code     8  libspace.o(.text)
    __user_perproc_libspace                  0x08000951   Thumb Code     0  libspace.o(.text)
    __user_perthread_libspace                0x08000951   Thumb Code     0  libspace.o(.text)
    __user_setup_stackheap                   0x08000959   Thumb Code    74  sys_stackheap_outer.o(.text)
    exit                                     0x080009a3   Thumb Code    18  exit.o(.text)
    ADC_ConfigureBoostMode                   0x080009b9   Thumb Code   256  stm32h7xx_hal_adc.o(.text.ADC_ConfigureBoostMode)
    ADC_ConversionStop                       0x08000ab9   Thumb Code   244  stm32h7xx_hal_adc.o(.text.ADC_ConversionStop)
    ADC_Enable                               0x08000bb1   Thumb Code   170  stm32h7xx_hal_adc.o(.text.ADC_Enable)
    BusFault_Handler                         0x08000c61   Thumb Code     2  stm32h7xx_it.o(.text.BusFault_Handler)
    DWT_Init                                 0x08000c69   Thumb Code    50  delay.o(.text.DWT_Init)
    DebugMon_Handler                         0x08000ca1   Thumb Code     2  stm32h7xx_it.o(.text.DebugMon_Handler)
    Delay_ms                                 0x08000ca9   Thumb Code   126  delay.o(.text.Delay_ms)
    Delay_ns                                 0x08000d29   Thumb Code    60  delay.o(.text.Delay_ns)
    Delay_us                                 0x08000d69   Thumb Code    84  delay.o(.text.Delay_us)
    EXTI9_5_IRQHandler                       0x08000dc1   Thumb Code     8  stm32h7xx_it.o(.text.EXTI9_5_IRQHandler)
    Error_Handler                            0x08000dc9   Thumb Code    10  main.o(.text.Error_Handler)
    GraySensor_GetFilteredData               0x08000e01   Thumb Code    40  no_mcu_gray_sensor.o(.text.GraySensor_GetFilteredData)
    GraySensor_Init                          0x08000e29   Thumb Code    58  no_mcu_gray_sensor.o(.text.GraySensor_Init)
    GraySensor_SetFilter                     0x08000e69   Thumb Code    24  no_mcu_gray_sensor.o(.text.GraySensor_SetFilter)
    GraySensor_Update                        0x08000e81   Thumb Code   472  no_mcu_gray_sensor.o(.text.GraySensor_Update)
    HAL_ADCEx_MultiModeConfigChannel         0x08001061   Thumb Code   184  stm32h7xx_hal_adc_ex.o(.text.HAL_ADCEx_MultiModeConfigChannel)
    HAL_ADC_ConfigChannel                    0x08001119   Thumb Code  1304  stm32h7xx_hal_adc.o(.text.HAL_ADC_ConfigChannel)
    HAL_ADC_GetValue                         0x08001631   Thumb Code     6  stm32h7xx_hal_adc.o(.text.HAL_ADC_GetValue)
    HAL_ADC_Init                             0x08001639   Thumb Code   766  stm32h7xx_hal_adc.o(.text.HAL_ADC_Init)
    HAL_ADC_MspInit                          0x08001939   Thumb Code   162  stm32h7xx_hal_msp.o(.text.HAL_ADC_MspInit)
    HAL_ADC_PollForConversion                0x080019e1   Thumb Code   360  stm32h7xx_hal_adc.o(.text.HAL_ADC_PollForConversion)
    HAL_ADC_Start                            0x08001b49   Thumb Code   262  stm32h7xx_hal_adc.o(.text.HAL_ADC_Start)
    HAL_ADC_Stop                             0x08001c51   Thumb Code   180  stm32h7xx_hal_adc.o(.text.HAL_ADC_Stop)
    HAL_DMA_Abort                            0x08001d09   Thumb Code  1318  stm32h7xx_hal_dma.o(.text.HAL_DMA_Abort)
    HAL_DMA_Abort_IT                         0x08002231   Thumb Code   694  stm32h7xx_hal_dma.o(.text.HAL_DMA_Abort_IT)
    HAL_GPIO_EXTI_Callback                   0x080024e9   Thumb Code   144  my_interrupt.o(.text.HAL_GPIO_EXTI_Callback)
    HAL_GPIO_EXTI_IRQHandler                 0x08002581   Thumb Code    20  stm32h7xx_hal_gpio.o(.text.HAL_GPIO_EXTI_IRQHandler)
    HAL_GPIO_Init                            0x08002599   Thumb Code   422  stm32h7xx_hal_gpio.o(.text.HAL_GPIO_Init)
    HAL_GPIO_ReadPin                         0x08002741   Thumb Code    10  stm32h7xx_hal_gpio.o(.text.HAL_GPIO_ReadPin)
    HAL_GPIO_WritePin                        0x08002751   Thumb Code    10  stm32h7xx_hal_gpio.o(.text.HAL_GPIO_WritePin)
    HAL_GetTick                              0x08002761   Thumb Code    12  stm32h7xx_hal.o(.text.HAL_GetTick)
    HAL_IncTick                              0x08002771   Thumb Code    26  stm32h7xx_hal.o(.text.HAL_IncTick)
    HAL_Init                                 0x08002791   Thumb Code   100  stm32h7xx_hal.o(.text.HAL_Init)
    HAL_InitTick                             0x080027f9   Thumb Code    80  stm32h7xx_hal.o(.text.HAL_InitTick)
    HAL_MspInit                              0x08002849   Thumb Code    32  stm32h7xx_hal_msp.o(.text.HAL_MspInit)
    HAL_NVIC_EnableIRQ                       0x08002869   Thumb Code    34  stm32h7xx_hal_cortex.o(.text.HAL_NVIC_EnableIRQ)
    HAL_NVIC_SetPriority                     0x08002891   Thumb Code    90  stm32h7xx_hal_cortex.o(.text.HAL_NVIC_SetPriority)
    HAL_NVIC_SetPriorityGrouping             0x080028f1   Thumb Code    32  stm32h7xx_hal_cortex.o(.text.HAL_NVIC_SetPriorityGrouping)
    HAL_PWREx_ConfigSupply                   0x08002911   Thumb Code    76  stm32h7xx_hal_pwr_ex.o(.text.HAL_PWREx_ConfigSupply)
    HAL_RCCEx_GetD3PCLK1Freq                 0x08002961   Thumb Code    38  stm32h7xx_hal_rcc_ex.o(.text.HAL_RCCEx_GetD3PCLK1Freq)
    HAL_RCCEx_GetPLL1ClockFreq               0x08002989   Thumb Code   280  stm32h7xx_hal_rcc_ex.o(.text.HAL_RCCEx_GetPLL1ClockFreq)
    HAL_RCCEx_GetPLL2ClockFreq               0x08002ab9   Thumb Code   280  stm32h7xx_hal_rcc_ex.o(.text.HAL_RCCEx_GetPLL2ClockFreq)
    HAL_RCCEx_GetPLL3ClockFreq               0x08002be1   Thumb Code   280  stm32h7xx_hal_rcc_ex.o(.text.HAL_RCCEx_GetPLL3ClockFreq)
    HAL_RCCEx_GetPeriphCLKFreq               0x08002d09   Thumb Code   888  stm32h7xx_hal_rcc_ex.o(.text.HAL_RCCEx_GetPeriphCLKFreq)
    HAL_RCCEx_PeriphCLKConfig                0x08003081   Thumb Code  2688  stm32h7xx_hal_rcc_ex.o(.text.HAL_RCCEx_PeriphCLKConfig)
    HAL_RCC_ClockConfig                      0x08003b01   Thumb Code   596  stm32h7xx_hal_rcc.o(.text.HAL_RCC_ClockConfig)
    HAL_RCC_GetHCLKFreq                      0x08003d59   Thumb Code    76  stm32h7xx_hal_rcc.o(.text.HAL_RCC_GetHCLKFreq)
    HAL_RCC_GetPCLK1Freq                     0x08003da9   Thumb Code    96  stm32h7xx_hal_rcc.o(.text.HAL_RCC_GetPCLK1Freq)
    HAL_RCC_GetPCLK2Freq                     0x08003e09   Thumb Code    96  stm32h7xx_hal_rcc.o(.text.HAL_RCC_GetPCLK2Freq)
    HAL_RCC_GetSysClockFreq                  0x08003e69   Thumb Code   264  stm32h7xx_hal_rcc.o(.text.HAL_RCC_GetSysClockFreq)
    HAL_RCC_OscConfig                        0x08003f89   Thumb Code  1324  stm32h7xx_hal_rcc.o(.text.HAL_RCC_OscConfig)
    HAL_SYSTICK_Config                       0x080044b9   Thumb Code    46  stm32h7xx_hal_cortex.o(.text.HAL_SYSTICK_Config)
    HAL_TIMEx_Break2Callback                 0x080044e9   Thumb Code     2  stm32h7xx_hal_tim_ex.o(.text.HAL_TIMEx_Break2Callback)
    HAL_TIMEx_BreakCallback                  0x080044f1   Thumb Code     2  stm32h7xx_hal_tim_ex.o(.text.HAL_TIMEx_BreakCallback)
    HAL_TIMEx_CommutCallback                 0x080044f9   Thumb Code     2  stm32h7xx_hal_tim_ex.o(.text.HAL_TIMEx_CommutCallback)
    HAL_TIMEx_MasterConfigSynchronization    0x08004501   Thumb Code   222  stm32h7xx_hal_tim_ex.o(.text.HAL_TIMEx_MasterConfigSynchronization)
    HAL_TIM_Base_Init                        0x080045e1   Thumb Code    96  stm32h7xx_hal_tim.o(.text.HAL_TIM_Base_Init)
    HAL_TIM_Base_MspInit                     0x08004641   Thumb Code   212  stm32h7xx_hal_msp.o(.text.HAL_TIM_Base_MspInit)
    HAL_TIM_Base_Start                       0x08004719   Thumb Code   212  stm32h7xx_hal_tim.o(.text.HAL_TIM_Base_Start)
    HAL_TIM_Base_Start_IT                    0x080047f1   Thumb Code   220  stm32h7xx_hal_tim.o(.text.HAL_TIM_Base_Start_IT)
    HAL_TIM_ConfigClockSource                0x080048d1   Thumb Code   512  stm32h7xx_hal_tim.o(.text.HAL_TIM_ConfigClockSource)
    HAL_TIM_IC_CaptureCallback               0x08004ad1   Thumb Code     2  stm32h7xx_hal_tim.o(.text.HAL_TIM_IC_CaptureCallback)
    HAL_TIM_IRQHandler                       0x08004ad9   Thumb Code   364  stm32h7xx_hal_tim.o(.text.HAL_TIM_IRQHandler)
    HAL_TIM_MspPostInit                      0x08004c49   Thumb Code    90  stm32h7xx_hal_msp.o(.text.HAL_TIM_MspPostInit)
    HAL_TIM_OC_DelayElapsedCallback          0x08004ca9   Thumb Code     2  stm32h7xx_hal_tim.o(.text.HAL_TIM_OC_DelayElapsedCallback)
    HAL_TIM_PWM_ConfigChannel                0x08004cb1   Thumb Code  1202  stm32h7xx_hal_tim.o(.text.HAL_TIM_PWM_ConfigChannel)
    HAL_TIM_PWM_Init                         0x08005169   Thumb Code    96  stm32h7xx_hal_tim.o(.text.HAL_TIM_PWM_Init)
    HAL_TIM_PWM_MspInit                      0x080051c9   Thumb Code     2  stm32h7xx_hal_tim.o(.text.HAL_TIM_PWM_MspInit)
    HAL_TIM_PWM_PulseFinishedCallback        0x080051d1   Thumb Code     2  stm32h7xx_hal_tim.o(.text.HAL_TIM_PWM_PulseFinishedCallback)
    HAL_TIM_PWM_Start                        0x080051d9   Thumb Code   368  stm32h7xx_hal_tim.o(.text.HAL_TIM_PWM_Start)
    HAL_TIM_PeriodElapsedCallback            0x08005349   Thumb Code    86  my_interrupt.o(.text.HAL_TIM_PeriodElapsedCallback)
    HAL_TIM_TriggerCallback                  0x080053a1   Thumb Code     2  stm32h7xx_hal_tim.o(.text.HAL_TIM_TriggerCallback)
    HAL_UARTEx_DisableFifoMode               0x080053a9   Thumb Code    54  stm32h7xx_hal_uart_ex.o(.text.HAL_UARTEx_DisableFifoMode)
    HAL_UARTEx_RxEventCallback               0x080053e1   Thumb Code     2  stm32h7xx_hal_uart.o(.text.HAL_UARTEx_RxEventCallback)
    HAL_UARTEx_RxFifoFullCallback            0x080053e9   Thumb Code     2  stm32h7xx_hal_uart_ex.o(.text.HAL_UARTEx_RxFifoFullCallback)
    HAL_UARTEx_SetRxFifoThreshold            0x080053f1   Thumb Code   140  stm32h7xx_hal_uart_ex.o(.text.HAL_UARTEx_SetRxFifoThreshold)
    HAL_UARTEx_SetTxFifoThreshold            0x08005481   Thumb Code   140  stm32h7xx_hal_uart_ex.o(.text.HAL_UARTEx_SetTxFifoThreshold)
    HAL_UARTEx_TxFifoEmptyCallback           0x08005511   Thumb Code     2  stm32h7xx_hal_uart_ex.o(.text.HAL_UARTEx_TxFifoEmptyCallback)
    HAL_UARTEx_WakeupCallback                0x08005519   Thumb Code     2  stm32h7xx_hal_uart_ex.o(.text.HAL_UARTEx_WakeupCallback)
    HAL_UART_ErrorCallback                   0x08005521   Thumb Code     2  stm32h7xx_hal_uart.o(.text.HAL_UART_ErrorCallback)
    HAL_UART_IRQHandler                      0x08005529   Thumb Code  1650  stm32h7xx_hal_uart.o(.text.HAL_UART_IRQHandler)
    HAL_UART_Init                            0x08005ba1   Thumb Code   100  stm32h7xx_hal_uart.o(.text.HAL_UART_Init)
    HAL_UART_MspInit                         0x08005c09   Thumb Code   164  stm32h7xx_hal_msp.o(.text.HAL_UART_MspInit)
    HAL_UART_TxCpltCallback                  0x08005cb1   Thumb Code     2  stm32h7xx_hal_uart.o(.text.HAL_UART_TxCpltCallback)
    HardFault_Handler                        0x08005cb9   Thumb Code     2  stm32h7xx_it.o(.text.HardFault_Handler)
    Init_ADC                                 0x08005cc1   Thumb Code    20  no_mcu_gray_sensor.o(.text.Init_ADC)
    MemManage_Handler                        0x08005cd9   Thumb Code     2  stm32h7xx_it.o(.text.MemManage_Handler)
    NMI_Handler                              0x08005ce1   Thumb Code     2  stm32h7xx_it.o(.text.NMI_Handler)
    OLED_Clear                               0x08005ce9   Thumb Code    20  oled.o(.text.OLED_Clear)
    OLED_I2C_SendByte                        0x08005d01   Thumb Code   446  oled.o(.text.OLED_I2C_SendByte)
    OLED_Init                                0x08005ec1   Thumb Code   204  oled.o(.text.OLED_Init)
    OLED_ShowFloatNum                        0x08005f91   Thumb Code   370  oled.o(.text.OLED_ShowFloatNum)
    OLED_ShowImage                           0x08006109   Thumb Code  1510  oled.o(.text.OLED_ShowImage)
    OLED_ShowNum                             0x080066f1   Thumb Code   404  oled.o(.text.OLED_ShowNum)
    OLED_ShowString                          0x08006889   Thumb Code   166  oled.o(.text.OLED_ShowString)
    OLED_Update                              0x08006931   Thumb Code   236  oled.o(.text.OLED_Update)
    OLED_WriteCommand                        0x08006a21   Thumb Code   146  oled.o(.text.OLED_WriteCommand)
    OLED_WriteData                           0x08006ab9   Thumb Code   160  oled.o(.text.OLED_WriteData)
    PendSV_Handler                           0x08006b59   Thumb Code     2  stm32h7xx_it.o(.text.PendSV_Handler)
    SVC_Handler                              0x08006db1   Thumb Code     2  stm32h7xx_it.o(.text.SVC_Handler)
    Servo_Init                               0x08006db9   Thumb Code    28  servo.o(.text.Servo_Init)
    SysTick_Handler                          0x08006dd9   Thumb Code     4  stm32h7xx_it.o(.text.SysTick_Handler)
    SystemClock_Config                       0x08006de1   Thumb Code   200  main.o(.text.SystemClock_Config)
    SystemInit                               0x08006ea9   Thumb Code   176  system_stm32h7xx.o(.text.SystemInit)
    TIM6_DAC_IRQHandler                      0x08006f59   Thumb Code    12  stm32h7xx_it.o(.text.TIM6_DAC_IRQHandler)
    TIM7_IRQHandler                          0x08006f69   Thumb Code    12  stm32h7xx_it.o(.text.TIM7_IRQHandler)
    TIM_Base_SetConfig                       0x08006f79   Thumb Code   388  stm32h7xx_hal_tim.o(.text.TIM_Base_SetConfig)
    UART9_IRQHandler                         0x08007101   Thumb Code    12  stm32h7xx_it.o(.text.UART9_IRQHandler)
    UART_AdvFeatureConfig                    0x08007111   Thumb Code   224  stm32h7xx_hal_uart.o(.text.UART_AdvFeatureConfig)
    UART_CheckIdleState                      0x080071f1   Thumb Code   366  stm32h7xx_hal_uart.o(.text.UART_CheckIdleState)
    UART_SetConfig                           0x08007371   Thumb Code  1176  stm32h7xx_hal_uart.o(.text.UART_SetConfig)
    UART_WaitOnFlagUntilTimeout              0x08007811   Thumb Code   856  stm32h7xx_hal_uart.o(.text.UART_WaitOnFlagUntilTimeout)
    UsageFault_Handler                       0x08007b69   Thumb Code     2  stm32h7xx_it.o(.text.UsageFault_Handler)
    _sys_exit                                0x08007b71   Thumb Code     2  main.o(.text._sys_exit)
    init_all_pid_new                         0x08007b79   Thumb Code   140  fuzzypid.o(.text.init_all_pid_new)
    main                                     0x08007c09   Thumb Code  1808  main.o(.text.main)
    scan_keys                                0x08008331   Thumb Code   308  my_interrupt.o(.text.scan_keys)
    __aeabi_ul2f                             0x08008465   Thumb Code     0  ffltll_clz.o(x$fpl$ffltll)
    _ll_uto_f                                0x08008465   Thumb Code     6  ffltll_clz.o(x$fpl$ffltll)
    __aeabi_l2f                              0x0800846b   Thumb Code     0  ffltll_clz.o(x$fpl$ffltll)
    _ll_sto_f                                0x0800846b   Thumb Code    90  ffltll_clz.o(x$fpl$ffltll)
    _fp_init                                 0x080084c5   Thumb Code    26  fpinit.o(x$fpl$fpinit)
    __fplib_config_fpu_vfp                   0x080084dd   Thumb Code     0  fpinit.o(x$fpl$fpinit)
    __fplib_config_pureend_doubles           0x080084dd   Thumb Code     0  fpinit.o(x$fpl$fpinit)
    __I$use$fp                               0x080084de   Number         0  usenofp.o(x$fpl$usenofp)
    D1CorePrescTable                         0x080084ea   Data          16  system_stm32h7xx.o(.rodata.D1CorePrescTable)
    OLED_F6x8                                0x080084fa   Data         570  oled_data.o(.rodata.OLED_F6x8)
    OLED_F8x16                               0x08008734   Data        1520  oled_data.o(.rodata.OLED_F8x16)
    UARTPrescTable                           0x08008d24   Data          24  stm32h7xx_hal_uart.o(.rodata.UARTPrescTable)
    Region$$Table$$Base                      0x08008d4c   Number         0  anon$$obj.o(Region$$Table)
    Region$$Table$$Limit                     0x08008d6c   Number         0  anon$$obj.o(Region$$Table)
    uwTickFreq                               0x24000000   Data           1  stm32h7xx_hal.o(.data..L_MergedGlobals)
    uwTickPrio                               0x24000004   Data           4  stm32h7xx_hal.o(.data..L_MergedGlobals)
    SystemCoreClock                          0x24000008   Data           4  system_stm32h7xx.o(.data..L_MergedGlobals)
    SystemD2Clock                            0x2400000c   Data           4  system_stm32h7xx.o(.data..L_MergedGlobals)
    KEY_PORT                                 0x24000010   Data          16  my_interrupt.o(.data.KEY_PORT)
    onto_duty                                0x24000020   Data           2  servo.o(.data.onto_duty)
    __libspace_start                         0x24000028   Data          96  libspace.o(.bss)
    __temporary_stack_top$libspace           0x24000088   Data           0  libspace.o(.bss)
    start_time                               0x24000088   Data           4  my_interrupt.o(.bss..L_MergedGlobals)
    end_time                                 0x2400008c   Data           4  my_interrupt.o(.bss..L_MergedGlobals)
    distance_cm                              0x24000090   Data           4  my_interrupt.o(.bss..L_MergedGlobals)
    Onto                                     0x240000a0   Data           8  servo.o(.bss..L_MergedGlobals)
    OLED_DisplayBuf                          0x24000194   Data        1024  oled.o(.bss.OLED_DisplayBuf)
    grayQueue                                0x24000594   Data         552  no_mcu_gray_sensor.o(.bss.grayQueue)
    hadc1                                    0x240007bc   Data         112  main.o(.bss.hadc1)
    htim2                                    0x2400082c   Data          76  main.o(.bss.htim2)
    htim23                                   0x24000878   Data          76  main.o(.bss.htim23)
    htim6                                    0x240008c4   Data          76  main.o(.bss.htim6)
    htim7                                    0x24000910   Data          76  main.o(.bss.htim7)
    huart9                                   0x2400095c   Data         148  main.o(.bss.huart9)
    keys                                     0x240009f0   Data          24  my_interrupt.o(.bss.keys)
    pid_x                                    0x24000a08   Data          64  fuzzypid.o(.bss.pid_x)
    pid_y                                    0x24000a48   Data          64  fuzzypid.o(.bss.pid_y)
    queueData                                0x24000a88   Data          32  my_interrupt.o(.bss.queueData)
    target_point                             0x24000aa8   Data           8  packet_parser.o(.bss.target_point)
    uwTick                                   0x24000ab0   Data           4  stm32h7xx_hal.o(.bss.uwTick)



==============================================================================

Memory Map of the image

  Image Entry point : 0x080002cd

  Load Region LR_IROM1 (Base: 0x08000000, Size: 0x00008d98, Max: 0x00100000, ABSOLUTE)

    Execution Region ER_IROM1 (Exec base: 0x08000000, Load base: 0x08000000, Size: 0x00008d6c, Max: 0x00100000, ABSOLUTE)

    Exec Addr    Load Addr    Size         Type   Attr      Idx    E Section Name        Object

    0x08000000   0x08000000   0x000002cc   Data   RO            3    RESET               startup_stm32h723xx.o
    0x080002cc   0x080002cc   0x00000008   Code   RO         1866  * !!!main             c_w.l(__main.o)
    0x080002d4   0x080002d4   0x0000005c   Code   RO         2253    !!!scatter          c_w.l(__scatter.o)
    0x08000330   0x08000330   0x0000001a   Code   RO         2257    !!handler_copy      c_w.l(__scatter_copy.o)
    0x0800034a   0x0800034a   0x00000002   PAD
    0x0800034c   0x0800034c   0x00000002   Code   RO         2254    !!handler_null      c_w.l(__scatter.o)
    0x0800034e   0x0800034e   0x00000002   PAD
    0x08000350   0x08000350   0x0000001c   Code   RO         2259    !!handler_zi        c_w.l(__scatter_zi.o)
    0x0800036c   0x0800036c   0x00000002   Code   RO         2124    .ARM.Collect$$libinit$$00000000  c_w.l(libinit.o)
    0x0800036e   0x0800036e   0x00000004   Code   RO         2140    .ARM.Collect$$libinit$$00000001  c_w.l(libinit2.o)
    0x08000372   0x08000372   0x00000000   Code   RO         2143    .ARM.Collect$$libinit$$00000004  c_w.l(libinit2.o)
    0x08000372   0x08000372   0x00000000   Code   RO         2145    .ARM.Collect$$libinit$$00000006  c_w.l(libinit2.o)
    0x08000372   0x08000372   0x00000000   Code   RO         2148    .ARM.Collect$$libinit$$0000000C  c_w.l(libinit2.o)
    0x08000372   0x08000372   0x00000000   Code   RO         2150    .ARM.Collect$$libinit$$0000000E  c_w.l(libinit2.o)
    0x08000372   0x08000372   0x00000000   Code   RO         2152    .ARM.Collect$$libinit$$00000010  c_w.l(libinit2.o)
    0x08000372   0x08000372   0x00000000   Code   RO         2155    .ARM.Collect$$libinit$$00000013  c_w.l(libinit2.o)
    0x08000372   0x08000372   0x00000000   Code   RO         2157    .ARM.Collect$$libinit$$00000015  c_w.l(libinit2.o)
    0x08000372   0x08000372   0x00000000   Code   RO         2159    .ARM.Collect$$libinit$$00000017  c_w.l(libinit2.o)
    0x08000372   0x08000372   0x00000000   Code   RO         2161    .ARM.Collect$$libinit$$00000019  c_w.l(libinit2.o)
    0x08000372   0x08000372   0x00000000   Code   RO         2163    .ARM.Collect$$libinit$$0000001B  c_w.l(libinit2.o)
    0x08000372   0x08000372   0x00000000   Code   RO         2165    .ARM.Collect$$libinit$$0000001D  c_w.l(libinit2.o)
    0x08000372   0x08000372   0x00000000   Code   RO         2167    .ARM.Collect$$libinit$$0000001F  c_w.l(libinit2.o)
    0x08000372   0x08000372   0x00000000   Code   RO         2169    .ARM.Collect$$libinit$$00000021  c_w.l(libinit2.o)
    0x08000372   0x08000372   0x00000000   Code   RO         2171    .ARM.Collect$$libinit$$00000023  c_w.l(libinit2.o)
    0x08000372   0x08000372   0x00000000   Code   RO         2173    .ARM.Collect$$libinit$$00000025  c_w.l(libinit2.o)
    0x08000372   0x08000372   0x00000000   Code   RO         2175    .ARM.Collect$$libinit$$00000027  c_w.l(libinit2.o)
    0x08000372   0x08000372   0x00000000   Code   RO         2179    .ARM.Collect$$libinit$$0000002E  c_w.l(libinit2.o)
    0x08000372   0x08000372   0x00000000   Code   RO         2181    .ARM.Collect$$libinit$$00000030  c_w.l(libinit2.o)
    0x08000372   0x08000372   0x00000000   Code   RO         2183    .ARM.Collect$$libinit$$00000032  c_w.l(libinit2.o)
    0x08000372   0x08000372   0x00000000   Code   RO         2185    .ARM.Collect$$libinit$$00000034  c_w.l(libinit2.o)
    0x08000372   0x08000372   0x00000002   Code   RO         2186    .ARM.Collect$$libinit$$00000035  c_w.l(libinit2.o)
    0x08000374   0x08000374   0x00000002   Code   RO         2212    .ARM.Collect$$libshutdown$$00000000  c_w.l(libshutdown.o)
    0x08000376   0x08000376   0x00000000   Code   RO         2236    .ARM.Collect$$libshutdown$$00000002  c_w.l(libshutdown2.o)
    0x08000376   0x08000376   0x00000000   Code   RO         2238    .ARM.Collect$$libshutdown$$00000004  c_w.l(libshutdown2.o)
    0x08000376   0x08000376   0x00000000   Code   RO         2241    .ARM.Collect$$libshutdown$$00000007  c_w.l(libshutdown2.o)
    0x08000376   0x08000376   0x00000000   Code   RO         2244    .ARM.Collect$$libshutdown$$0000000A  c_w.l(libshutdown2.o)
    0x08000376   0x08000376   0x00000000   Code   RO         2246    .ARM.Collect$$libshutdown$$0000000C  c_w.l(libshutdown2.o)
    0x08000376   0x08000376   0x00000000   Code   RO         2249    .ARM.Collect$$libshutdown$$0000000F  c_w.l(libshutdown2.o)
    0x08000376   0x08000376   0x00000002   Code   RO         2250    .ARM.Collect$$libshutdown$$00000010  c_w.l(libshutdown2.o)
    0x08000378   0x08000378   0x00000000   Code   RO         1878    .ARM.Collect$$rtentry$$00000000  c_w.l(__rtentry.o)
    0x08000378   0x08000378   0x00000000   Code   RO         2020    .ARM.Collect$$rtentry$$00000002  c_w.l(__rtentry2.o)
    0x08000378   0x08000378   0x00000006   Code   RO         2032    .ARM.Collect$$rtentry$$00000004  c_w.l(__rtentry4.o)
    0x0800037e   0x0800037e   0x00000000   Code   RO         2022    .ARM.Collect$$rtentry$$00000009  c_w.l(__rtentry2.o)
    0x0800037e   0x0800037e   0x00000004   Code   RO         2023    .ARM.Collect$$rtentry$$0000000A  c_w.l(__rtentry2.o)
    0x08000382   0x08000382   0x00000000   Code   RO         2025    .ARM.Collect$$rtentry$$0000000C  c_w.l(__rtentry2.o)
    0x08000382   0x08000382   0x00000008   Code   RO         2026    .ARM.Collect$$rtentry$$0000000D  c_w.l(__rtentry2.o)
    0x0800038a   0x0800038a   0x00000002   Code   RO         2127    .ARM.Collect$$rtexit$$00000000  c_w.l(rtexit.o)
    0x0800038c   0x0800038c   0x00000000   Code   RO         2188    .ARM.Collect$$rtexit$$00000002  c_w.l(rtexit2.o)
    0x0800038c   0x0800038c   0x00000004   Code   RO         2189    .ARM.Collect$$rtexit$$00000003  c_w.l(rtexit2.o)
    0x08000390   0x08000390   0x00000006   Code   RO         2190    .ARM.Collect$$rtexit$$00000004  c_w.l(rtexit2.o)
    0x08000396   0x08000396   0x00000002   PAD
    0x08000398   0x08000398   0x00000040   Code   RO            4    .text               startup_stm32h723xx.o
    0x080003d8   0x080003d8   0x00000002   Code   RO         1840    .text               c_w.l(use_no_semi_2.o)
    0x080003da   0x080003da   0x000000f0   Code   RO         1842    .text               c_w.l(lludivv7m.o)
    0x080004ca   0x080004ca   0x0000014c   Code   RO         1848    .text               c_w.l(_scanf_int.o)
    0x08000616   0x08000616   0x00000264   Code   RO         1850    .text               c_w.l(qsortnoex.o)
    0x0800087a   0x0800087a   0x00000064   Code   RO         1858    .text               c_w.l(rt_memcpy_w.o)
    0x080008de   0x080008de   0x0000004e   Code   RO         1860    .text               c_w.l(rt_memclr_w.o)
    0x0800092c   0x0800092c   0x00000006   Code   RO         1864    .text               c_w.l(heapauxi.o)
    0x08000932   0x08000932   0x00000002   Code   RO         1876    .text               c_w.l(use_no_semi.o)
    0x08000934   0x08000934   0x0000001c   Code   RO         1976    .text               c_w.l(_chval.o)
    0x08000950   0x08000950   0x00000008   Code   RO         2069    .text               c_w.l(libspace.o)
    0x08000958   0x08000958   0x0000004a   Code   RO         2072    .text               c_w.l(sys_stackheap_outer.o)
    0x080009a2   0x080009a2   0x00000012   Code   RO         2113    .text               c_w.l(exit.o)
    0x080009b4   0x080009b4   0x00000004   PAD
    0x080009b8   0x080009b8   0x00000100   Code   RO          102    .text.ADC_ConfigureBoostMode  stm32h7xx_hal_adc.o
    0x08000ab8   0x08000ab8   0x000000f4   Code   RO          106    .text.ADC_ConversionStop  stm32h7xx_hal_adc.o
    0x08000bac   0x08000bac   0x00000004   PAD
    0x08000bb0   0x08000bb0   0x000000aa   Code   RO          114    .text.ADC_Enable    stm32h7xx_hal_adc.o
    0x08000c5a   0x08000c5a   0x00000006   PAD
    0x08000c60   0x08000c60   0x00000002   Code   RO           47    .text.BusFault_Handler  stm32h7xx_it.o
    0x08000c62   0x08000c62   0x00000006   PAD
    0x08000c68   0x08000c68   0x00000032   Code   RO         1582    .text.DWT_Init      delay.o
    0x08000c9a   0x08000c9a   0x00000006   PAD
    0x08000ca0   0x08000ca0   0x00000002   Code   RO           53    .text.DebugMon_Handler  stm32h7xx_it.o
    0x08000ca2   0x08000ca2   0x00000006   PAD
    0x08000ca8   0x08000ca8   0x0000007e   Code   RO         1588    .text.Delay_ms      delay.o
    0x08000d26   0x08000d26   0x00000002   PAD
    0x08000d28   0x08000d28   0x0000003c   Code   RO         1584    .text.Delay_ns      delay.o
    0x08000d64   0x08000d64   0x00000004   PAD
    0x08000d68   0x08000d68   0x00000054   Code   RO         1586    .text.Delay_us      delay.o
    0x08000dbc   0x08000dbc   0x00000004   PAD
    0x08000dc0   0x08000dc0   0x00000008   Code   RO           59    .text.EXTI9_5_IRQHandler  stm32h7xx_it.o
    0x08000dc8   0x08000dc8   0x0000000a   Code   RO           23    .text.Error_Handler  main.o
    0x08000dd2   0x08000dd2   0x00000006   PAD
    0x08000dd8   0x08000dd8   0x00000022   Code   RO         1777    .text.Float_Compare  no_mcu_gray_sensor.o
    0x08000dfa   0x08000dfa   0x00000006   PAD
    0x08000e00   0x08000e00   0x00000028   Code   RO         1773    .text.GraySensor_GetFilteredData  no_mcu_gray_sensor.o
    0x08000e28   0x08000e28   0x0000003a   Code   RO         1767    .text.GraySensor_Init  no_mcu_gray_sensor.o
    0x08000e62   0x08000e62   0x00000006   PAD
    0x08000e68   0x08000e68   0x00000018   Code   RO         1771    .text.GraySensor_SetFilter  no_mcu_gray_sensor.o
    0x08000e80   0x08000e80   0x000001dc   Code   RO         1769    .text.GraySensor_Update  no_mcu_gray_sensor.o
    0x0800105c   0x0800105c   0x00000004   PAD
    0x08001060   0x08001060   0x000000b8   Code   RO          214    .text.HAL_ADCEx_MultiModeConfigChannel  stm32h7xx_hal_adc_ex.o
    0x08001118   0x08001118   0x00000518   Code   RO          148    .text.HAL_ADC_ConfigChannel  stm32h7xx_hal_adc.o
    0x08001630   0x08001630   0x00000006   Code   RO          136    .text.HAL_ADC_GetValue  stm32h7xx_hal_adc.o
    0x08001636   0x08001636   0x00000002   PAD
    0x08001638   0x08001638   0x000002fe   Code   RO           98    .text.HAL_ADC_Init  stm32h7xx_hal_adc.o
    0x08001936   0x08001936   0x00000002   PAD
    0x08001938   0x08001938   0x000000a2   Code   RO           76    .text.HAL_ADC_MspInit  stm32h7xx_hal_msp.o
    0x080019da   0x080019da   0x00000006   PAD
    0x080019e0   0x080019e0   0x00000168   Code   RO          118    .text.HAL_ADC_PollForConversion  stm32h7xx_hal_adc.o
    0x08001b48   0x08001b48   0x00000106   Code   RO          112    .text.HAL_ADC_Start  stm32h7xx_hal_adc.o
    0x08001c4e   0x08001c4e   0x00000002   PAD
    0x08001c50   0x08001c50   0x000000b4   Code   RO          116    .text.HAL_ADC_Stop  stm32h7xx_hal_adc.o
    0x08001d04   0x08001d04   0x00000004   PAD
    0x08001d08   0x08001d08   0x00000526   Code   RO          459    .text.HAL_DMA_Abort  stm32h7xx_hal_dma.o
    0x0800222e   0x0800222e   0x00000002   PAD
    0x08002230   0x08002230   0x000002b6   Code   RO          461    .text.HAL_DMA_Abort_IT  stm32h7xx_hal_dma.o
    0x080024e6   0x080024e6   0x00000002   PAD
    0x080024e8   0x080024e8   0x00000098   Code   RO         1604    .text.HAL_GPIO_EXTI_Callback  my_interrupt.o
    0x08002580   0x08002580   0x00000014   Code   RO          405    .text.HAL_GPIO_EXTI_IRQHandler  stm32h7xx_hal_gpio.o
    0x08002594   0x08002594   0x00000004   PAD
    0x08002598   0x08002598   0x000001a6   Code   RO          393    .text.HAL_GPIO_Init  stm32h7xx_hal_gpio.o
    0x0800273e   0x0800273e   0x00000002   PAD
    0x08002740   0x08002740   0x0000000a   Code   RO          397    .text.HAL_GPIO_ReadPin  stm32h7xx_hal_gpio.o
    0x0800274a   0x0800274a   0x00000006   PAD
    0x08002750   0x08002750   0x0000000a   Code   RO          399    .text.HAL_GPIO_WritePin  stm32h7xx_hal_gpio.o
    0x0800275a   0x0800275a   0x00000006   PAD
    0x08002760   0x08002760   0x0000000c   Code   RO          745    .text.HAL_GetTick   stm32h7xx_hal.o
    0x0800276c   0x0800276c   0x00000004   PAD
    0x08002770   0x08002770   0x0000001a   Code   RO          743    .text.HAL_IncTick   stm32h7xx_hal.o
    0x0800278a   0x0800278a   0x00000006   PAD
    0x08002790   0x08002790   0x00000064   Code   RO          733    .text.HAL_Init      stm32h7xx_hal.o
    0x080027f4   0x080027f4   0x00000004   PAD
    0x080027f8   0x080027f8   0x00000050   Code   RO          735    .text.HAL_InitTick  stm32h7xx_hal.o
    0x08002848   0x08002848   0x00000020   Code   RO           74    .text.HAL_MspInit   stm32h7xx_hal_msp.o
    0x08002868   0x08002868   0x00000022   Code   RO          685    .text.HAL_NVIC_EnableIRQ  stm32h7xx_hal_cortex.o
    0x0800288a   0x0800288a   0x00000006   PAD
    0x08002890   0x08002890   0x0000005a   Code   RO          683    .text.HAL_NVIC_SetPriority  stm32h7xx_hal_cortex.o
    0x080028ea   0x080028ea   0x00000006   PAD
    0x080028f0   0x080028f0   0x00000020   Code   RO          681    .text.HAL_NVIC_SetPriorityGrouping  stm32h7xx_hal_cortex.o
    0x08002910   0x08002910   0x0000004c   Code   RO          597    .text.HAL_PWREx_ConfigSupply  stm32h7xx_hal_pwr_ex.o
    0x0800295c   0x0800295c   0x00000004   PAD
    0x08002960   0x08002960   0x00000026   Code   RO          284    .text.HAL_RCCEx_GetD3PCLK1Freq  stm32h7xx_hal_rcc_ex.o
    0x08002986   0x08002986   0x00000002   PAD
    0x08002988   0x08002988   0x0000012c   Code   RO          278    .text.HAL_RCCEx_GetPLL1ClockFreq  stm32h7xx_hal_rcc_ex.o
    0x08002ab4   0x08002ab4   0x00000004   PAD
    0x08002ab8   0x08002ab8   0x00000128   Code   RO          280    .text.HAL_RCCEx_GetPLL2ClockFreq  stm32h7xx_hal_rcc_ex.o
    0x08002be0   0x08002be0   0x00000128   Code   RO          282    .text.HAL_RCCEx_GetPLL3ClockFreq  stm32h7xx_hal_rcc_ex.o
    0x08002d08   0x08002d08   0x00000378   Code   RO          276    .text.HAL_RCCEx_GetPeriphCLKFreq  stm32h7xx_hal_rcc_ex.o
    0x08003080   0x08003080   0x00000a80   Code   RO          268    .text.HAL_RCCEx_PeriphCLKConfig  stm32h7xx_hal_rcc_ex.o
    0x08003b00   0x08003b00   0x00000254   Code   RO          236    .text.HAL_RCC_ClockConfig  stm32h7xx_hal_rcc.o
    0x08003d54   0x08003d54   0x00000004   PAD
    0x08003d58   0x08003d58   0x0000004c   Code   RO          246    .text.HAL_RCC_GetHCLKFreq  stm32h7xx_hal_rcc.o
    0x08003da4   0x08003da4   0x00000004   PAD
    0x08003da8   0x08003da8   0x00000060   Code   RO          248    .text.HAL_RCC_GetPCLK1Freq  stm32h7xx_hal_rcc.o
    0x08003e08   0x08003e08   0x00000060   Code   RO          250    .text.HAL_RCC_GetPCLK2Freq  stm32h7xx_hal_rcc.o
    0x08003e68   0x08003e68   0x0000011c   Code   RO          238    .text.HAL_RCC_GetSysClockFreq  stm32h7xx_hal_rcc.o
    0x08003f84   0x08003f84   0x00000004   PAD
    0x08003f88   0x08003f88   0x0000052c   Code   RO          234    .text.HAL_RCC_OscConfig  stm32h7xx_hal_rcc.o
    0x080044b4   0x080044b4   0x00000004   PAD
    0x080044b8   0x080044b8   0x0000002e   Code   RO          693    .text.HAL_SYSTICK_Config  stm32h7xx_hal_cortex.o
    0x080044e6   0x080044e6   0x00000002   PAD
    0x080044e8   0x080044e8   0x00000002   Code   RO         1368    .text.HAL_TIMEx_Break2Callback  stm32h7xx_hal_tim_ex.o
    0x080044ea   0x080044ea   0x00000006   PAD
    0x080044f0   0x080044f0   0x00000002   Code   RO         1366    .text.HAL_TIMEx_BreakCallback  stm32h7xx_hal_tim_ex.o
    0x080044f2   0x080044f2   0x00000006   PAD
    0x080044f8   0x080044f8   0x00000002   Code   RO         1362    .text.HAL_TIMEx_CommutCallback  stm32h7xx_hal_tim_ex.o
    0x080044fa   0x080044fa   0x00000006   PAD
    0x08004500   0x08004500   0x000000de   Code   RO         1346    .text.HAL_TIMEx_MasterConfigSynchronization  stm32h7xx_hal_tim_ex.o
    0x080045de   0x080045de   0x00000002   PAD
    0x080045e0   0x080045e0   0x00000060   Code   RO         1051    .text.HAL_TIM_Base_Init  stm32h7xx_hal_tim.o
    0x08004640   0x08004640   0x000000d4   Code   RO           80    .text.HAL_TIM_Base_MspInit  stm32h7xx_hal_msp.o
    0x08004714   0x08004714   0x00000004   PAD
    0x08004718   0x08004718   0x000000d4   Code   RO         1061    .text.HAL_TIM_Base_Start  stm32h7xx_hal_tim.o
    0x080047ec   0x080047ec   0x00000004   PAD
    0x080047f0   0x080047f0   0x000000dc   Code   RO         1065    .text.HAL_TIM_Base_Start_IT  stm32h7xx_hal_tim.o
    0x080048cc   0x080048cc   0x00000004   PAD
    0x080048d0   0x080048d0   0x00000200   Code   RO         1231    .text.HAL_TIM_ConfigClockSource  stm32h7xx_hal_tim.o
    0x08004ad0   0x08004ad0   0x00000002   Code   RO         1187    .text.HAL_TIM_IC_CaptureCallback  stm32h7xx_hal_tim.o
    0x08004ad2   0x08004ad2   0x00000006   PAD
    0x08004ad8   0x08004ad8   0x0000016c   Code   RO         1185    .text.HAL_TIM_IRQHandler  stm32h7xx_hal_tim.o
    0x08004c44   0x08004c44   0x00000004   PAD
    0x08004c48   0x08004c48   0x0000005a   Code   RO           82    .text.HAL_TIM_MspPostInit  stm32h7xx_hal_msp.o
    0x08004ca2   0x08004ca2   0x00000006   PAD
    0x08004ca8   0x08004ca8   0x00000002   Code   RO         1189    .text.HAL_TIM_OC_DelayElapsedCallback  stm32h7xx_hal_tim.o
    0x08004caa   0x08004caa   0x00000006   PAD
    0x08004cb0   0x08004cb0   0x000004b2   Code   RO         1205    .text.HAL_TIM_PWM_ConfigChannel  stm32h7xx_hal_tim.o
    0x08005162   0x08005162   0x00000006   PAD
    0x08005168   0x08005168   0x00000060   Code   RO         1105    .text.HAL_TIM_PWM_Init  stm32h7xx_hal_tim.o
    0x080051c8   0x080051c8   0x00000002   Code   RO         1107    .text.HAL_TIM_PWM_MspInit  stm32h7xx_hal_tim.o
    0x080051ca   0x080051ca   0x00000006   PAD
    0x080051d0   0x080051d0   0x00000002   Code   RO         1191    .text.HAL_TIM_PWM_PulseFinishedCallback  stm32h7xx_hal_tim.o
    0x080051d2   0x080051d2   0x00000006   PAD
    0x080051d8   0x080051d8   0x00000170   Code   RO         1113    .text.HAL_TIM_PWM_Start  stm32h7xx_hal_tim.o
    0x08005348   0x08005348   0x00000056   Code   RO         1602    .text.HAL_TIM_PeriodElapsedCallback  my_interrupt.o
    0x0800539e   0x0800539e   0x00000002   PAD
    0x080053a0   0x080053a0   0x00000002   Code   RO         1195    .text.HAL_TIM_TriggerCallback  stm32h7xx_hal_tim.o
    0x080053a2   0x080053a2   0x00000006   PAD
    0x080053a8   0x080053a8   0x00000036   Code   RO         1545    .text.HAL_UARTEx_DisableFifoMode  stm32h7xx_hal_uart_ex.o
    0x080053de   0x080053de   0x00000002   PAD
    0x080053e0   0x080053e0   0x00000002   Code   RO         1472    .text.HAL_UARTEx_RxEventCallback  stm32h7xx_hal_uart.o
    0x080053e2   0x080053e2   0x00000006   PAD
    0x080053e8   0x080053e8   0x00000002   Code   RO         1531    .text.HAL_UARTEx_RxFifoFullCallback  stm32h7xx_hal_uart_ex.o
    0x080053ea   0x080053ea   0x00000006   PAD
    0x080053f0   0x080053f0   0x0000008c   Code   RO         1549    .text.HAL_UARTEx_SetRxFifoThreshold  stm32h7xx_hal_uart_ex.o
    0x0800547c   0x0800547c   0x00000004   PAD
    0x08005480   0x08005480   0x0000008c   Code   RO         1547    .text.HAL_UARTEx_SetTxFifoThreshold  stm32h7xx_hal_uart_ex.o
    0x0800550c   0x0800550c   0x00000004   PAD
    0x08005510   0x08005510   0x00000002   Code   RO         1533    .text.HAL_UARTEx_TxFifoEmptyCallback  stm32h7xx_hal_uart_ex.o
    0x08005512   0x08005512   0x00000006   PAD
    0x08005518   0x08005518   0x00000002   Code   RO         1529    .text.HAL_UARTEx_WakeupCallback  stm32h7xx_hal_uart_ex.o
    0x0800551a   0x0800551a   0x00000006   PAD
    0x08005520   0x08005520   0x00000002   Code   RO         1470    .text.HAL_UART_ErrorCallback  stm32h7xx_hal_uart.o
    0x08005522   0x08005522   0x00000006   PAD
    0x08005528   0x08005528   0x00000672   Code   RO         1466    .text.HAL_UART_IRQHandler  stm32h7xx_hal_uart.o
    0x08005b9a   0x08005b9a   0x00000006   PAD
    0x08005ba0   0x08005ba0   0x00000064   Code   RO         1382    .text.HAL_UART_Init  stm32h7xx_hal_uart.o
    0x08005c04   0x08005c04   0x00000004   PAD
    0x08005c08   0x08005c08   0x000000a4   Code   RO           86    .text.HAL_UART_MspInit  stm32h7xx_hal_msp.o
    0x08005cac   0x08005cac   0x00000004   PAD
    0x08005cb0   0x08005cb0   0x00000002   Code   RO         1474    .text.HAL_UART_TxCpltCallback  stm32h7xx_hal_uart.o
    0x08005cb2   0x08005cb2   0x00000006   PAD
    0x08005cb8   0x08005cb8   0x00000002   Code   RO           43    .text.HardFault_Handler  stm32h7xx_it.o
    0x08005cba   0x08005cba   0x00000006   PAD
    0x08005cc0   0x08005cc0   0x00000014   Code   RO         1765    .text.Init_ADC      no_mcu_gray_sensor.o
    0x08005cd4   0x08005cd4   0x00000004   PAD
    0x08005cd8   0x08005cd8   0x00000002   Code   RO           45    .text.MemManage_Handler  stm32h7xx_it.o
    0x08005cda   0x08005cda   0x00000006   PAD
    0x08005ce0   0x08005ce0   0x00000002   Code   RO           41    .text.NMI_Handler   stm32h7xx_it.o
    0x08005ce2   0x08005ce2   0x00000006   PAD
    0x08005ce8   0x08005ce8   0x00000014   Code   RO         1641    .text.OLED_Clear    oled.o
    0x08005cfc   0x08005cfc   0x00000004   PAD
    0x08005d00   0x08005d00   0x000001be   Code   RO         1633    .text.OLED_I2C_SendByte  oled.o
    0x08005ebe   0x08005ebe   0x00000002   PAD
    0x08005ec0   0x08005ec0   0x000000cc   Code   RO         1639    .text.OLED_Init     oled.o
    0x08005f8c   0x08005f8c   0x00000004   PAD
    0x08005f90   0x08005f90   0x00000172   Code   RO         1675    .text.OLED_ShowFloatNum  oled.o
    0x08006102   0x08006102   0x00000006   PAD
    0x08006108   0x08006108   0x000005e6   Code   RO         1663    .text.OLED_ShowImage  oled.o
    0x080066ee   0x080066ee   0x00000002   PAD
    0x080066f0   0x080066f0   0x00000194   Code   RO         1667    .text.OLED_ShowNum  oled.o
    0x08006884   0x08006884   0x00000004   PAD
    0x08006888   0x08006888   0x000000a6   Code   RO         1665    .text.OLED_ShowString  oled.o
    0x0800692e   0x0800692e   0x00000002   PAD
    0x08006930   0x08006930   0x000000ec   Code   RO         1643    .text.OLED_Update   oled.o
    0x08006a1c   0x08006a1c   0x00000004   PAD
    0x08006a20   0x08006a20   0x00000092   Code   RO         1635    .text.OLED_WriteCommand  oled.o
    0x08006ab2   0x08006ab2   0x00000006   PAD
    0x08006ab8   0x08006ab8   0x000000a0   Code   RO         1637    .text.OLED_WriteData  oled.o
    0x08006b58   0x08006b58   0x00000002   Code   RO           55    .text.PendSV_Handler  stm32h7xx_it.o
    0x08006b5a   0x08006b5a   0x00000006   PAD
    0x08006b60   0x08006b60   0x00000122   Code   RO          270    .text.RCCEx_PLL2_Config  stm32h7xx_hal_rcc_ex.o
    0x08006c82   0x08006c82   0x00000006   PAD
    0x08006c88   0x08006c88   0x00000122   Code   RO          272    .text.RCCEx_PLL3_Config  stm32h7xx_hal_rcc_ex.o
    0x08006daa   0x08006daa   0x00000006   PAD
    0x08006db0   0x08006db0   0x00000002   Code   RO           51    .text.SVC_Handler   stm32h7xx_it.o
    0x08006db2   0x08006db2   0x00000006   PAD
    0x08006db8   0x08006db8   0x0000001c   Code   RO         1734    .text.Servo_Init    servo.o
    0x08006dd4   0x08006dd4   0x00000004   PAD
    0x08006dd8   0x08006dd8   0x00000004   Code   RO           57    .text.SysTick_Handler  stm32h7xx_it.o
    0x08006ddc   0x08006ddc   0x00000004   PAD
    0x08006de0   0x08006de0   0x000000c8   Code   RO           21    .text.SystemClock_Config  main.o
    0x08006ea8   0x08006ea8   0x000000b0   Code   RO         1568    .text.SystemInit    system_stm32h7xx.o
    0x08006f58   0x08006f58   0x0000000c   Code   RO           61    .text.TIM6_DAC_IRQHandler  stm32h7xx_it.o
    0x08006f64   0x08006f64   0x00000004   PAD
    0x08006f68   0x08006f68   0x0000000c   Code   RO           63    .text.TIM7_IRQHandler  stm32h7xx_it.o
    0x08006f74   0x08006f74   0x00000004   PAD
    0x08006f78   0x08006f78   0x00000184   Code   RO         1055    .text.TIM_Base_SetConfig  stm32h7xx_hal_tim.o
    0x080070fc   0x080070fc   0x00000004   PAD
    0x08007100   0x08007100   0x0000000c   Code   RO           65    .text.UART9_IRQHandler  stm32h7xx_it.o
    0x0800710c   0x0800710c   0x00000004   PAD
    0x08007110   0x08007110   0x000000e0   Code   RO         1386    .text.UART_AdvFeatureConfig  stm32h7xx_hal_uart.o
    0x080071f0   0x080071f0   0x0000016e   Code   RO         1390    .text.UART_CheckIdleState  stm32h7xx_hal_uart.o
    0x0800735e   0x0800735e   0x00000002   PAD
    0x08007360   0x08007360   0x00000010   Code   RO         1468    .text.UART_DMAAbortOnError  stm32h7xx_hal_uart.o
    0x08007370   0x08007370   0x000004a0   Code   RO         1388    .text.UART_SetConfig  stm32h7xx_hal_uart.o
    0x08007810   0x08007810   0x00000358   Code   RO         1404    .text.UART_WaitOnFlagUntilTimeout  stm32h7xx_hal_uart.o
    0x08007b68   0x08007b68   0x00000002   Code   RO           49    .text.UsageFault_Handler  stm32h7xx_it.o
    0x08007b6a   0x08007b6a   0x00000006   PAD
    0x08007b70   0x08007b70   0x00000002   Code   RO           13    .text._sys_exit     main.o
    0x08007b72   0x08007b72   0x00000006   PAD
    0x08007b78   0x08007b78   0x0000008c   Code   RO         1816    .text.init_all_pid_new  fuzzypid.o
    0x08007c04   0x08007c04   0x00000004   PAD
    0x08007c08   0x08007c08   0x00000724   Code   RO           19    .text.main          main.o
    0x0800832c   0x0800832c   0x00000004   PAD
    0x08008330   0x08008330   0x00000134   Code   RO         1600    .text.scan_keys     my_interrupt.o
    0x08008464   0x08008464   0x00000060   Code   RO         1868    x$fpl$ffltll        fz_wv.l(ffltll_clz.o)
    0x080084c4   0x080084c4   0x0000001a   Code   RO         2202    x$fpl$fpinit        fz_wv.l(fpinit.o)
    0x080084de   0x080084de   0x00000000   Code   RO         1990    x$fpl$usenofp       fz_wv.l(usenofp.o)
    0x080084de   0x080084de   0x00000006   Data   RO         1517    .rodata..Lswitch.table.UART_SetConfig.7  stm32h7xx_hal_uart.o
    0x080084e4   0x080084e4   0x00000006   Data   RO         1518    .rodata..Lswitch.table.UART_SetConfig.9  stm32h7xx_hal_uart.o
    0x080084ea   0x080084ea   0x00000010   Data   RO         1572    .rodata.D1CorePrescTable  system_stm32h7xx.o
    0x080084fa   0x080084fa   0x0000023a   Data   RO         1707    .rodata.OLED_F6x8   oled_data.o
    0x08008734   0x08008734   0x000005f0   Data   RO         1706    .rodata.OLED_F8x16  oled_data.o
    0x08008d24   0x08008d24   0x00000018   Data   RO         1516    .rodata.UARTPrescTable  stm32h7xx_hal_uart.o
    0x08008d3c   0x08008d3c   0x00000010   Data   RO         1559    .rodata.cst8        stm32h7xx_hal_uart_ex.o
    0x08008d4c   0x08008d4c   0x00000020   Data   RO         2252    Region$$Table       anon$$obj.o


    Execution Region RW_IRAM1 (Exec base: 0x20000000, Load base: 0x08008d6c, Size: 0x00000000, Max: 0x00020000, ABSOLUTE)

    **** No section assigned to this execution region ****


    Execution Region RW_IRAM2 (Exec base: 0x24000000, Load base: 0x08008d70, Size: 0x000010b8, Max: 0x00050000, ABSOLUTE)

    Exec Addr    Load Addr    Size         Type   Attr      Idx    E Section Name        Object

    0x24000000   0x08008d70   0x00000008   Data   RW          842    .data..L_MergedGlobals  stm32h7xx_hal.o
    0x24000008   0x08008d78   0x00000008   Data   RW         1573    .data..L_MergedGlobals  system_stm32h7xx.o
    0x24000010   0x08008d80   0x00000010   Data   RW         1606    .data.KEY_PORT      my_interrupt.o
    0x24000020   0x08008d90   0x00000002   Data   RW         1752    .data.onto_duty     servo.o
    0x24000022   0x08008d92   0x00000006   PAD
    0x24000028        -       0x00000060   Zero   RW         2070    .bss                c_w.l(libspace.o)
    0x24000088        -       0x0000000c   Zero   RW         1614    .bss..L_MergedGlobals  my_interrupt.o
    0x24000094        -       0x00000014   Zero   RW         1756    .bss..L_MergedGlobals  servo.o
    0x240000a8        -       0x00000009   Zero   RW         1781    .bss..L_MergedGlobals  no_mcu_gray_sensor.o
    0x240000b1   0x08008d92   0x00000003   PAD
    0x240000b4        -       0x000000e0   Zero   RW         1779    .bss.GraySensor_Update.ch_history  no_mcu_gray_sensor.o
    0x24000194        -       0x00000400   Zero   RW         1697    .bss.OLED_DisplayBuf  oled.o
    0x24000594        -       0x00000228   Zero   RW         1780    .bss.grayQueue      no_mcu_gray_sensor.o
    0x240007bc        -       0x00000070   Zero   RW           28    .bss.hadc1          main.o
    0x2400082c        -       0x0000004c   Zero   RW           27    .bss.htim2          main.o
    0x24000878        -       0x0000004c   Zero   RW           26    .bss.htim23         main.o
    0x240008c4        -       0x0000004c   Zero   RW           29    .bss.htim6          main.o
    0x24000910        -       0x0000004c   Zero   RW           30    .bss.htim7          main.o
    0x2400095c        -       0x00000094   Zero   RW           25    .bss.huart9         main.o
    0x240009f0        -       0x00000018   Zero   RW         1610    .bss.keys           my_interrupt.o
    0x24000a08        -       0x00000040   Zero   RW         1829    .bss.pid_x          fuzzypid.o
    0x24000a48        -       0x00000040   Zero   RW         1830    .bss.pid_y          fuzzypid.o
    0x24000a88        -       0x00000020   Zero   RW         1613    .bss.queueData      my_interrupt.o
    0x24000aa8        -       0x00000008   Zero   RW         1793    .bss.target_point   packet_parser.o
    0x24000ab0        -       0x00000004   Zero   RW          841    .bss.uwTick         stm32h7xx_hal.o
    0x24000ab4   0x08008d92   0x00000004   PAD
    0x24000ab8        -       0x00000200   Zero   RW            2    HEAP                startup_stm32h723xx.o
    0x24000cb8        -       0x00000400   Zero   RW            1    STACK               startup_stm32h723xx.o


==============================================================================

Image component sizes


      Code (inc. data)   RO Data    RW Data    ZI Data      Debug   Object Name

       320          0          0          0          0       3251   delay.o
       140          0          0          0        128       8625   fuzzypid.o
      2040         20          0          0        564      19720   main.o
       546          8          0         16         68       6358   my_interrupt.o
       652          4          0          0        785       8609   no_mcu_gray_sensor.o
      3662          0          0          0       1024      50283   oled.o
         0          0       2090          0          0        787   oled_data.o
         0          0          0          0          8       1379   packet_parser.o
        28          0          0          2         20       6747   servo.o
        64         26        716          0       1536        836   startup_stm32h723xx.o
       218          0          0          8          4      16003   stm32h7xx_hal.o
      3548         12          0          0          0      31877   stm32h7xx_hal_adc.o
       184          0          0          0          0      32336   stm32h7xx_hal_adc_ex.o
       202          0          0          0          0      12416   stm32h7xx_hal_cortex.o
      2012          0          0          0          0      18218   stm32h7xx_hal_dma.o
       462          0          0          0          0       6996   stm32h7xx_hal_gpio.o
       660          0          0          0          0      16711   stm32h7xx_hal_msp.o
        76          0          0          0          0       9731   stm32h7xx_hal_pwr_ex.o
      2472         24          0          0          0      11672   stm32h7xx_hal_rcc.o
      5086        246          0          0          0      20049   stm32h7xx_hal_rcc_ex.o
      3468         20          0          0          0      67493   stm32h7xx_hal_tim.o
       228          0          0          0          0      27274   stm32h7xx_hal_tim_ex.o
      4402        332         36          0          0      43803   stm32h7xx_hal_uart.o
       340          0         16          0          0      11574   stm32h7xx_hal_uart_ex.o
        64          0          0          0          0       6932   stm32h7xx_it.o
       176          0         16          8          0       5269   system_stm32h7xx.o

    ----------------------------------------------------------------------
     31468        708       2906         36       4148     444949   Object Totals
         0          0         32          0          0          0   (incl. Generated)
       418         16          0          2         11          0   (incl. Padding)

    ----------------------------------------------------------------------

      Code (inc. data)   RO Data    RW Data    ZI Data      Debug   Library Member Name

         8          0          0          0          0         68   __main.o
         0          0          0          0          0          0   __rtentry.o
        12          0          0          0          0          0   __rtentry2.o
         6          0          0          0          0          0   __rtentry4.o
        94          8          0          0          0          0   __scatter.o
        26          0          0          0          0          0   __scatter_copy.o
        28          0          0          0          0          0   __scatter_zi.o
        28          0          0          0          0         68   _chval.o
       332          0          0          0          0         96   _scanf_int.o
        18          0          0          0          0         80   exit.o
         6          0          0          0          0        152   heapauxi.o
         2          0          0          0          0          0   libinit.o
         6          0          0          0          0          0   libinit2.o
         2          0          0          0          0          0   libshutdown.o
         2          0          0          0          0          0   libshutdown2.o
         8          4          0          0         96         68   libspace.o
       240          0          0          0          0        100   lludivv7m.o
       612          0          0          0          0        136   qsortnoex.o
        78          0          0          0          0         80   rt_memclr_w.o
       100          0          0          0          0         80   rt_memcpy_w.o
         2          0          0          0          0          0   rtexit.o
        10          0          0          0          0          0   rtexit2.o
        74          0          0          0          0         80   sys_stackheap_outer.o
         2          0          0          0          0         68   use_no_semi.o
         2          0          0          0          0         68   use_no_semi_2.o
        96          0          0          0          0        132   ffltll_clz.o
        26          0          0          0          0        116   fpinit.o
         0          0          0          0          0          0   usenofp.o

    ----------------------------------------------------------------------
      1830         12          0          0         96       1392   Library Totals
        10          0          0          0          0          0   (incl. Padding)

    ----------------------------------------------------------------------

      Code (inc. data)   RO Data    RW Data    ZI Data      Debug   Library Name

      1698         12          0          0         96       1144   c_w.l
       122          0          0          0          0        248   fz_wv.l

    ----------------------------------------------------------------------
      1830         12          0          0         96       1392   Library Totals

    ----------------------------------------------------------------------

==============================================================================


      Code (inc. data)   RO Data    RW Data    ZI Data      Debug   

     33298        720       2906         36       4244     445401   Grand Totals
     33298        720       2906         36       4244     445401   ELF Image Totals
     33298        720       2906         36          0          0   ROM Totals

==============================================================================

    Total RO  Size (Code + RO Data)                36204 (  35.36kB)
    Total RW  Size (RW Data + ZI Data)              4280 (   4.18kB)
    Total ROM Size (Code + RO Data + RW Data)      36240 (  35.39kB)

==============================================================================

